Component: Arm Compiler for Embedded 6.22 Tool: armlink [5ee90200]

==============================================================================

Section Cross References

    empty.o(.text.main) refers to ti_msp_dl_config.o(.text.SYSCFG_DL_init) for SYSCFG_DL_init
    empty.o(.text.main) refers to usart.o(.text.USART_Init) for USART_Init
    empty.o(.text.main) refers to bsp_camera_usart.o(.text.Camera_Vision_Init) for Camera_Vision_Init
    empty.o(.text.main) refers to vision_servo_test.o(.text.Vision_Servo_Test_Init) for Vision_Servo_Test_Init
    empty.o(.text.main) refers to printfa.o(i.__0printf) for printf
    empty.o(.text.main) refers to bsp_camera_usart.o(.text.Camera_Vision_Process) for Camera_Vision_Process
    empty.o(.text.main) refers to vision_servo_test.o(.text.Vision_Servo_Test_Update) for Vision_Servo_Test_Update
    empty.o(.text.main) refers to empty.o(.rodata.str1.1) for [Anonymous Symbol]
    empty.o(.ARM.exidx.text.main) refers to empty.o(.text.main) for [Anonymous Symbol]
    startup_mspm0g350x_uvision.o(RESET) refers to startup_mspm0g350x_uvision.o(STACK) for __initial_sp
    startup_mspm0g350x_uvision.o(RESET) refers to startup_mspm0g350x_uvision.o(.text) for Reset_Handler
    startup_mspm0g350x_uvision.o(RESET) refers to bsp_camera_usart.o(.text.UART3_IRQHandler) for UART3_IRQHandler
    startup_mspm0g350x_uvision.o(RESET) refers to bsp_motor_usart.o(.text.UART1_IRQHandler) for UART1_IRQHandler
    startup_mspm0g350x_uvision.o(RESET) refers to usart.o(.text.UART0_IRQHandler) for UART0_IRQHandler
    startup_mspm0g350x_uvision.o(RESET) refers to bsp_camera_usart.o(.text.TIMG12_IRQHandler) for TIMG12_IRQHandler
    startup_mspm0g350x_uvision.o(.text) refers to entry.o(.ARM.Collect$$$$00000000) for __main
    ti_msp_dl_config.o(.text.SYSCFG_DL_init) refers to ti_msp_dl_config.o(.text.SYSCFG_DL_initPower) for SYSCFG_DL_initPower
    ti_msp_dl_config.o(.text.SYSCFG_DL_init) refers to ti_msp_dl_config.o(.text.SYSCFG_DL_GPIO_init) for SYSCFG_DL_GPIO_init
    ti_msp_dl_config.o(.text.SYSCFG_DL_init) refers to ti_msp_dl_config.o(.text.SYSCFG_DL_SYSCTL_init) for SYSCFG_DL_SYSCTL_init
    ti_msp_dl_config.o(.text.SYSCFG_DL_init) refers to ti_msp_dl_config.o(.text.SYSCFG_DL_SERVO_PWM_init) for SYSCFG_DL_SERVO_PWM_init
    ti_msp_dl_config.o(.text.SYSCFG_DL_init) refers to ti_msp_dl_config.o(.text.SYSCFG_DL_I2C_0_init) for SYSCFG_DL_I2C_0_init
    ti_msp_dl_config.o(.text.SYSCFG_DL_init) refers to ti_msp_dl_config.o(.text.SYSCFG_DL_UART_0_init) for SYSCFG_DL_UART_0_init
    ti_msp_dl_config.o(.text.SYSCFG_DL_init) refers to ti_msp_dl_config.o(.text.SYSCFG_DL_UART_1_init) for SYSCFG_DL_UART_1_init
    ti_msp_dl_config.o(.text.SYSCFG_DL_init) refers to ti_msp_dl_config.o(.text.SYSCFG_DL_UART_3_init) for SYSCFG_DL_UART_3_init
    ti_msp_dl_config.o(.text.SYSCFG_DL_init) refers to ti_msp_dl_config.o(.text.SYSCFG_DL_SYSTICK_init) for SYSCFG_DL_SYSTICK_init
    ti_msp_dl_config.o(.text.SYSCFG_DL_init) refers to ti_msp_dl_config.o(.bss.gSERVO_PWMBackup) for gSERVO_PWMBackup
    ti_msp_dl_config.o(.text.SYSCFG_DL_init) refers to ti_msp_dl_config.o(.bss.gUART_3Backup) for gUART_3Backup
    ti_msp_dl_config.o(.ARM.exidx.text.SYSCFG_DL_init) refers to ti_msp_dl_config.o(.text.SYSCFG_DL_init) for [Anonymous Symbol]
    ti_msp_dl_config.o(.text.SYSCFG_DL_initPower) refers to ti_msp_dl_config.o(.text.DL_GPIO_reset) for DL_GPIO_reset
    ti_msp_dl_config.o(.text.SYSCFG_DL_initPower) refers to ti_msp_dl_config.o(.text.DL_Timer_reset) for DL_Timer_reset
    ti_msp_dl_config.o(.text.SYSCFG_DL_initPower) refers to ti_msp_dl_config.o(.text.DL_I2C_reset) for DL_I2C_reset
    ti_msp_dl_config.o(.text.SYSCFG_DL_initPower) refers to ti_msp_dl_config.o(.text.DL_UART_reset) for DL_UART_reset
    ti_msp_dl_config.o(.text.SYSCFG_DL_initPower) refers to ti_msp_dl_config.o(.text.DL_GPIO_enablePower) for DL_GPIO_enablePower
    ti_msp_dl_config.o(.text.SYSCFG_DL_initPower) refers to ti_msp_dl_config.o(.text.DL_Timer_enablePower) for DL_Timer_enablePower
    ti_msp_dl_config.o(.text.SYSCFG_DL_initPower) refers to ti_msp_dl_config.o(.text.DL_I2C_enablePower) for DL_I2C_enablePower
    ti_msp_dl_config.o(.text.SYSCFG_DL_initPower) refers to ti_msp_dl_config.o(.text.DL_UART_enablePower) for DL_UART_enablePower
    ti_msp_dl_config.o(.text.SYSCFG_DL_initPower) refers to dl_common.o(.text.DL_Common_delayCycles) for DL_Common_delayCycles
    ti_msp_dl_config.o(.ARM.exidx.text.SYSCFG_DL_initPower) refers to ti_msp_dl_config.o(.text.SYSCFG_DL_initPower) for [Anonymous Symbol]
    ti_msp_dl_config.o(.text.SYSCFG_DL_GPIO_init) refers to ti_msp_dl_config.o(.text.DL_GPIO_initPeripheralOutputFunction) for DL_GPIO_initPeripheralOutputFunction
    ti_msp_dl_config.o(.text.SYSCFG_DL_GPIO_init) refers to ti_msp_dl_config.o(.text.DL_GPIO_enableOutput) for DL_GPIO_enableOutput
[...]
    [Anonymous Symbol]                       0x00000b18   Section        0  bsp_camera_usart.o(.text.Camera_ParseByte)
    __arm_cp.6_2                             0x00000bbc   Number         4  bsp_camera_usart.o(.text.Camera_ParseByte)
    Camera_ResetParser                       0x00000bc1   Thumb Code    16  bsp_camera_usart.o(.text.Camera_ResetParser)
    [Anonymous Symbol]                       0x00000bc0   Section        0  bsp_camera_usart.o(.text.Camera_ResetParser)
    __arm_cp.1_0                             0x00000bd0   Number         4  bsp_camera_usart.o(.text.Camera_ResetParser)
    __arm_cp.1_1                             0x00000bd4   Number         4  bsp_camera_usart.o(.text.Camera_ResetParser)
    Camera_Time_Init                         0x00000bd9   Thumb Code    72  bsp_camera_usart.o(.text.Camera_Time_Init)
    [Anonymous Symbol]                       0x00000bd8   Section        0  bsp_camera_usart.o(.text.Camera_Time_Init)
    __arm_cp.3_0                             0x00000c20   Number         4  bsp_camera_usart.o(.text.Camera_Time_Init)
    __arm_cp.3_1                             0x00000c24   Number         4  bsp_camera_usart.o(.text.Camera_Time_Init)
    __arm_cp.3_2                             0x00000c28   Number         4  bsp_camera_usart.o(.text.Camera_Time_Init)
    Camera_Uart_NextIndex                    0x00000c2d   Thumb Code    38  bsp_camera_usart.o(.text.Camera_Uart_NextIndex)
    [Anonymous Symbol]                       0x00000c2c   Section        0  bsp_camera_usart.o(.text.Camera_Uart_NextIndex)
    Camera_UpdateSequence                    0x00000c55   Thumb Code   116  bsp_camera_usart.o(.text.Camera_UpdateSequence)
    [Anonymous Symbol]                       0x00000c54   Section        0  bsp_camera_usart.o(.text.Camera_UpdateSequence)
    __arm_cp.24_0                            0x00000cc8   Number         4  bsp_camera_usart.o(.text.Camera_UpdateSequence)
    [Anonymous Symbol]                       0x00000ccc   Section        0  bsp_camera_usart.o(.text.Camera_Vision_GetTimeMs)
    [Anonymous Symbol]                       0x00000cd4   Section        0  bsp_camera_usart.o(.text.Camera_Vision_Init)
    __arm_cp.2_4                             0x00000d4c   Number         4  bsp_camera_usart.o(.text.Camera_Vision_Init)
    [Anonymous Symbol]                       0x00000d50   Section        0  bsp_camera_usart.o(.text.Camera_Vision_IsUsable)
    [Anonymous Symbol]                       0x00000d8c   Section        0  bsp_camera_usart.o(.text.Camera_Vision_Process)
    __arm_cp.4_0                             0x00000dd4   Number         4  bsp_camera_usart.o(.text.Camera_Vision_Process)
    __arm_cp.4_1                             0x00000dd8   Number         4  bsp_camera_usart.o(.text.Camera_Vision_Process)
    __arm_cp.4_2                             0x00000ddc   Number         4  bsp_camera_usart.o(.text.Camera_Vision_Process)
    __arm_cp.4_3                             0x00000de0   Number         4  bsp_camera_usart.o(.text.Camera_Vision_Process)
    __arm_cp.4_4                             0x00000de4   Number         4  bsp_camera_usart.o(.text.Camera_Vision_Process)
    [Anonymous Symbol]                       0x00000de8   Section        0  dl_common.o(.text.DL_Common_delayCycles)
    DL_Common_updateReg                      0x00000dfd   Thumb Code    40  ti_msp_dl_config.o(.text.DL_Common_updateReg)
    [Anonymous Symbol]                       0x00000dfc   Section        0  ti_msp_dl_config.o(.text.DL_Common_updateReg)
    DL_Common_updateReg                      0x00000e25   Thumb Code    40  dl_i2c.o(.text.DL_Common_updateReg)
    [Anonymous Symbol]                       0x00000e24   Section        0  dl_i2c.o(.text.DL_Common_updateReg)
    DL_Common_updateReg                      0x00000e4d   Thumb Code    40  dl_timer.o(.text.DL_Common_updateReg)
    [Anonymous Symbol]                       0x00000e4c   Section        0  dl_timer.o(.text.DL_Common_updateReg)
    DL_Common_updateReg                      0x00000e75   Thumb Code    40  dl_uart.o(.text.DL_Common_updateReg)
    [Anonymous Symbol]                       0x00000e74   Section        0  dl_uart.o(.text.DL_Common_updateReg)
    DL_GPIO_clearPins                        0x00000e9d   Thumb Code    20  ti_msp_dl_config.o(.text.DL_GPIO_clearPins)
    [Anonymous Symbol]                       0x00000e9c   Section        0  ti_msp_dl_config.o(.text.DL_GPIO_clearPins)
    DL_GPIO_enableHiZ                        0x00000eb1   Thumb Code    24  ti_msp_dl_config.o(.text.DL_GPIO_enableHiZ)
    [Anonymous Symbol]                       0x00000eb0   Section        0  ti_msp_dl_config.o(.text.DL_GPIO_enableHiZ)
    DL_GPIO_enableOutput                     0x00000ec9   Thumb Code    20  ti_msp_dl_config.o(.text.DL_GPIO_enableOutput)
    [Anonymous Symbol]                       0x00000ec8   Section        0  ti_msp_dl_config.o(.text.DL_GPIO_enableOutput)
    __arm_cp.21_0                            0x00000edc   Number         4  ti_msp_dl_config.o(.text.DL_GPIO_enableOutput)
    DL_GPIO_enablePower                      0x00000ee1   Thumb Code    20  ti_msp_dl_config.o(.text.DL_GPIO_enablePower)
    [Anonymous Symbol]                       0x00000ee0   Section        0  ti_msp_dl_config.o(.text.DL_GPIO_enablePower)
    DL_GPIO_initDigitalInputFeatures         0x00000ef5   Thumb Code    44  ti_msp_dl_config.o(.text.DL_GPIO_initDigitalInputFeatures)
    [Anonymous Symbol]                       0x00000ef4   Section        0  ti_msp_dl_config.o(.text.DL_GPIO_initDigitalInputFeatures)
    __arm_cp.25_0                            0x00000f20   Number         4  ti_msp_dl_config.o(.text.DL_GPIO_initDigitalInputFeatures)
    DL_GPIO_initDigitalOutput                0x00000f25   Thumb Code    20  ti_msp_dl_config.o(.text.DL_GPIO_initDigitalOutput)
    [Anonymous Symbol]                       0x00000f24   Section        0  ti_msp_dl_config.o(.text.DL_GPIO_initDigitalOutput)
    DL_GPIO_initPeripheralInputFunction      0x00000f39   Thumb Code    24  ti_msp_dl_config.o(.text.DL_GPIO_initPeripheralInputFunction)
    [Anonymous Symbol]                       0x00000f38   Section        0  ti_msp_dl_config.o(.text.DL_GPIO_initPeripheralInputFunction)
    DL_GPIO_initPeripheralInputFunctionFeatures 0x00000f51   Thumb Code    52  ti_msp_dl_config.o(.text.DL_GPIO_initPeripheralInputFunctionFeatures)
    [Anonymous Symbol]                       0x00000f50   Section        0  ti_msp_dl_config.o(.text.DL_GPIO_initPeripheralInputFunctionFeatures)
    __arm_cp.22_0                            0x00000f84   Number         4  ti_msp_dl_config.o(.text.DL_GPIO_initPeripheralInputFunctionFeatures)
    DL_GPIO_initPeripheralOutputFunction     0x00000f89   Thumb Code    24  ti_msp_dl_config.o(.text.DL_GPIO_initPeripheralOutputFunction)
    [Anonymous Symbol]                       0x00000f88   Section        0  ti_msp_dl_config.o(.text.DL_GPIO_initPeripheralOutputFunction)
    __arm_cp.20_0                            0x00000fa0   Number         4  ti_msp_dl_config.o(.text.DL_GPIO_initPeripheralOutputFunction)
    DL_GPIO_reset                            0x00000fa5   Thumb Code    16  ti_msp_dl_config.o(.text.DL_GPIO_reset)
    [Anonymous Symbol]                       0x00000fa4   Section        0  ti_msp_dl_config.o(.text.DL_GPIO_reset)
    DL_I2C_enableAnalogGlitchFilter          0x00000fb5   Thumb Code    24  ti_msp_dl_config.o(.text.DL_I2C_enableAnalogGlitchFilter)
    [Anonymous Symbol]                       0x00000fb4   Section        0  ti_msp_dl_config.o(.text.DL_I2C_enableAnalogGlitchFilter)
    DL_I2C_enableController                  0x00000fcd   Thumb Code    20  ti_msp_dl_config.o(.text.DL_I2C_enableController)
    [Anonymous Symbol]                       0x00000fcc   Section        0  ti_msp_dl_config.o(.text.DL_I2C_enableController)
    DL_I2C_enableControllerClockStretching   0x00000fe1   Thumb Code    20  ti_msp_dl_config.o(.text.DL_I2C_enableControllerClockStretching)
    [Anonymous Symbol]                       0x00000fe0   Section        0  ti_msp_dl_config.o(.text.DL_I2C_enableControllerClockStretching)
    __arm_cp.41_0                            0x00000ff4   Number         4  ti_msp_dl_config.o(.text.DL_I2C_enableControllerClockStretching)
    DL_I2C_enablePower                       0x00000ff9   Thumb Code    20  ti_msp_dl_config.o(.text.DL_I2C_enablePower)
    [Anonymous Symbol]                       0x00000ff8   Section        0  ti_msp_dl_config.o(.text.DL_I2C_enablePower)
    DL_I2C_reset                             0x0000100d   Thumb Code    16  ti_msp_dl_config.o(.text.DL_I2C_reset)
    [Anonymous Symbol]                       0x0000100c   Section        0  ti_msp_dl_config.o(.text.DL_I2C_reset)
    __arm_cp.14_0                            0x0000101c   Number         4  ti_msp_dl_config.o(.text.DL_I2C_reset)
    __arm_cp.14_1                            0x00001020   Number         4  ti_msp_dl_config.o(.text.DL_I2C_reset)
    DL_I2C_resetControllerTransfer           0x00001025   Thumb Code    16  ti_msp_dl_config.o(.text.DL_I2C_resetControllerTransfer)
    [Anonymous Symbol]                       0x00001024   Section        0  ti_msp_dl_config.o(.text.DL_I2C_resetControllerTransfer)
    __arm_cp.37_0                            0x00001034   Number         4  ti_msp_dl_config.o(.text.DL_I2C_resetControllerTransfer)
    DL_I2C_setAnalogGlitchFilterPulseWidth   0x00001039   Thumb Code    38  ti_msp_dl_config.o(.text.DL_I2C_setAnalogGlitchFilterPulseWidth)
    [Anonymous Symbol]                       0x00001038   Section        0  ti_msp_dl_config.o(.text.DL_I2C_setAnalogGlitchFilterPulseWidth)
    [Anonymous Symbol]                       0x00001060   Section        0  dl_i2c.o(.text.DL_I2C_setClockConfig)
    __arm_cp.0_0                             0x00001090   Number         4  dl_i2c.o(.text.DL_I2C_setClockConfig)
    DL_I2C_setControllerRXFIFOThreshold      0x00001095   Thumb Code    36  ti_msp_dl_config.o(.text.DL_I2C_setControllerRXFIFOThreshold)
    [Anonymous Symbol]                       0x00001094   Section        0  ti_msp_dl_config.o(.text.DL_I2C_setControllerRXFIFOThreshold)
    DL_I2C_setControllerTXFIFOThreshold      0x000010b9   Thumb Code    36  ti_msp_dl_config.o(.text.DL_I2C_setControllerTXFIFOThreshold)
    [Anonymous Symbol]                       0x000010b8   Section        0  ti_msp_dl_config.o(.text.DL_I2C_setControllerTXFIFOThreshold)
    __arm_cp.39_0                            0x000010dc   Number         4  ti_msp_dl_config.o(.text.DL_I2C_setControllerTXFIFOThreshold)
    DL_I2C_setTimerPeriod                    0x000010e1   Thumb Code    20  ti_msp_dl_config.o(.text.DL_I2C_setTimerPeriod)
    [Anonymous Symbol]                       0x000010e0   Section        0  ti_msp_dl_config.o(.text.DL_I2C_setTimerPeriod)
    __arm_cp.38_0                            0x000010f4   Number         4  ti_msp_dl_config.o(.text.DL_I2C_setTimerPeriod)
    DL_SYSCTL_disableHFXT                    0x000010f9   Thumb Code    12  ti_msp_dl_config.o(.text.DL_SYSCTL_disableHFXT)
    [Anonymous Symbol]                       0x000010f8   Section        0  ti_msp_dl_config.o(.text.DL_SYSCTL_disableHFXT)
    DL_SYSCTL_disableSYSPLL                  0x00001105   Thumb Code    16  ti_msp_dl_config.o(.text.DL_SYSCTL_disableSYSPLL)
    [Anonymous Symbol]                       0x00001104   Section        0  ti_msp_dl_config.o(.text.DL_SYSCTL_disableSYSPLL)
    __arm_cp.31_0                            0x00001114   Number         4  ti_msp_dl_config.o(.text.DL_SYSCTL_disableSYSPLL)
    DL_SYSCTL_enableMFCLK                    0x00001119   Thumb Code    16  ti_msp_dl_config.o(.text.DL_SYSCTL_enableMFCLK)
    [Anonymous Symbol]                       0x00001118   Section        0  ti_msp_dl_config.o(.text.DL_SYSCTL_enableMFCLK)
    __arm_cp.32_0                            0x00001128   Number         4  ti_msp_dl_config.o(.text.DL_SYSCTL_enableMFCLK)
    DL_SYSCTL_setBORThreshold                0x0000112d   Thumb Code    20  ti_msp_dl_config.o(.text.DL_SYSCTL_setBORThreshold)
    [Anonymous Symbol]                       0x0000112c   Section        0  ti_msp_dl_config.o(.text.DL_SYSCTL_setBORThreshold)
    __arm_cp.28_0                            0x00001140   Number         4  ti_msp_dl_config.o(.text.DL_SYSCTL_setBORThreshold)
    DL_SYSCTL_setSYSOSCFreq                  0x00001145   Thumb Code    24  ti_msp_dl_config.o(.text.DL_SYSCTL_setSYSOSCFreq)
    [Anonymous Symbol]                       0x00001144   Section        0  ti_msp_dl_config.o(.text.DL_SYSCTL_setSYSOSCFreq)
    __arm_cp.29_0                            0x0000115c   Number         4  ti_msp_dl_config.o(.text.DL_SYSCTL_setSYSOSCFreq)
    DL_SYSTICK_enable                        0x00001161   Thumb Code    12  ti_msp_dl_config.o(.text.DL_SYSTICK_enable)
    [Anonymous Symbol]                       0x00001160   Section        0  ti_msp_dl_config.o(.text.DL_SYSTICK_enable)
    DL_SYSTICK_init                          0x0000116d   Thumb Code    28  ti_msp_dl_config.o(.text.DL_SYSTICK_init)
    [Anonymous Symbol]                       0x0000116c   Section        0  ti_msp_dl_config.o(.text.DL_SYSTICK_init)
    __arm_cp.47_0                            0x00001188   Number         4  ti_msp_dl_config.o(.text.DL_SYSTICK_init)
    __arm_cp.47_1                            0x0000118c   Number         4  ti_msp_dl_config.o(.text.DL_SYSTICK_init)
    __arm_cp.47_2                            0x00001190   Number         4  ti_msp_dl_config.o(.text.DL_SYSTICK_init)
    DL_Timer_enableClock                     0x00001195   Thumb Code    16  ti_msp_dl_config.o(.text.DL_Timer_enableClock)
    [Anonymous Symbol]                       0x00001194   Section        0  ti_msp_dl_config.o(.text.DL_Timer_enableClock)
    __arm_cp.33_0                            0x000011a4   Number         4  ti_msp_dl_config.o(.text.DL_Timer_enableClock)
    DL_Timer_enableInterrupt                 0x000011a9   Thumb Code    24  bsp_camera_usart.o(.text.DL_Timer_enableInterrupt)
    [Anonymous Symbol]                       0x000011a8   Section        0  bsp_camera_usart.o(.text.DL_Timer_enableInterrupt)
    __arm_cp.17_0                            0x000011c0   Number         4  bsp_camera_usart.o(.text.DL_Timer_enableInterrupt)
    DL_Timer_enablePower                     0x000011c5   Thumb Code    20  ti_msp_dl_config.o(.text.DL_Timer_enablePower)
    [Anonymous Symbol]                       0x000011c4   Section        0  ti_msp_dl_config.o(.text.DL_Timer_enablePower)
    DL_Timer_enablePower                     0x000011d9   Thumb Code    20  bsp_camera_usart.o(.text.DL_Timer_enablePower)
    [Anonymous Symbol]                       0x000011d8   Section        0  bsp_camera_usart.o(.text.DL_Timer_enablePower)
    __arm_cp.16_0                            0x000011ec   Number         4  bsp_camera_usart.o(.text.DL_Timer_enablePower)
    DL_Timer_getPendingInterrupt             0x000011f1   Thumb Code    18  bsp_camera_usart.o(.text.DL_Timer_getPendingInterrupt)
    [Anonymous Symbol]                       0x000011f0   Section        0  bsp_camera_usart.o(.text.DL_Timer_getPendingInterrupt)
    [Anonymous Symbol]                       0x00001204   Section        0  dl_timer.o(.text.DL_Timer_initFourCCPWMMode)
    [Anonymous Symbol]                       0x000012ec   Section        0  dl_timer.o(.text.DL_Timer_initTimerMode)
    DL_Timer_initTwoCCPWMMode                0x000013e9   Thumb Code   260  dl_timer.o(.text.DL_Timer_initTwoCCPWMMode)
    [Anonymous Symbol]                       0x000013e8   Section        0  dl_timer.o(.text.DL_Timer_initTwoCCPWMMode)
    __arm_cp.45_0                            0x000014ec   Number         4  dl_timer.o(.text.DL_Timer_initTwoCCPWMMode)
    __arm_cp.45_2                            0x000014f0   Number         4  dl_timer.o(.text.DL_Timer_initTwoCCPWMMode)
    DL_Timer_reset                           0x000014f5   Thumb Code    16  ti_msp_dl_config.o(.text.DL_Timer_reset)
    [Anonymous Symbol]                       0x000014f4   Section        0  ti_msp_dl_config.o(.text.DL_Timer_reset)
    DL_Timer_reset                           0x00001505   Thumb Code    16  bsp_camera_usart.o(.text.DL_Timer_reset)
    [Anonymous Symbol]                       0x00001504   Section        0  bsp_camera_usart.o(.text.DL_Timer_reset)
    DL_Timer_setCCPDirection                 0x00001515   Thumb Code    20  ti_msp_dl_config.o(.text.DL_Timer_setCCPDirection)
    [Anonymous Symbol]                       0x00001514   Section        0  ti_msp_dl_config.o(.text.DL_Timer_setCCPDirection)
    [Anonymous Symbol]                       0x00001528   Section        0  dl_timer.o(.text.DL_Timer_setCaptCompUpdateMethod)
    [Anonymous Symbol]                       0x00001558   Section        0  dl_timer.o(.text.DL_Timer_setCaptureCompareAction)
    __arm_cp.33_0                            0x00001584   Number         4  dl_timer.o(.text.DL_Timer_setCaptureCompareAction)
    __arm_cp.33_1                            0x00001588   Number         4  dl_timer.o(.text.DL_Timer_setCaptureCompareAction)
    [Anonymous Symbol]                       0x0000158c   Section        0  dl_timer.o(.text.DL_Timer_setCaptureCompareCtl)
    __arm_cp.6_0                             0x000015c0   Number         4  dl_timer.o(.text.DL_Timer_setCaptureCompareCtl)
    __arm_cp.6_1                             0x000015c4   Number         4  dl_timer.o(.text.DL_Timer_setCaptureCompareCtl)
    [Anonymous Symbol]                       0x000015c8   Section        0  dl_timer.o(.text.DL_Timer_setCaptureCompareInput)
    [Anonymous Symbol]                       0x000015fc   Section        0  dl_timer.o(.text.DL_Timer_setCaptureCompareOutCtl)
    __arm_cp.31_0                            0x00001638   Number         4  dl_timer.o(.text.DL_Timer_setCaptureCompareOutCtl)
    [Anonymous Symbol]                       0x0000163c   Section        0  dl_timer.o(.text.DL_Timer_setCaptureCompareValue)
    __arm_cp.5_0                             0x00001664   Number         4  dl_timer.o(.text.DL_Timer_setCaptureCompareValue)
    [Anonymous Symbol]                       0x00001668   Section        0  dl_timer.o(.text.DL_Timer_setClockConfig)
    __arm_cp.0_1                             0x00001694   Number         4  dl_timer.o(.text.DL_Timer_setClockConfig)
    DL_Timer_setCounterValueAfterEnable      0x00001699   Thumb Code    28  dl_timer.o(.text.DL_Timer_setCounterValueAfterEnable)
    [Anonymous Symbol]                       0x00001698   Section        0  dl_timer.o(.text.DL_Timer_setCounterValueAfterEnable)
    DL_Timer_setLoadValue                    0x000016b5   Thumb Code    20  dl_timer.o(.text.DL_Timer_setLoadValue)
    [Anonymous Symbol]                       0x000016b4   Section        0  dl_timer.o(.text.DL_Timer_setLoadValue)
    __arm_cp.3_0                             0x000016c8   Number         4  dl_timer.o(.text.DL_Timer_setLoadValue)
    DL_Timer_startCounter                    0x000016cd   Thumb Code    20  servo.o(.text.DL_Timer_startCounter)
    [Anonymous Symbol]                       0x000016cc   Section        0  servo.o(.text.DL_Timer_startCounter)
    DL_Timer_startCounter                    0x000016e1   Thumb Code    20  bsp_camera_usart.o(.text.DL_Timer_startCounter)
    [Anonymous Symbol]                       0x000016e0   Section        0  bsp_camera_usart.o(.text.DL_Timer_startCounter)
    __arm_cp.20_0                            0x000016f4   Number         4  bsp_camera_usart.o(.text.DL_Timer_startCounter)
    DL_UART_disable                          0x000016f9   Thumb Code    22  dl_uart.o(.text.DL_UART_disable)
    [Anonymous Symbol]                       0x000016f8   Section        0  dl_uart.o(.text.DL_UART_disable)
    DL_UART_enable                           0x0000170f   Thumb Code    22  ti_msp_dl_config.o(.text.DL_UART_enable)
    [Anonymous Symbol]                       0x0000170e   Section        0  ti_msp_dl_config.o(.text.DL_UART_enable)
    DL_UART_enableInterrupt                  0x00001725   Thumb Code    24  ti_msp_dl_config.o(.text.DL_UART_enableInterrupt)
    [Anonymous Symbol]                       0x00001724   Section        0  ti_msp_dl_config.o(.text.DL_UART_enableInterrupt)
    __arm_cp.45_0                            0x0000173c   Number         4  ti_msp_dl_config.o(.text.DL_UART_enableInterrupt)
    DL_UART_enablePower                      0x00001741   Thumb Code    20  ti_msp_dl_config.o(.text.DL_UART_enablePower)
    [Anonymous Symbol]                       0x00001740   Section        0  ti_msp_dl_config.o(.text.DL_UART_enablePower)
    __arm_cp.19_0                            0x00001754   Number         4  ti_msp_dl_config.o(.text.DL_UART_enablePower)
    DL_UART_getPendingInterrupt              0x00001759   Thumb Code    18  usart.o(.text.DL_UART_getPendingInterrupt)
    [Anonymous Symbol]                       0x00001758   Section        0  usart.o(.text.DL_UART_getPendingInterrupt)
    DL_UART_getPendingInterrupt              0x0000176b   Thumb Code    18  bsp_camera_usart.o(.text.DL_UART_getPendingInterrupt)
    [Anonymous Symbol]                       0x0000176a   Section        0  bsp_camera_usart.o(.text.DL_UART_getPendingInterrupt)
    DL_UART_getPendingInterrupt              0x0000177d   Thumb Code    18  bsp_motor_usart.o(.text.DL_UART_getPendingInterrupt)
    [Anonymous Symbol]                       0x0000177c   Section        0  bsp_motor_usart.o(.text.DL_UART_getPendingInterrupt)
    [Anonymous Symbol]                       0x00001790   Section        0  dl_uart.o(.text.DL_UART_init)
    __arm_cp.0_0                             0x000017d4   Number         4  dl_uart.o(.text.DL_UART_init)
    DL_UART_isBusy                           0x000017d9   Thumb Code    20  usart.o(.text.DL_UART_isBusy)
    [Anonymous Symbol]                       0x000017d8   Section        0  usart.o(.text.DL_UART_isBusy)
    __arm_cp.4_0                             0x000017ec   Number         4  usart.o(.text.DL_UART_isBusy)
    DL_UART_receiveData                      0x000017f1   Thumb Code    16  usart.o(.text.DL_UART_receiveData)
    [Anonymous Symbol]                       0x000017f0   Section        0  usart.o(.text.DL_UART_receiveData)
    DL_UART_receiveData                      0x00001801   Thumb Code    16  bsp_camera_usart.o(.text.DL_UART_receiveData)
    [Anonymous Symbol]                       0x00001800   Section        0  bsp_camera_usart.o(.text.DL_UART_receiveData)
    DL_UART_receiveData                      0x00001811   Thumb Code    16  bsp_motor_usart.o(.text.DL_UART_receiveData)
    [Anonymous Symbol]                       0x00001810   Section        0  bsp_motor_usart.o(.text.DL_UART_receiveData)
    __arm_cp.6_0                             0x00001820   Number         4  bsp_motor_usart.o(.text.DL_UART_receiveData)
    DL_UART_reset                            0x00001825   Thumb Code    16  ti_msp_dl_config.o(.text.DL_UART_reset)
    [Anonymous Symbol]                       0x00001824   Section        0  ti_msp_dl_config.o(.text.DL_UART_reset)
    __arm_cp.15_0                            0x00001834   Number         4  ti_msp_dl_config.o(.text.DL_UART_reset)
    __arm_cp.15_1                            0x00001838   Number         4  ti_msp_dl_config.o(.text.DL_UART_reset)
    DL_UART_setBaudRateDivisor               0x0000183d   Thumb Code    60  ti_msp_dl_config.o(.text.DL_UART_setBaudRateDivisor)
    [Anonymous Symbol]                       0x0000183c   Section        0  ti_msp_dl_config.o(.text.DL_UART_setBaudRateDivisor)
    __arm_cp.44_0                            0x00001878   Number         4  ti_msp_dl_config.o(.text.DL_UART_setBaudRateDivisor)
    __arm_cp.44_1                            0x0000187c   Number         4  ti_msp_dl_config.o(.text.DL_UART_setBaudRateDivisor)
    __arm_cp.44_2                            0x00001880   Number         4  ti_msp_dl_config.o(.text.DL_UART_setBaudRateDivisor)
    __arm_cp.44_3                            0x00001884   Number         4  ti_msp_dl_config.o(.text.DL_UART_setBaudRateDivisor)
    [Anonymous Symbol]                       0x00001888   Section        0  dl_uart.o(.text.DL_UART_setClockConfig)
    __arm_cp.3_0                             0x000018a8   Number         4  dl_uart.o(.text.DL_UART_setClockConfig)
    DL_UART_setOversampling                  0x000018ad   Thumb Code    30  ti_msp_dl_config.o(.text.DL_UART_setOversampling)
    [Anonymous Symbol]                       0x000018ac   Section        0  ti_msp_dl_config.o(.text.DL_UART_setOversampling)
    DL_UART_transmitData                     0x000018cb   Thumb Code    22  usart.o(.text.DL_UART_transmitData)
    [Anonymous Symbol]                       0x000018ca   Section        0  usart.o(.text.DL_UART_transmitData)
    [Anonymous Symbol]                       0x000018e0   Section        0  app_motor_usart.o(.text.Deal_Control_Rxtemp)
    __arm_cp.9_0                             0x00001978   Number         4  app_motor_usart.o(.text.Deal_Control_Rxtemp)
    __arm_cp.9_1                             0x0000197c   Number         4  app_motor_usart.o(.text.Deal_Control_Rxtemp)
    __arm_cp.9_2                             0x00001980   Number         4  app_motor_usart.o(.text.Deal_Control_Rxtemp)
    __arm_cp.9_3                             0x00001984   Number         4  app_motor_usart.o(.text.Deal_Control_Rxtemp)
    __arm_cp.9_4                             0x00001988   Number         4  app_motor_usart.o(.text.Deal_Control_Rxtemp)
    [Anonymous Symbol]                       0x0000198c   Section        0  ti_msp_dl_config.o(.text.SYSCFG_DL_GPIO_init)
    [Anonymous Symbol]                       0x00001aa8   Section        0  ti_msp_dl_config.o(.text.SYSCFG_DL_I2C_0_init)
    __arm_cp.5_0                             0x00001af8   Number         4  ti_msp_dl_config.o(.text.SYSCFG_DL_I2C_0_init)
    [Anonymous Symbol]                       0x00001afc   Section        0  ti_msp_dl_config.o(.text.SYSCFG_DL_SERVO_PWM_init)
    __arm_cp.4_0                             0x00001b48   Number         4  ti_msp_dl_config.o(.text.SYSCFG_DL_SERVO_PWM_init)
    __arm_cp.4_2                             0x00001b4c   Number         4  ti_msp_dl_config.o(.text.SYSCFG_DL_SERVO_PWM_init)
    [Anonymous Symbol]                       0x00001b50   Section        0  ti_msp_dl_config.o(.text.SYSCFG_DL_SYSCTL_init)
    [Anonymous Symbol]                       0x00001b72   Section        0  ti_msp_dl_config.o(.text.SYSCFG_DL_SYSTICK_init)
    [Anonymous Symbol]                       0x00001b80   Section        0  ti_msp_dl_config.o(.text.SYSCFG_DL_UART_0_init)
    __arm_cp.6_0                             0x00001bbc   Number         4  ti_msp_dl_config.o(.text.SYSCFG_DL_UART_0_init)
    __arm_cp.6_2                             0x00001bc0   Number         4  ti_msp_dl_config.o(.text.SYSCFG_DL_UART_0_init)
    [Anonymous Symbol]                       0x00001bc4   Section        0  ti_msp_dl_config.o(.text.SYSCFG_DL_UART_1_init)
    __arm_cp.7_0                             0x00001c00   Number         4  ti_msp_dl_config.o(.text.SYSCFG_DL_UART_1_init)
    __arm_cp.7_2                             0x00001c04   Number         4  ti_msp_dl_config.o(.text.SYSCFG_DL_UART_1_init)
    [Anonymous Symbol]                       0x00001c08   Section        0  ti_msp_dl_config.o(.text.SYSCFG_DL_UART_3_init)
    __arm_cp.8_0                             0x00001c44   Number         4  ti_msp_dl_config.o(.text.SYSCFG_DL_UART_3_init)
    __arm_cp.8_2                             0x00001c48   Number         4  ti_msp_dl_config.o(.text.SYSCFG_DL_UART_3_init)
    [Anonymous Symbol]                       0x00001c4c   Section        0  ti_msp_dl_config.o(.text.SYSCFG_DL_init)
    __arm_cp.0_0                             0x00001c84   Number         4  ti_msp_dl_config.o(.text.SYSCFG_DL_init)
    __arm_cp.0_1                             0x00001c88   Number         4  ti_msp_dl_config.o(.text.SYSCFG_DL_init)
    [Anonymous Symbol]                       0x00001c8c   Section        0  ti_msp_dl_config.o(.text.SYSCFG_DL_initPower)
    __arm_cp.1_0                             0x00001cfc   Number         4  ti_msp_dl_config.o(.text.SYSCFG_DL_initPower)
    __arm_cp.1_1                             0x00001d00   Number         4  ti_msp_dl_config.o(.text.SYSCFG_DL_initPower)
    __arm_cp.1_3                             0x00001d04   Number         4  ti_msp_dl_config.o(.text.SYSCFG_DL_initPower)
    [Anonymous Symbol]                       0x00001d08   Section        0  servo.o(.text.Servo_Init)
    [Anonymous Symbol]                       0x00001d18   Section        0  servo.o(.text.Servo_SetAngle)
    __arm_cp.1_0                             0x00001d60   Number         4  servo.o(.text.Servo_SetAngle)
    __arm_cp.1_1                             0x00001d64   Number         4  servo.o(.text.Servo_SetAngle)
    [Anonymous Symbol]                       0x00001d68   Section        0  bsp_camera_usart.o(.text.TIMG12_IRQHandler)
    __arm_cp.13_0                            0x00001d84   Number         4  bsp_camera_usart.o(.text.TIMG12_IRQHandler)
    __arm_cp.13_1                            0x00001d88   Number         4  bsp_camera_usart.o(.text.TIMG12_IRQHandler)
    [Anonymous Symbol]                       0x00001d8c   Section        0  usart.o(.text.UART0_IRQHandler)
    __arm_cp.7_0                             0x00001ddc   Number         4  usart.o(.text.UART0_IRQHandler)
    __arm_cp.7_1                             0x00001de0   Number         4  usart.o(.text.UART0_IRQHandler)
    __arm_cp.7_2                             0x00001de4   Number         4  usart.o(.text.UART0_IRQHandler)
    __arm_cp.7_3                             0x00001de8   Number         4  usart.o(.text.UART0_IRQHandler)
    [Anonymous Symbol]                       0x00001dec   Section        0  bsp_motor_usart.o(.text.UART1_IRQHandler)
    __arm_cp.4_0                             0x00001e1c   Number         4  bsp_motor_usart.o(.text.UART1_IRQHandler)
    [Anonymous Symbol]                       0x00001e20   Section        0  bsp_camera_usart.o(.text.UART3_IRQHandler)
    __arm_cp.10_0                            0x00001e78   Number         4  bsp_camera_usart.o(.text.UART3_IRQHandler)
    __arm_cp.10_1                            0x00001e7c   Number         4  bsp_camera_usart.o(.text.UART3_IRQHandler)
    __arm_cp.10_2                            0x00001e80   Number         4  bsp_camera_usart.o(.text.UART3_IRQHandler)
    __arm_cp.10_3                            0x00001e84   Number         4  bsp_camera_usart.o(.text.UART3_IRQHandler)
    __arm_cp.10_4                            0x00001e88   Number         4  bsp_camera_usart.o(.text.UART3_IRQHandler)
    [Anonymous Symbol]                       0x00001e8c   Section        0  usart.o(.text.USART_Init)
    [Anonymous Symbol]                       0x00001ec4   Section        0  vision_servo_test.o(.text.Vision_Servo_Test_Init)
    [Anonymous Symbol]                       0x00001f08   Section        0  vision_servo_test.o(.text.Vision_Servo_Test_Update)
    __arm_cp.1_0                             0x00002250   Number         4  vision_servo_test.o(.text.Vision_Servo_Test_Update)
    __arm_cp.1_1                             0x00002254   Number         4  vision_servo_test.o(.text.Vision_Servo_Test_Update)
    __arm_cp.1_2                             0x00002258   Number         4  vision_servo_test.o(.text.Vision_Servo_Test_Update)
    __arm_cp.1_3                             0x0000225c   Number         4  vision_servo_test.o(.text.Vision_Servo_Test_Update)
    __arm_cp.1_4                             0x00002260   Number         4  vision_servo_test.o(.text.Vision_Servo_Test_Update)
    __arm_cp.1_5                             0x00002264   Number         4  vision_servo_test.o(.text.Vision_Servo_Test_Update)
    __arm_cp.1_6                             0x00002268   Number         4  vision_servo_test.o(.text.Vision_Servo_Test_Update)
    __arm_cp.1_7                             0x0000226c   Number         4  vision_servo_test.o(.text.Vision_Servo_Test_Update)
    __arm_cp.1_8                             0x00002270   Number         4  vision_servo_test.o(.text.Vision_Servo_Test_Update)
    __arm_cp.1_9                             0x00002274   Number         4  vision_servo_test.o(.text.Vision_Servo_Test_Update)
    __arm_cp.1_10                            0x00002278   Number         4  vision_servo_test.o(.text.Vision_Servo_Test_Update)
    __arm_cp.1_11                            0x0000227c   Number         4  vision_servo_test.o(.text.Vision_Servo_Test_Update)
    __arm_cp.1_12                            0x00002280   Number         4  vision_servo_test.o(.text.Vision_Servo_Test_Update)
    __arm_cp.1_13                            0x00002284   Number         4  vision_servo_test.o(.text.Vision_Servo_Test_Update)
    __arm_cp.1_14                            0x00002288   Number         4  vision_servo_test.o(.text.Vision_Servo_Test_Update)
    __arm_cp.1_15                            0x0000228c   Number         4  vision_servo_test.o(.text.Vision_Servo_Test_Update)
    __arm_cp.1_16                            0x00002290   Number         4  vision_servo_test.o(.text.Vision_Servo_Test_Update)
    __arm_cp.1_17                            0x00002294   Number         4  vision_servo_test.o(.text.Vision_Servo_Test_Update)
    __arm_cp.1_18                            0x00002298   Number         4  vision_servo_test.o(.text.Vision_Servo_Test_Update)
    __arm_cp.1_19                            0x0000229c   Number         4  vision_servo_test.o(.text.Vision_Servo_Test_Update)
    __arm_cp.1_20                            0x000022a0   Number         4  vision_servo_test.o(.text.Vision_Servo_Test_Update)
    __arm_cp.1_21                            0x000022a4   Number         4  vision_servo_test.o(.text.Vision_Servo_Test_Update)
    __arm_cp.1_22                            0x000022a8   Number         4  vision_servo_test.o(.text.Vision_Servo_Test_Update)
    __arm_cp.1_23                            0x000022ac   Number         4  vision_servo_test.o(.text.Vision_Servo_Test_Update)
    __arm_cp.1_24                            0x000022b0   Number         4  vision_servo_test.o(.text.Vision_Servo_Test_Update)
    __arm_cp.1_25                            0x000022b4   Number         4  vision_servo_test.o(.text.Vision_Servo_Test_Update)
    __arm_cp.1_26                            0x000022b8   Number         4  vision_servo_test.o(.text.Vision_Servo_Test_Update)
    __NVIC_ClearPendingIRQ                   0x000022bd   Thumb Code    40  usart.o(.text.__NVIC_ClearPendingIRQ)
    [Anonymous Symbol]                       0x000022bc   Section        0  usart.o(.text.__NVIC_ClearPendingIRQ)
    __NVIC_ClearPendingIRQ                   0x000022e5   Thumb Code    40  bsp_camera_usart.o(.text.__NVIC_ClearPendingIRQ)
    [Anonymous Symbol]                       0x000022e4   Section        0  bsp_camera_usart.o(.text.__NVIC_ClearPendingIRQ)
    __arm_cp.18_0                            0x0000230c   Number         4  bsp_camera_usart.o(.text.__NVIC_ClearPendingIRQ)
    __NVIC_EnableIRQ                         0x00002311   Thumb Code    40  usart.o(.text.__NVIC_EnableIRQ)
    [Anonymous Symbol]                       0x00002310   Section        0  usart.o(.text.__NVIC_EnableIRQ)
    __NVIC_EnableIRQ                         0x00002339   Thumb Code    40  bsp_camera_usart.o(.text.__NVIC_EnableIRQ)
    [Anonymous Symbol]                       0x00002338   Section        0  bsp_camera_usart.o(.text.__NVIC_EnableIRQ)
    __arm_cp.19_0                            0x00002360   Number         4  bsp_camera_usart.o(.text.__NVIC_EnableIRQ)
    absf                                     0x00002365   Thumb Code    44  vision_servo_test.o(.text.absf)
    [Anonymous Symbol]                       0x00002364   Section        0  vision_servo_test.o(.text.absf)
    clampf                                   0x00002391   Thumb Code    62  vision_servo_test.o(.text.clampf)
    [Anonymous Symbol]                       0x00002390   Section        0  vision_servo_test.o(.text.clampf)
    [Anonymous Symbol]                       0x000023d0   Section        0  usart.o(.text.fputc)
    __arm_cp.6_0                             0x000023f8   Number         4  usart.o(.text.fputc)
    [Anonymous Symbol]                       0x000023fc   Section        0  empty.o(.text.main)
    __arm_cp.0_0                             0x00002428   Number         4  empty.o(.text.main)
    set_ang                                  0x0000242d   Thumb Code   144  vision_servo_test.o(.text.set_ang)
    [Anonymous Symbol]                       0x0000242c   Section        0  vision_servo_test.o(.text.set_ang)
    __arm_cp.2_2                             0x000024bc   Number         4  vision_servo_test.o(.text.set_ang)
    __arm_cp.2_3                             0x000024c0   Number         4  vision_servo_test.o(.text.set_ang)
    set_ang_now                              0x000024c5   Thumb Code    48  vision_servo_test.o(.text.set_ang_now)
    [Anonymous Symbol]                       0x000024c4   Section        0  vision_servo_test.o(.text.set_ang_now)
    __arm_cp.5_0                             0x000024f4   Number         4  vision_servo_test.o(.text.set_ang_now)
    __arm_cp.5_1                             0x000024f8   Number         4  vision_servo_test.o(.text.set_ang_now)
    i.__0printf                              0x000024fc   Section        0  printfa.o(i.__0printf)
    i.__ARM_clz                              0x0000251c   Section        0  depilogue.o(i.__ARM_clz)
    i.__scatterload_copy                     0x00002550   Section       14  handlers.o(i.__scatterload_copy)
    i.__scatterload_null                     0x00002560   Section        2  handlers.o(i.__scatterload_null)
    i.__scatterload_zeroinit                 0x00002568   Section       14  handlers.o(i.__scatterload_zeroinit)
    _fp_digits                               0x00002579   Thumb Code   344  printfa.o(i._fp_digits)
    i._fp_digits                             0x00002578   Section        0  printfa.o(i._fp_digits)
    _printf_core                             0x000026ed   Thumb Code  1754  printfa.o(i._printf_core)
    i._printf_core                           0x000026ec   Section        0  printfa.o(i._printf_core)
    _printf_post_padding                     0x00002dd9   Thumb Code    32  printfa.o(i._printf_post_padding)
    i._printf_post_padding                   0x00002dd8   Section        0  printfa.o(i._printf_post_padding)
    _printf_pre_padding                      0x00002df9   Thumb Code    44  printfa.o(i._printf_pre_padding)
    i._printf_pre_padding                    0x00002df8   Section        0  printfa.o(i._printf_pre_padding)
    gI2C_0ClockConfig                        0x00002e24   Data           2  ti_msp_dl_config.o(.rodata.gI2C_0ClockConfig)
    [Anonymous Symbol]                       0x00002e24   Section        0  ti_msp_dl_config.o(.rodata.gI2C_0ClockConfig)
    gSERVO_PWMClockConfig                    0x00002e26   Data           3  ti_msp_dl_config.o(.rodata.gSERVO_PWMClockConfig)
    [Anonymous Symbol]                       0x00002e26   Section        0  ti_msp_dl_config.o(.rodata.gSERVO_PWMClockConfig)
    gSERVO_PWMConfig                         0x00002e2c   Data           8  ti_msp_dl_config.o(.rodata.gSERVO_PWMConfig)
    [Anonymous Symbol]                       0x00002e2c   Section        0  ti_msp_dl_config.o(.rodata.gSERVO_PWMConfig)
    gUART_0ClockConfig                       0x00002e34   Data           2  ti_msp_dl_config.o(.rodata.gUART_0ClockConfig)
    [Anonymous Symbol]                       0x00002e34   Section        0  ti_msp_dl_config.o(.rodata.gUART_0ClockConfig)
    gUART_0Config                            0x00002e36   Data          10  ti_msp_dl_config.o(.rodata.gUART_0Config)
    [Anonymous Symbol]                       0x00002e36   Section        0  ti_msp_dl_config.o(.rodata.gUART_0Config)
    gUART_1ClockConfig                       0x00002e40   Data           2  ti_msp_dl_config.o(.rodata.gUART_1ClockConfig)
    [Anonymous Symbol]                       0x00002e40   Section        0  ti_msp_dl_config.o(.rodata.gUART_1ClockConfig)
    gUART_1Config                            0x00002e42   Data          10  ti_msp_dl_config.o(.rodata.gUART_1Config)
    [Anonymous Symbol]                       0x00002e42   Section        0  ti_msp_dl_config.o(.rodata.gUART_1Config)
    gUART_3ClockConfig                       0x00002e4c   Data           2  ti_msp_dl_config.o(.rodata.gUART_3ClockConfig)
    [Anonymous Symbol]                       0x00002e4c   Section        0  ti_msp_dl_config.o(.rodata.gUART_3ClockConfig)
    gUART_3Config                            0x00002e4e   Data          10  ti_msp_dl_config.o(.rodata.gUART_3Config)
    [Anonymous Symbol]                       0x00002e4e   Section        0  ti_msp_dl_config.o(.rodata.gUART_3Config)
    s_time_cfg                               0x00002e58   Data          20  bsp_camera_usart.o(.rodata.s_time_cfg)
    [Anonymous Symbol]                       0x00002e58   Section        0  bsp_camera_usart.o(.rodata.s_time_cfg)
    s_time_clk                               0x00002e6c   Data           3  bsp_camera_usart.o(.rodata.s_time_clk)
    [Anonymous Symbol]                       0x00002e6c   Section        0  bsp_camera_usart.o(.rodata.s_time_clk)
    [Anonymous Symbol]                       0x00002e6f   Section        0  empty.o(.rodata.str1.1)
    [Anonymous Symbol]                       0x00002e7e   Section        0  vision_servo_test.o(.rodata.str1.1)
    .data                                    0x20200000   Section        4  stdout.o(.data)
    s_ang                                    0x20200004   Data           4  vision_servo_test.o(.data.s_ang)
    [Anonymous Symbol]                       0x20200004   Section        0  vision_servo_test.o(.data.s_ang)
    Deal_Control_Rxtemp.n                    0x20200008   Data           2  app_motor_usart.o(.bss.Deal_Control_Rxtemp.n)
    [Anonymous Symbol]                       0x20200008   Section        0  app_motor_usart.o(.bss.Deal_Control_Rxtemp.n)
    Deal_Control_Rxtemp.started              0x2020000a   Data           1  app_motor_usart.o(.bss.Deal_Control_Rxtemp.started)
    [Anonymous Symbol]                       0x2020000a   Section        0  app_motor_usart.o(.bss.Deal_Control_Rxtemp.started)
    s_frame                                  0x202000f9   Data           8  bsp_camera_usart.o(.bss.s_frame)
    [Anonymous Symbol]                       0x202000f9   Section        0  bsp_camera_usart.o(.bss.s_frame)
    s_frame                                  0x20200104   Data           4  vision_servo_test.o(.bss.s_frame)
    [Anonymous Symbol]                       0x20200104   Section        0  vision_servo_test.o(.bss.s_frame)
    s_has_pos                                0x20200108   Data           1  vision_servo_test.o(.bss.s_has_pos)
    [Anonymous Symbol]                       0x20200108   Section        0  vision_servo_test.o(.bss.s_has_pos)
    s_has_seq                                0x20200109   Data           1  bsp_camera_usart.o(.bss.s_has_seq)
    [Anonymous Symbol]                       0x20200109   Section        0  bsp_camera_usart.o(.bss.s_has_seq)
    s_head                                   0x2020010a   Data           2  bsp_camera_usart.o(.bss.s_head)
    [Anonymous Symbol]                       0x2020010a   Section        0  bsp_camera_usart.o(.bss.s_head)
    s_i                                      0x2020010c   Data           1  bsp_camera_usart.o(.bss.s_i)
    [Anonymous Symbol]                       0x2020010c   Section        0  bsp_camera_usart.o(.bss.s_i)
    s_lost                                   0x2020010d   Data           1  vision_servo_test.o(.bss.s_lost)
    [Anonymous Symbol]                       0x2020010d   Section        0  vision_servo_test.o(.bss.s_lost)
    s_lost_ms                                0x20200110   Data           4  vision_servo_test.o(.bss.s_lost_ms)
    [Anonymous Symbol]                       0x20200110   Section        0  vision_servo_test.o(.bss.s_lost_ms)
    s_ms                                     0x20200114   Data           4  bsp_camera_usart.o(.bss.s_ms)
    [Anonymous Symbol]                       0x20200114   Section        0  bsp_camera_usart.o(.bss.s_ms)
    s_ms                                     0x20200118   Data           4  vision_servo_test.o(.bss.s_ms)
    [Anonymous Symbol]                       0x20200118   Section        0  vision_servo_test.o(.bss.s_ms)
    s_overflow                               0x2020011c   Data           4  bsp_camera_usart.o(.bss.s_overflow)
    [Anonymous Symbol]                       0x2020011c   Section        0  bsp_camera_usart.o(.bss.s_overflow)
    s_parse                                  0x20200120   Data           1  bsp_camera_usart.o(.bss.s_parse)
    [Anonymous Symbol]                       0x20200120   Section        0  bsp_camera_usart.o(.bss.s_parse)
    s_pos                                    0x20200124   Data           4  vision_servo_test.o(.bss.s_pos)
    [Anonymous Symbol]                       0x20200124   Section        0  vision_servo_test.o(.bss.s_pos)
    s_push                                   0x20200128   Data           4  vision_servo_test.o(.bss.s_push)
    [Anonymous Symbol]                       0x20200128   Section        0  vision_servo_test.o(.bss.s_push)
    s_rx                                     0x2020012c   Data         128  usart.o(.bss.s_rx)
    [Anonymous Symbol]                       0x2020012c   Section        0  usart.o(.bss.s_rx)
    s_rx                                     0x202001ac   Data         128  bsp_camera_usart.o(.bss.s_rx)
    [Anonymous Symbol]                       0x202001ac   Section        0  bsp_camera_usart.o(.bss.s_rx)
    s_rx                                     0x2020022c   Data         256  app_motor_usart.o(.bss.s_rx)
    [Anonymous Symbol]                       0x2020022c   Section        0  app_motor_usart.o(.bss.s_rx)
    s_rx_done                                0x2020032c   Data         256  app_motor_usart.o(.bss.s_rx_done)
    [Anonymous Symbol]                       0x2020032c   Section        0  app_motor_usart.o(.bss.s_rx_done)
    s_rx_len                                 0x2020042c   Data           2  usart.o(.bss.s_rx_len)
    [Anonymous Symbol]                       0x2020042c   Section        0  usart.o(.bss.s_rx_len)
    s_rx_ready                               0x2020042e   Data           1  usart.o(.bss.s_rx_ready)
    [Anonymous Symbol]                       0x2020042e   Section        0  usart.o(.bss.s_rx_ready)
    s_still_ms                               0x20200430   Data           4  vision_servo_test.o(.bss.s_still_ms)
    [Anonymous Symbol]                       0x20200430   Section        0  vision_servo_test.o(.bss.s_still_ms)
    s_tail                                   0x20200434   Data           2  bsp_camera_usart.o(.bss.s_tail)
    [Anonymous Symbol]                       0x20200434   Section        0  bsp_camera_usart.o(.bss.s_tail)
    s_vel                                    0x20200438   Data           4  vision_servo_test.o(.bss.s_vel)
    [Anonymous Symbol]                       0x20200438   Section        0  vision_servo_test.o(.bss.s_vel)
    STACK                                    0x20200470   Section     1024  startup_mspm0g350x_uvision.o(STACK)

    Global Symbols

    Symbol Name                              Value     Ov Type        Size  Object(Section)

    BuildAttributes$$THM_ISAv3M$S$PE$A:L22$X:L11$S22$IEEE1$IW$~IW$USESV6$~STKCKD$USESV7$~SHL$OTIME$ROPI$IEEEJ$EBA8$MICROLIB$REQ8$PRES8$EABIv2 0x00000000   Number         0  anon$$obj.o ABSOLUTE
    __Vectors                                0x00000000   Data           4  startup_mspm0g350x_uvision.o(RESET)
    __cpp_initialize__aeabi_                  - Undefined Weak Reference
    __cxa_finalize                            - Undefined Weak Reference
    __decompress                              - Undefined Weak Reference
    _clock_init                               - Undefined Weak Reference
    _microlib_exit                            - Undefined Weak Reference
    __Vectors_End                            0x000000c0   Data           0  startup_mspm0g350x_uvision.o(RESET)
    __Vectors_Size                           0x000000c0   Number         0  startup_mspm0g350x_uvision.o ABSOLUTE
    __main                                   0x000000c1   Thumb Code     0  entry.o(.ARM.Collect$$$$00000000)
    _main_stk                                0x000000c1   Thumb Code     0  entry2.o(.ARM.Collect$$$$00000001)
    _main_scatterload                        0x000000c5   Thumb Code     0  entry5.o(.ARM.Collect$$$$00000004)
    __main_after_scatterload                 0x000000c9   Thumb Code     0  entry5.o(.ARM.Collect$$$$00000004)
    _main_clock                              0x000000c9   Thumb Code     0  entry7b.o(.ARM.Collect$$$$00000008)
    _main_cpp_init                           0x000000c9   Thumb Code     0  entry8b.o(.ARM.Collect$$$$0000000A)
    _main_init                               0x000000c9   Thumb Code     0  entry9a.o(.ARM.Collect$$$$0000000B)
    __rt_final_cpp                           0x000000d1   Thumb Code     0  entry10a.o(.ARM.Collect$$$$0000000D)
    __rt_final_exit                          0x000000d1   Thumb Code     0  entry11a.o(.ARM.Collect$$$$0000000F)
    Reset_Handler                            0x000000d5   Thumb Code     4  startup_mspm0g350x_uvision.o(.text)
    NMI_Handler                              0x000000d9   Thumb Code     2  startup_mspm0g350x_uvision.o(.text)
    HardFault_Handler                        0x000000db   Thumb Code     2  startup_mspm0g350x_uvision.o(.text)
    SVC_Handler                              0x000000dd   Thumb Code     2  startup_mspm0g350x_uvision.o(.text)
    PendSV_Handler                           0x000000df   Thumb Code     2  startup_mspm0g350x_uvision.o(.text)
    SysTick_Handler                          0x000000e1   Thumb Code     2  startup_mspm0g350x_uvision.o(.text)
    ADC0_IRQHandler                          0x000000e3   Thumb Code     0  startup_mspm0g350x_uvision.o(.text)
    ADC1_IRQHandler                          0x000000e3   Thumb Code     0  startup_mspm0g350x_uvision.o(.text)
    AES_IRQHandler                           0x000000e3   Thumb Code     0  startup_mspm0g350x_uvision.o(.text)
    CANFD0_IRQHandler                        0x000000e3   Thumb Code     0  startup_mspm0g350x_uvision.o(.text)
    DAC0_IRQHandler                          0x000000e3   Thumb Code     0  startup_mspm0g350x_uvision.o(.text)
    DMA_IRQHandler                           0x000000e3   Thumb Code     0  startup_mspm0g350x_uvision.o(.text)
    Default_Handler                          0x000000e3   Thumb Code     2  startup_mspm0g350x_uvision.o(.text)
    GROUP0_IRQHandler                        0x000000e3   Thumb Code     0  startup_mspm0g350x_uvision.o(.text)
    GROUP1_IRQHandler                        0x000000e3   Thumb Code     0  startup_mspm0g350x_uvision.o(.text)
    I2C0_IRQHandler                          0x000000e3   Thumb Code     0  startup_mspm0g350x_uvision.o(.text)
    I2C1_IRQHandler                          0x000000e3   Thumb Code     0  startup_mspm0g350x_uvision.o(.text)
    RTC_IRQHandler                           0x000000e3   Thumb Code     0  startup_mspm0g350x_uvision.o(.text)
    SPI0_IRQHandler                          0x000000e3   Thumb Code     0  startup_mspm0g350x_uvision.o(.text)
    SPI1_IRQHandler                          0x000000e3   Thumb Code     0  startup_mspm0g350x_uvision.o(.text)
    TIMA0_IRQHandler                         0x000000e3   Thumb Code     0  startup_mspm0g350x_uvision.o(.text)
    TIMA1_IRQHandler                         0x000000e3   Thumb Code     0  startup_mspm0g350x_uvision.o(.text)
    TIMG0_IRQHandler                         0x000000e3   Thumb Code     0  startup_mspm0g350x_uvision.o(.text)
    TIMG6_IRQHandler                         0x000000e3   Thumb Code     0  startup_mspm0g350x_uvision.o(.text)
    TIMG7_IRQHandler                         0x000000e3   Thumb Code     0  startup_mspm0g350x_uvision.o(.text)
    TIMG8_IRQHandler                         0x000000e3   Thumb Code     0  startup_mspm0g350x_uvision.o(.text)
    UART2_IRQHandler                         0x000000e3   Thumb Code     0  startup_mspm0g350x_uvision.o(.text)
    __aeabi_memcpy                           0x000000e9   Thumb Code    36  memcpya.o(.text)
    __aeabi_memcpy4                          0x000000e9   Thumb Code     0  memcpya.o(.text)
    __aeabi_memcpy8                          0x000000e9   Thumb Code     0  memcpya.o(.text)
    __aeabi_memset                           0x0000010d   Thumb Code    14  memseta.o(.text)
    __aeabi_memset4                          0x0000010d   Thumb Code     0  memseta.o(.text)
    __aeabi_memset8                          0x0000010d   Thumb Code     0  memseta.o(.text)
    __aeabi_memclr                           0x0000011b   Thumb Code     4  memseta.o(.text)
    __aeabi_memclr4                          0x0000011b   Thumb Code     0  memseta.o(.text)
    __aeabi_memclr8                          0x0000011b   Thumb Code     0  memseta.o(.text)
    _memset$wrapper                          0x0000011f   Thumb Code    18  memseta.o(.text)
    __aeabi_fadd                             0x00000131   Thumb Code   162  fadd.o(.text)
    __aeabi_fsub                             0x000001d3   Thumb Code     8  fadd.o(.text)
    __aeabi_frsub                            0x000001db   Thumb Code     8  fadd.o(.text)
    __aeabi_fmul                             0x000001e3   Thumb Code   122  fmul.o(.text)
    __aeabi_fdiv                             0x0000025d   Thumb Code   124  fdiv.o(.text)
    __aeabi_fcmple                           0x000002d9   Thumb Code    28  fcmple.o(.text)
    __aeabi_fcmplt                           0x000002f5   Thumb Code    28  fcmplt.o(.text)
    __aeabi_fcmpge                           0x00000311   Thumb Code    28  fcmpge.o(.text)
    __aeabi_fcmpgt                           0x0000032d   Thumb Code    28  fcmpgt.o(.text)
    __aeabi_ui2f                             0x00000349   Thumb Code    14  ffltui.o(.text)
    __aeabi_ui2d                             0x00000359   Thumb Code    24  dfltui.o(.text)
    __aeabi_f2iz                             0x00000375   Thumb Code    50  ffixi.o(.text)
    __aeabi_f2d                              0x000003a7   Thumb Code    40  f2d.o(.text)
    __aeabi_uidiv                            0x000003cf   Thumb Code     0  uidiv_div0.o(.text)
    __aeabi_uidivmod                         0x000003cf   Thumb Code    62  uidiv_div0.o(.text)
    __aeabi_uldivmod                         0x0000040d   Thumb Code    96  uldiv.o(.text)
    __I$use$fp                               0x0000046d   Thumb Code     0  iusefp.o(.text)
    _float_round                             0x0000046d   Thumb Code    16  fepilogue.o(.text)
    _float_epilogue                          0x0000047d   Thumb Code   114  fepilogue.o(.text)
    _double_round                            0x000004ef   Thumb Code    26  depilogue.o(.text)
    _double_epilogue                         0x00000509   Thumb Code   164  depilogue.o(.text)
    __aeabi_dadd                             0x000005ad   Thumb Code   328  dadd.o(.text)
    __aeabi_dsub                             0x000006f5   Thumb Code    12  dadd.o(.text)
    __aeabi_drsub                            0x00000701   Thumb Code    12  dadd.o(.text)
    __aeabi_dmul                             0x00000711   Thumb Code   202  dmul.o(.text)
    __aeabi_ddiv                             0x000007e1   Thumb Code   234  ddiv.o(.text)
    __aeabi_d2ulz                            0x000008d1   Thumb Code    54  dfixul.o(.text)
    __aeabi_cdrcmple                         0x00000911   Thumb Code    38  cdrcmple.o(.text)
    __scatterload                            0x00000939   Thumb Code    38  init.o(.text)
    __scatterload_rt2                        0x00000939   Thumb Code     0  init.o(.text)
    __aeabi_llsl                             0x00000969   Thumb Code    32  llshl.o(.text)
    _ll_shift_l                              0x00000969   Thumb Code     0  llshl.o(.text)
    __aeabi_llsr                             0x00000989   Thumb Code    34  llushr.o(.text)
    _ll_ushift_r                             0x00000989   Thumb Code     0  llushr.o(.text)
    __aeabi_lasr                             0x000009ab   Thumb Code    38  llsshr.o(.text)
    _ll_sshift_r                             0x000009ab   Thumb Code     0  llsshr.o(.text)
    Camera_Vision_GetTimeMs                  0x00000ccd   Thumb Code     8  bsp_camera_usart.o(.text.Camera_Vision_GetTimeMs)
    Camera_Vision_Init                       0x00000cd5   Thumb Code   120  bsp_camera_usart.o(.text.Camera_Vision_Init)
    Camera_Vision_IsUsable                   0x00000d51   Thumb Code    60  bsp_camera_usart.o(.text.Camera_Vision_IsUsable)
    Camera_Vision_Process                    0x00000d8d   Thumb Code    72  bsp_camera_usart.o(.text.Camera_Vision_Process)
    DL_Common_delayCycles                    0x00000de9   Thumb Code    20  dl_common.o(.text.DL_Common_delayCycles)
    DL_I2C_setClockConfig                    0x00001061   Thumb Code    48  dl_i2c.o(.text.DL_I2C_setClockConfig)
    DL_Timer_initFourCCPWMMode               0x00001205   Thumb Code   232  dl_timer.o(.text.DL_Timer_initFourCCPWMMode)
    DL_Timer_initTimerMode                   0x000012ed   Thumb Code   252  dl_timer.o(.text.DL_Timer_initTimerMode)
    DL_Timer_setCaptCompUpdateMethod         0x00001529   Thumb Code    48  dl_timer.o(.text.DL_Timer_setCaptCompUpdateMethod)
    DL_Timer_setCaptureCompareAction         0x00001559   Thumb Code    44  dl_timer.o(.text.DL_Timer_setCaptureCompareAction)
    DL_Timer_setCaptureCompareCtl            0x0000158d   Thumb Code    52  dl_timer.o(.text.DL_Timer_setCaptureCompareCtl)
    DL_Timer_setCaptureCompareInput          0x000015c9   Thumb Code    52  dl_timer.o(.text.DL_Timer_setCaptureCompareInput)
    DL_Timer_setCaptureCompareOutCtl         0x000015fd   Thumb Code    60  dl_timer.o(.text.DL_Timer_setCaptureCompareOutCtl)
    DL_Timer_setCaptureCompareValue          0x0000163d   Thumb Code    40  dl_timer.o(.text.DL_Timer_setCaptureCompareValue)
    DL_Timer_setClockConfig                  0x00001669   Thumb Code    44  dl_timer.o(.text.DL_Timer_setClockConfig)
    DL_UART_init                             0x00001791   Thumb Code    68  dl_uart.o(.text.DL_UART_init)
    DL_UART_setClockConfig                   0x00001889   Thumb Code    32  dl_uart.o(.text.DL_UART_setClockConfig)
    Deal_Control_Rxtemp                      0x000018e1   Thumb Code   152  app_motor_usart.o(.text.Deal_Control_Rxtemp)
    SYSCFG_DL_GPIO_init                      0x0000198d   Thumb Code   284  ti_msp_dl_config.o(.text.SYSCFG_DL_GPIO_init)
    SYSCFG_DL_I2C_0_init                     0x00001aa9   Thumb Code    80  ti_msp_dl_config.o(.text.SYSCFG_DL_I2C_0_init)
    SYSCFG_DL_SERVO_PWM_init                 0x00001afd   Thumb Code    76  ti_msp_dl_config.o(.text.SYSCFG_DL_SERVO_PWM_init)
    SYSCFG_DL_SYSCTL_init                    0x00001b51   Thumb Code    34  ti_msp_dl_config.o(.text.SYSCFG_DL_SYSCTL_init)
    SYSCFG_DL_SYSTICK_init                   0x00001b73   Thumb Code    14  ti_msp_dl_config.o(.text.SYSCFG_DL_SYSTICK_init)
    SYSCFG_DL_UART_0_init                    0x00001b81   Thumb Code    60  ti_msp_dl_config.o(.text.SYSCFG_DL_UART_0_init)
    SYSCFG_DL_UART_1_init                    0x00001bc5   Thumb Code    60  ti_msp_dl_config.o(.text.SYSCFG_DL_UART_1_init)
    SYSCFG_DL_UART_3_init                    0x00001c09   Thumb Code    60  ti_msp_dl_config.o(.text.SYSCFG_DL_UART_3_init)
    SYSCFG_DL_init                           0x00001c4d   Thumb Code    56  ti_msp_dl_config.o(.text.SYSCFG_DL_init)
    SYSCFG_DL_initPower                      0x00001c8d   Thumb Code   112  ti_msp_dl_config.o(.text.SYSCFG_DL_initPower)
    Servo_Init                               0x00001d09   Thumb Code    16  servo.o(.text.Servo_Init)
    Servo_SetAngle                           0x00001d19   Thumb Code    72  servo.o(.text.Servo_SetAngle)
    TIMG12_IRQHandler                        0x00001d69   Thumb Code    28  bsp_camera_usart.o(.text.TIMG12_IRQHandler)
    UART0_IRQHandler                         0x00001d8d   Thumb Code    80  usart.o(.text.UART0_IRQHandler)
    UART1_IRQHandler                         0x00001ded   Thumb Code    48  bsp_motor_usart.o(.text.UART1_IRQHandler)
    UART3_IRQHandler                         0x00001e21   Thumb Code    88  bsp_camera_usart.o(.text.UART3_IRQHandler)
    USART_Init                               0x00001e8d   Thumb Code    54  usart.o(.text.USART_Init)
    Vision_Servo_Test_Init                   0x00001ec5   Thumb Code    68  vision_servo_test.o(.text.Vision_Servo_Test_Init)
    Vision_Servo_Test_Update                 0x00001f09   Thumb Code   840  vision_servo_test.o(.text.Vision_Servo_Test_Update)
    fputc                                    0x000023d1   Thumb Code    40  usart.o(.text.fputc)
    main                                     0x000023fd   Thumb Code    44  empty.o(.text.main)
    __0printf                                0x000024fd   Thumb Code    24  printfa.o(i.__0printf)
    __1printf                                0x000024fd   Thumb Code     0  printfa.o(i.__0printf)
    __2printf                                0x000024fd   Thumb Code     0  printfa.o(i.__0printf)
    __c89printf                              0x000024fd   Thumb Code     0  printfa.o(i.__0printf)
    printf                                   0x000024fd   Thumb Code     0  printfa.o(i.__0printf)
    __ARM_clz                                0x0000251d   Thumb Code    46  depilogue.o(i.__ARM_clz)
    __scatterload_copy                       0x00002551   Thumb Code    14  handlers.o(i.__scatterload_copy)
    __scatterload_null                       0x00002561   Thumb Code     2  handlers.o(i.__scatterload_null)
    __scatterload_zeroinit                   0x00002569   Thumb Code    14  handlers.o(i.__scatterload_zeroinit)
    Region$$Table$$Base                      0x00002ee4   Number         0  anon$$obj.o(Region$$Table)
    Region$$Table$$Limit                     0x00002f04   Number         0  anon$$obj.o(Region$$Table)
    __stdout                                 0x20200000   Data           4  stdout.o(.data)
    gSERVO_PWMBackup                         0x2020000c   Data         188  ti_msp_dl_config.o(.bss.gSERVO_PWMBackup)
    gUART_3Backup                            0x202000c8   Data          48  ti_msp_dl_config.o(.bss.gUART_3Backup)
    g_recv_flag                              0x202000f8   Data           1  app_motor_usart.o(.bss.g_recv_flag)
    vision                                   0x2020043c   Data          48  bsp_camera_usart.o(.bss.vision)
    __initial_sp                             0x20200870   Data           0  startup_mspm0g350x_uvision.o(STACK)



==============================================================================

Memory Map of the image

  Image Entry point : 0x000000c1

  Load Region LR_IROM1 (Base: 0x00000000, Size: 0x00002f10, Max: 0x00020000, ABSOLUTE)

    Execution Region ER_IROM1 (Exec base: 0x00000000, Load base: 0x00000000, Size: 0x00002f04, Max: 0x00020000, ABSOLUTE)

    Exec Addr    Load Addr    Size         Type   Attr      Idx    E Section Name        Object

    0x00000000   0x00000000   0x000000c0   Data   RO           13    RESET               startup_mspm0g350x_uvision.o
    0x000000c0   0x000000c0   0x00000000   Code   RO         1589  * .ARM.Collect$$$$00000000  mc_p.l(entry.o)
    0x000000c0   0x000000c0   0x00000004   Code   RO         1670    .ARM.Collect$$$$00000001  mc_p.l(entry2.o)
    0x000000c4   0x000000c4   0x00000004   Code   RO         1673    .ARM.Collect$$$$00000004  mc_p.l(entry5.o)
    0x000000c8   0x000000c8   0x00000000   Code   RO         1675    .ARM.Collect$$$$00000008  mc_p.l(entry7b.o)
    0x000000c8   0x000000c8   0x00000000   Code   RO         1677    .ARM.Collect$$$$0000000A  mc_p.l(entry8b.o)
    0x000000c8   0x000000c8   0x00000008   Code   RO         1678    .ARM.Collect$$$$0000000B  mc_p.l(entry9a.o)
    0x000000d0   0x000000d0   0x00000000   Code   RO         1680    .ARM.Collect$$$$0000000D  mc_p.l(entry10a.o)
    0x000000d0   0x000000d0   0x00000000   Code   RO         1682    .ARM.Collect$$$$0000000F  mc_p.l(entry11a.o)
    0x000000d0   0x000000d0   0x00000004   Code   RO         1671    .ARM.Collect$$$$00002712  mc_p.l(entry2.o)
    0x000000d4   0x000000d4   0x00000014   Code   RO           14    .text               startup_mspm0g350x_uvision.o
    0x000000e8   0x000000e8   0x00000024   Code   RO         1596    .text               mc_p.l(memcpya.o)
    0x0000010c   0x0000010c   0x00000024   Code   RO         1598    .text               mc_p.l(memseta.o)
    0x00000130   0x00000130   0x000000b2   Code   RO         1644    .text               mf_p.l(fadd.o)
    0x000001e2   0x000001e2   0x0000007a   Code   RO         1646    .text               mf_p.l(fmul.o)
    0x0000025c   0x0000025c   0x0000007c   Code   RO         1648    .text               mf_p.l(fdiv.o)
    0x000002d8   0x000002d8   0x0000001c   Code   RO         1650    .text               mf_p.l(fcmple.o)
    0x000002f4   0x000002f4   0x0000001c   Code   RO         1652    .text               mf_p.l(fcmplt.o)
    0x00000310   0x00000310   0x0000001c   Code   RO         1654    .text               mf_p.l(fcmpge.o)
    0x0000032c   0x0000032c   0x0000001c   Code   RO         1656    .text               mf_p.l(fcmpgt.o)
    0x00000348   0x00000348   0x0000000e   Code   RO         1660    .text               mf_p.l(ffltui.o)
    0x00000356   0x00000356   0x00000002   PAD
    0x00000358   0x00000358   0x0000001c   Code   RO         1662    .text               mf_p.l(dfltui.o)
    0x00000374   0x00000374   0x00000032   Code   RO         1664    .text               mf_p.l(ffixi.o)
    0x000003a6   0x000003a6   0x00000028   Code   RO         1666    .text               mf_p.l(f2d.o)
    0x000003ce   0x000003ce   0x0000003e   Code   RO         1687    .text               mc_p.l(uidiv_div0.o)
    0x0000040c   0x0000040c   0x00000060   Code   RO         1693    .text               mc_p.l(uldiv.o)
    0x0000046c   0x0000046c   0x00000000   Code   RO         1706    .text               mc_p.l(iusefp.o)
    0x0000046c   0x0000046c   0x00000082   Code   RO         1707    .text               mf_p.l(fepilogue.o)
    0x000004ee   0x000004ee   0x000000be   Code   RO         1709    .text               mf_p.l(depilogue.o)
    0x000005ac   0x000005ac   0x00000164   Code   RO         1713    .text               mf_p.l(dadd.o)
    0x00000710   0x00000710   0x000000d0   Code   RO         1715    .text               mf_p.l(dmul.o)
    0x000007e0   0x000007e0   0x000000f0   Code   RO         1717    .text               mf_p.l(ddiv.o)
    0x000008d0   0x000008d0   0x00000040   Code   RO         1719    .text               mf_p.l(dfixul.o)
    0x00000910   0x00000910   0x00000028   Code   RO         1721    .text               mf_p.l(cdrcmple.o)
    0x00000938   0x00000938   0x00000030   Code   RO         1723    .text               mc_p.l(init.o)
    0x00000968   0x00000968   0x00000020   Code   RO         1725    .text               mc_p.l(llshl.o)
    0x00000988   0x00000988   0x00000022   Code   RO         1727    .text               mc_p.l(llushr.o)
    0x000009aa   0x000009aa   0x00000026   Code   RO         1729    .text               mc_p.l(llsshr.o)
    0x000009d0   0x000009d0   0x00000046   Code   RO         1368    .text.Camera_Checksum  bsp_camera_usart.o
    0x00000a16   0x00000a16   0x00000002   PAD
    0x00000a18   0x00000a18   0x000000b8   Code   RO         1366    .text.Camera_HandleFrame  bsp_camera_usart.o
    0x00000ad0   0x00000ad0   0x00000048   Code   RO         1370    .text.Camera_IsNewSequence  bsp_camera_usart.o
    0x00000b18   0x00000b18   0x000000a8   Code   RO         1336    .text.Camera_ParseByte  bsp_camera_usart.o
    0x00000bc0   0x00000bc0   0x00000018   Code   RO         1326    .text.Camera_ResetParser  bsp_camera_usart.o
    0x00000bd8   0x00000bd8   0x00000054   Code   RO         1330    .text.Camera_Time_Init  bsp_camera_usart.o
    0x00000c2c   0x00000c2c   0x00000026   Code   RO         1334    .text.Camera_Uart_NextIndex  bsp_camera_usart.o
    0x00000c52   0x00000c52   0x00000002   PAD
    0x00000c54   0x00000c54   0x00000078   Code   RO         1372    .text.Camera_UpdateSequence  bsp_camera_usart.o
    0x00000ccc   0x00000ccc   0x00000008   Code   RO         1338    .text.Camera_Vision_GetTimeMs  bsp_camera_usart.o
    0x00000cd4   0x00000cd4   0x0000007c   Code   RO         1328    .text.Camera_Vision_Init  bsp_camera_usart.o
    0x00000d50   0x00000d50   0x0000003c   Code   RO         1340    .text.Camera_Vision_IsUsable  bsp_camera_usart.o
    0x00000d8c   0x00000d8c   0x0000005c   Code   RO         1332    .text.Camera_Vision_Process  bsp_camera_usart.o
    0x00000de8   0x00000de8   0x00000014   Code   RO          192    .text.DL_Common_delayCycles  dl_common.o
    0x00000dfc   0x00000dfc   0x00000028   Code   RO          119    .text.DL_Common_updateReg  ti_msp_dl_config.o
    0x00000e24   0x00000e24   0x00000028   Code   RO          493    .text.DL_Common_updateReg  dl_i2c.o
    0x00000e4c   0x00000e4c   0x00000028   Code   RO         1081    .text.DL_Common_updateReg  dl_timer.o
    0x00000e74   0x00000e74   0x00000028   Code   RO         1187    .text.DL_Common_updateReg  dl_uart.o
    0x00000e9c   0x00000e9c   0x00000014   Code   RO           75    .text.DL_GPIO_clearPins  ti_msp_dl_config.o
    0x00000eb0   0x00000eb0   0x00000018   Code   RO           67    .text.DL_GPIO_enableHiZ  ti_msp_dl_config.o
    0x00000ec8   0x00000ec8   0x00000018   Code   RO           63    .text.DL_GPIO_enableOutput  ti_msp_dl_config.o
    0x00000ee0   0x00000ee0   0x00000014   Code   RO           53    .text.DL_GPIO_enablePower  ti_msp_dl_config.o
    0x00000ef4   0x00000ef4   0x00000030   Code   RO           71    .text.DL_GPIO_initDigitalInputFeatures  ti_msp_dl_config.o
    0x00000f24   0x00000f24   0x00000014   Code   RO           73    .text.DL_GPIO_initDigitalOutput  ti_msp_dl_config.o
    0x00000f38   0x00000f38   0x00000018   Code   RO           69    .text.DL_GPIO_initPeripheralInputFunction  ti_msp_dl_config.o
    0x00000f50   0x00000f50   0x00000038   Code   RO           65    .text.DL_GPIO_initPeripheralInputFunctionFeatures  ti_msp_dl_config.o
    0x00000f88   0x00000f88   0x0000001c   Code   RO           61    .text.DL_GPIO_initPeripheralOutputFunction  ti_msp_dl_config.o
    0x00000fa4   0x00000fa4   0x00000010   Code   RO           45    .text.DL_GPIO_reset  ti_msp_dl_config.o
    0x00000fb4   0x00000fb4   0x00000018   Code   RO           93    .text.DL_I2C_enableAnalogGlitchFilter  ti_msp_dl_config.o
    0x00000fcc   0x00000fcc   0x00000014   Code   RO          105    .text.DL_I2C_enableController  ti_msp_dl_config.o
    0x00000fe0   0x00000fe0   0x00000018   Code   RO          103    .text.DL_I2C_enableControllerClockStretching  ti_msp_dl_config.o
    0x00000ff8   0x00000ff8   0x00000014   Code   RO           57    .text.DL_I2C_enablePower  ti_msp_dl_config.o
    0x0000100c   0x0000100c   0x00000018   Code   RO           49    .text.DL_I2C_reset  ti_msp_dl_config.o
    0x00001024   0x00001024   0x00000014   Code   RO           95    .text.DL_I2C_resetControllerTransfer  ti_msp_dl_config.o
    0x00001038   0x00001038   0x00000026   Code   RO           91    .text.DL_I2C_setAnalogGlitchFilterPulseWidth  ti_msp_dl_config.o
    0x0000105e   0x0000105e   0x00000002   PAD
    0x00001060   0x00001060   0x00000034   Code   RO          491    .text.DL_I2C_setClockConfig  dl_i2c.o
    0x00001094   0x00001094   0x00000024   Code   RO          101    .text.DL_I2C_setControllerRXFIFOThreshold  ti_msp_dl_config.o
    0x000010b8   0x000010b8   0x00000028   Code   RO           99    .text.DL_I2C_setControllerTXFIFOThreshold  ti_msp_dl_config.o
    0x000010e0   0x000010e0   0x00000018   Code   RO           97    .text.DL_I2C_setTimerPeriod  ti_msp_dl_config.o
    0x000010f8   0x000010f8   0x0000000c   Code   RO           81    .text.DL_SYSCTL_disableHFXT  ti_msp_dl_config.o
    0x00001104   0x00001104   0x00000014   Code   RO           83    .text.DL_SYSCTL_disableSYSPLL  ti_msp_dl_config.o
    0x00001118   0x00001118   0x00000014   Code   RO           85    .text.DL_SYSCTL_enableMFCLK  ti_msp_dl_config.o
    0x0000112c   0x0000112c   0x00000018   Code   RO           77    .text.DL_SYSCTL_setBORThreshold  ti_msp_dl_config.o
    0x00001144   0x00001144   0x0000001c   Code   RO           79    .text.DL_SYSCTL_setSYSOSCFreq  ti_msp_dl_config.o
    0x00001160   0x00001160   0x0000000c   Code   RO          117    .text.DL_SYSTICK_enable  ti_msp_dl_config.o
    0x0000116c   0x0000116c   0x00000028   Code   RO          115    .text.DL_SYSTICK_init  ti_msp_dl_config.o
    0x00001194   0x00001194   0x00000014   Code   RO           87    .text.DL_Timer_enableClock  ti_msp_dl_config.o
    0x000011a8   0x000011a8   0x0000001c   Code   RO         1358    .text.DL_Timer_enableInterrupt  bsp_camera_usart.o
    0x000011c4   0x000011c4   0x00000014   Code   RO           55    .text.DL_Timer_enablePower  ti_msp_dl_config.o
    0x000011d8   0x000011d8   0x00000018   Code   RO         1356    .text.DL_Timer_enablePower  bsp_camera_usart.o
    0x000011f0   0x000011f0   0x00000012   Code   RO         1352    .text.DL_Timer_getPendingInterrupt  bsp_camera_usart.o
    0x00001202   0x00001202   0x00000002   PAD
    0x00001204   0x00001204   0x000000e8   Code   RO         1147    .text.DL_Timer_initFourCCPWMMode  dl_timer.o
    0x000012ec   0x000012ec   0x000000fc   Code   RO         1063    .text.DL_Timer_initTimerMode  dl_timer.o
    0x000013e8   0x000013e8   0x0000010c   Code   RO         1149    .text.DL_Timer_initTwoCCPWMMode  dl_timer.o
    0x000014f4   0x000014f4   0x00000010   Code   RO           47    .text.DL_Timer_reset  ti_msp_dl_config.o
    0x00001504   0x00001504   0x00000010   Code   RO         1354    .text.DL_Timer_reset  bsp_camera_usart.o
    0x00001514   0x00001514   0x00000014   Code   RO           89    .text.DL_Timer_setCCPDirection  ti_msp_dl_config.o
    0x00001528   0x00001528   0x00000030   Code   RO         1117    .text.DL_Timer_setCaptCompUpdateMethod  dl_timer.o
    0x00001558   0x00001558   0x00000034   Code   RO         1125    .text.DL_Timer_setCaptureCompareAction  dl_timer.o
    0x0000158c   0x0000158c   0x0000003c   Code   RO         1071    .text.DL_Timer_setCaptureCompareCtl  dl_timer.o
    0x000015c8   0x000015c8   0x00000034   Code   RO         1077    .text.DL_Timer_setCaptureCompareInput  dl_timer.o
    0x000015fc   0x000015fc   0x00000040   Code   RO         1121    .text.DL_Timer_setCaptureCompareOutCtl  dl_timer.o
    0x0000163c   0x0000163c   0x0000002c   Code   RO         1069    .text.DL_Timer_setCaptureCompareValue  dl_timer.o
    0x00001668   0x00001668   0x00000030   Code   RO         1059    .text.DL_Timer_setClockConfig  dl_timer.o
    0x00001698   0x00001698   0x0000001c   Code   RO         1067    .text.DL_Timer_setCounterValueAfterEnable  dl_timer.o
    0x000016b4   0x000016b4   0x00000018   Code   RO         1065    .text.DL_Timer_setLoadValue  dl_timer.o
    0x000016cc   0x000016cc   0x00000014   Code   RO         1285    .text.DL_Timer_startCounter  servo.o
    0x000016e0   0x000016e0   0x00000018   Code   RO         1364    .text.DL_Timer_startCounter  bsp_camera_usart.o
    0x000016f8   0x000016f8   0x00000016   Code   RO         1185    .text.DL_UART_disable  dl_uart.o
    0x0000170e   0x0000170e   0x00000016   Code   RO          113    .text.DL_UART_enable  ti_msp_dl_config.o
    0x00001724   0x00001724   0x0000001c   Code   RO          111    .text.DL_UART_enableInterrupt  ti_msp_dl_config.o
    0x00001740   0x00001740   0x00000018   Code   RO           59    .text.DL_UART_enablePower  ti_msp_dl_config.o
    0x00001758   0x00001758   0x00000012   Code   RO         1310    .text.DL_UART_getPendingInterrupt  usart.o
    0x0000176a   0x0000176a   0x00000012   Code   RO         1346    .text.DL_UART_getPendingInterrupt  bsp_camera_usart.o
    0x0000177c   0x0000177c   0x00000012   Code   RO         1532    .text.DL_UART_getPendingInterrupt  bsp_motor_usart.o
    0x0000178e   0x0000178e   0x00000002   PAD
    0x00001790   0x00001790   0x00000048   Code   RO         1183    .text.DL_UART_init  dl_uart.o
    0x000017d8   0x000017d8   0x00000018   Code   RO         1302    .text.DL_UART_isBusy  usart.o
    0x000017f0   0x000017f0   0x00000010   Code   RO         1312    .text.DL_UART_receiveData  usart.o
    0x00001800   0x00001800   0x00000010   Code   RO         1348    .text.DL_UART_receiveData  bsp_camera_usart.o
    0x00001810   0x00001810   0x00000014   Code   RO         1534    .text.DL_UART_receiveData  bsp_motor_usart.o
    0x00001824   0x00001824   0x00000018   Code   RO           51    .text.DL_UART_reset  ti_msp_dl_config.o
    0x0000183c   0x0000183c   0x0000004c   Code   RO          109    .text.DL_UART_setBaudRateDivisor  ti_msp_dl_config.o
    0x00001888   0x00001888   0x00000024   Code   RO         1189    .text.DL_UART_setClockConfig  dl_uart.o
    0x000018ac   0x000018ac   0x0000001e   Code   RO          107    .text.DL_UART_setOversampling  ti_msp_dl_config.o
    0x000018ca   0x000018ca   0x00000016   Code   RO         1304    .text.DL_UART_transmitData  usart.o
    0x000018e0   0x000018e0   0x000000ac   Code   RO         1498    .text.Deal_Control_Rxtemp  app_motor_usart.o
    0x0000198c   0x0000198c   0x0000011c   Code   RO           25    .text.SYSCFG_DL_GPIO_init  ti_msp_dl_config.o
    0x00001aa8   0x00001aa8   0x00000054   Code   RO           31    .text.SYSCFG_DL_I2C_0_init  ti_msp_dl_config.o
    0x00001afc   0x00001afc   0x00000054   Code   RO           29    .text.SYSCFG_DL_SERVO_PWM_init  ti_msp_dl_config.o
    0x00001b50   0x00001b50   0x00000022   Code   RO           27    .text.SYSCFG_DL_SYSCTL_init  ti_msp_dl_config.o
    0x00001b72   0x00001b72   0x0000000e   Code   RO           39    .text.SYSCFG_DL_SYSTICK_init  ti_msp_dl_config.o
    0x00001b80   0x00001b80   0x00000044   Code   RO           33    .text.SYSCFG_DL_UART_0_init  ti_msp_dl_config.o
    0x00001bc4   0x00001bc4   0x00000044   Code   RO           35    .text.SYSCFG_DL_UART_1_init  ti_msp_dl_config.o
    0x00001c08   0x00001c08   0x00000044   Code   RO           37    .text.SYSCFG_DL_UART_3_init  ti_msp_dl_config.o
    0x00001c4c   0x00001c4c   0x00000040   Code   RO           21    .text.SYSCFG_DL_init  ti_msp_dl_config.o
    0x00001c8c   0x00001c8c   0x0000007c   Code   RO           23    .text.SYSCFG_DL_initPower  ti_msp_dl_config.o
    0x00001d08   0x00001d08   0x00000010   Code   RO         1281    .text.Servo_Init    servo.o
    0x00001d18   0x00001d18   0x00000050   Code   RO         1283    .text.Servo_SetAngle  servo.o
    0x00001d68   0x00001d68   0x00000024   Code   RO         1350    .text.TIMG12_IRQHandler  bsp_camera_usart.o
    0x00001d8c   0x00001d8c   0x00000060   Code   RO         1308    .text.UART0_IRQHandler  usart.o
    0x00001dec   0x00001dec   0x00000034   Code   RO         1530    .text.UART1_IRQHandler  bsp_motor_usart.o
    0x00001e20   0x00001e20   0x0000006c   Code   RO         1344    .text.UART3_IRQHandler  bsp_camera_usart.o
    0x00001e8c   0x00001e8c   0x00000036   Code   RO         1294    .text.USART_Init    usart.o
    0x00001ec2   0x00001ec2   0x00000002   PAD
    0x00001ec4   0x00001ec4   0x00000044   Code   RO         1393    .text.Vision_Servo_Test_Init  vision_servo_test.o
    0x00001f08   0x00001f08   0x000003b4   Code   RO         1395    .text.Vision_Servo_Test_Update  vision_servo_test.o
    0x000022bc   0x000022bc   0x00000028   Code   RO         1296    .text.__NVIC_ClearPendingIRQ  usart.o
    0x000022e4   0x000022e4   0x0000002c   Code   RO         1360    .text.__NVIC_ClearPendingIRQ  bsp_camera_usart.o
    0x00002310   0x00002310   0x00000028   Code   RO         1298    .text.__NVIC_EnableIRQ  usart.o
    0x00002338   0x00002338   0x0000002c   Code   RO         1362    .text.__NVIC_EnableIRQ  bsp_camera_usart.o
    0x00002364   0x00002364   0x0000002c   Code   RO         1399    .text.absf          vision_servo_test.o
    0x00002390   0x00002390   0x0000003e   Code   RO         1401    .text.clampf        vision_servo_test.o
    0x000023ce   0x000023ce   0x00000002   PAD
    0x000023d0   0x000023d0   0x0000002c   Code   RO         1306    .text.fputc         usart.o
    0x000023fc   0x000023fc   0x00000030   Code   RO            2    .text.main          empty.o
    0x0000242c   0x0000242c   0x00000098   Code   RO         1397    .text.set_ang       vision_servo_test.o
    0x000024c4   0x000024c4   0x00000038   Code   RO         1403    .text.set_ang_now   vision_servo_test.o
    0x000024fc   0x000024fc   0x00000020   Code   RO         1615    i.__0printf         mc_p.l(printfa.o)
    0x0000251c   0x0000251c   0x0000002e   Code   RO         1711    i.__ARM_clz         mf_p.l(depilogue.o)
    0x0000254a   0x0000254a   0x00000006   PAD
    0x00002550   0x00002550   0x0000000e   Code   RO         1780    i.__scatterload_copy  mc_p.l(handlers.o)
    0x0000255e   0x0000255e   0x00000002   PAD
    0x00002560   0x00002560   0x00000002   Code   RO         1781    i.__scatterload_null  mc_p.l(handlers.o)
    0x00002562   0x00002562   0x00000006   PAD
    0x00002568   0x00002568   0x0000000e   Code   RO         1782    i.__scatterload_zeroinit  mc_p.l(handlers.o)
    0x00002576   0x00002576   0x00000002   PAD
    0x00002578   0x00002578   0x00000174   Code   RO         1622    i._fp_digits        mc_p.l(printfa.o)
    0x000026ec   0x000026ec   0x000006ec   Code   RO         1623    i._printf_core      mc_p.l(printfa.o)
    0x00002dd8   0x00002dd8   0x00000020   Code   RO         1624    i._printf_post_padding  mc_p.l(printfa.o)
    0x00002df8   0x00002df8   0x0000002c   Code   RO         1625    i._printf_pre_padding  mc_p.l(printfa.o)
    0x00002e24   0x00002e24   0x00000002   Data   RO          125    .rodata.gI2C_0ClockConfig  ti_msp_dl_config.o
    0x00002e26   0x00002e26   0x00000003   Data   RO          123    .rodata.gSERVO_PWMClockConfig  ti_msp_dl_config.o
    0x00002e29   0x00002e29   0x00000003   PAD
    0x00002e2c   0x00002e2c   0x00000008   Data   RO          124    .rodata.gSERVO_PWMConfig  ti_msp_dl_config.o
    0x00002e34   0x00002e34   0x00000002   Data   RO          126    .rodata.gUART_0ClockConfig  ti_msp_dl_config.o
    0x00002e36   0x00002e36   0x0000000a   Data   RO          127    .rodata.gUART_0Config  ti_msp_dl_config.o
    0x00002e40   0x00002e40   0x00000002   Data   RO          128    .rodata.gUART_1ClockConfig  ti_msp_dl_config.o
    0x00002e42   0x00002e42   0x0000000a   Data   RO          129    .rodata.gUART_1Config  ti_msp_dl_config.o
    0x00002e4c   0x00002e4c   0x00000002   Data   RO          130    .rodata.gUART_3ClockConfig  ti_msp_dl_config.o
    0x00002e4e   0x00002e4e   0x0000000a   Data   RO          131    .rodata.gUART_3Config  ti_msp_dl_config.o
    0x00002e58   0x00002e58   0x00000014   Data   RO         1384    .rodata.s_time_cfg  bsp_camera_usart.o
    0x00002e6c   0x00002e6c   0x00000003   Data   RO         1383    .rodata.s_time_clk  bsp_camera_usart.o
    0x00002e6f   0x00002e6f   0x0000000f   Data   RO            4    .rodata.str1.1      empty.o
    0x00002e7e   0x00002e7e   0x00000065   Data   RO         1415    .rodata.str1.1      vision_servo_test.o
    0x00002ee3   0x00002ee3   0x00000001   PAD
    0x00002ee4   0x00002ee4   0x00000020   Data   RO         1779    Region$$Table       anon$$obj.o


    Execution Region RW_IRAM2 (Exec base: 0x20200000, Load base: 0x00002f08, Size: 0x00000870, Max: 0x00008000, ABSOLUTE)

    Exec Addr    Load Addr    Size         Type   Attr      Idx    E Section Name        Object

    0x20200000   0x00002f08   0x00000004   Data   RW         1684    .data               mc_p.l(stdout.o)
    0x20200004   0x00002f0c   0x00000004   Data   RW         1411    .data.s_ang         vision_servo_test.o
    0x20200008        -       0x00000002   Zero   RW         1506    .bss.Deal_Control_Rxtemp.n  app_motor_usart.o
    0x2020000a        -       0x00000001   Zero   RW         1507    .bss.Deal_Control_Rxtemp.started  app_motor_usart.o
    0x2020000b   0x00002f10   0x00000001   PAD
    0x2020000c        -       0x000000bc   Zero   RW          121    .bss.gSERVO_PWMBackup  ti_msp_dl_config.o
    0x202000c8        -       0x00000030   Zero   RW          122    .bss.gUART_3Backup  ti_msp_dl_config.o
    0x202000f8        -       0x00000001   Zero   RW         1509    .bss.g_recv_flag    app_motor_usart.o
    0x202000f9        -       0x00000008   Zero   RW         1385    .bss.s_frame        bsp_camera_usart.o
    0x20200101   0x00002f10   0x00000003   PAD
    0x20200104        -       0x00000004   Zero   RW         1405    .bss.s_frame        vision_servo_test.o
    0x20200108        -       0x00000001   Zero   RW         1412    .bss.s_has_pos      vision_servo_test.o
    0x20200109        -       0x00000001   Zero   RW         1382    .bss.s_has_seq      bsp_camera_usart.o
    0x2020010a        -       0x00000002   Zero   RW         1375    .bss.s_head         bsp_camera_usart.o
    0x2020010c        -       0x00000001   Zero   RW         1381    .bss.s_i            bsp_camera_usart.o
    0x2020010d        -       0x00000001   Zero   RW         1413    .bss.s_lost         vision_servo_test.o
    0x2020010e   0x00002f10   0x00000002   PAD
    0x20200110        -       0x00000004   Zero   RW         1414    .bss.s_lost_ms      vision_servo_test.o
    0x20200114        -       0x00000004   Zero   RW         1378    .bss.s_ms           bsp_camera_usart.o
    0x20200118        -       0x00000004   Zero   RW         1406    .bss.s_ms           vision_servo_test.o
    0x2020011c        -       0x00000004   Zero   RW         1377    .bss.s_overflow     bsp_camera_usart.o
    0x20200120        -       0x00000001   Zero   RW         1380    .bss.s_parse        bsp_camera_usart.o
    0x20200121   0x00002f10   0x00000003   PAD
    0x20200124        -       0x00000004   Zero   RW         1407    .bss.s_pos          vision_servo_test.o
    0x20200128        -       0x00000004   Zero   RW         1409    .bss.s_push         vision_servo_test.o
    0x2020012c        -       0x00000080   Zero   RW         1315    .bss.s_rx           usart.o
    0x202001ac        -       0x00000080   Zero   RW         1379    .bss.s_rx           bsp_camera_usart.o
    0x2020022c        -       0x00000100   Zero   RW         1508    .bss.s_rx           app_motor_usart.o
    0x2020032c        -       0x00000100   Zero   RW         1510    .bss.s_rx_done      app_motor_usart.o
    0x2020042c        -       0x00000002   Zero   RW         1314    .bss.s_rx_len       usart.o
    0x2020042e        -       0x00000001   Zero   RW         1316    .bss.s_rx_ready     usart.o
    0x2020042f   0x00002f10   0x00000001   PAD
    0x20200430        -       0x00000004   Zero   RW         1410    .bss.s_still_ms     vision_servo_test.o
    0x20200434        -       0x00000002   Zero   RW         1376    .bss.s_tail         bsp_camera_usart.o
    0x20200436   0x00002f10   0x00000002   PAD
    0x20200438        -       0x00000004   Zero   RW         1408    .bss.s_vel          vision_servo_test.o
    0x2020043c        -       0x00000030   Zero   RW         1374    .bss.vision         bsp_camera_usart.o
    0x2020046c   0x00002f10   0x00000004   PAD
    0x20200470        -       0x00000400   Zero   RW           11    STACK               startup_mspm0g350x_uvision.o



  Load Region LR_BCR (Base: 0x41c00000, Size: 0x00000000, Max: 0x00000100, ABSOLUTE)

    Execution Region BCR_CONFIG (Exec base: 0x41c00000, Load base: 0x41c00000, Size: 0x00000000, Max: 0x00000080, ABSOLUTE)

    **** No section assigned to this execution region ****



  Load Region LR_BSL (Base: 0x41c00100, Size: 0x00000000, Max: 0x00000100, ABSOLUTE)

    Execution Region BSL_CONFIG (Exec base: 0x41c00100, Load base: 0x41c00100, Size: 0x00000000, Max: 0x00000080, ABSOLUTE)

    **** No section assigned to this execution region ****


==============================================================================

Image component sizes


      Code (inc. data)   RO Data    RW Data    ZI Data      Debug   Object Name

       172         20          0          0        516       4494   app_motor_usart.o
      1420        100         23          0        199      13491   bsp_camera_usart.o
        90          8          0          0          0       4132   bsp_motor_usart.o
        20          0          0          0          0        589   dl_common.o
        92          4          0          0          0       7980   dl_i2c.o
      1212        180          0          0          0      23693   dl_timer.o
       170          8          0          0          0      10642   dl_uart.o
        48          4         15          0          0        492   empty.o
       116          8          0          0          0       3665   servo.o
        20          4        192          0       1024        624   startup_mspm0g350x_uvision.o
      1918        160         49          0        236      31427   ti_msp_dl_config.o
       354         24          0          0        131       6122   usart.o
      1330        124        101          4         30       2740   vision_servo_test.o

    ----------------------------------------------------------------------
      6976        644        416          4       2152     110091   Object Totals
         0          0         32          0          0          0   (incl. Generated)
        14          0          4          0         16          0   (incl. Padding)

    ----------------------------------------------------------------------

      Code (inc. data)   RO Data    RW Data    ZI Data      Debug   Library Member Name

         0          0          0          0          0          0   entry.o
         0          0          0          0          0          0   entry10a.o
         0          0          0          0          0          0   entry11a.o
         8          4          0          0          0          0   entry2.o
         4          0          0          0          0          0   entry5.o
         0          0          0          0          0          0   entry7b.o
         0          0          0          0          0          0   entry8b.o
         8          4          0          0          0          0   entry9a.o
        30          0          0          0          0          0   handlers.o
        48         10          0          0          0         68   init.o
         0          0          0          0          0          0   iusefp.o
        32          0          0          0          0         68   llshl.o
        38          0          0          0          0         68   llsshr.o
        34          0          0          0          0         68   llushr.o
        36          0          0          0          0         60   memcpya.o
        36          0          0          0          0        100   memseta.o
      2252         98          0          0          0        412   printfa.o
         0          0          0          4          0          0   stdout.o
        62          0          0          0          0         72   uidiv_div0.o
        96          0          0          0          0         84   uldiv.o
        40          2          0          0          0         68   cdrcmple.o
       356          4          0          0          0        140   dadd.o
       240          6          0          0          0         84   ddiv.o
       236          0          0          0          0        216   depilogue.o
        64         10          0          0          0         68   dfixul.o
        28          4          0          0          0         68   dfltui.o
       208          6          0          0          0         88   dmul.o
        40          0          0          0          0         60   f2d.o
       178          0          0          0          0        108   fadd.o
        28          0          0          0          0         60   fcmpge.o
        28          0          0          0          0         60   fcmpgt.o
        28          0          0          0          0         60   fcmple.o
        28          0          0          0          0         60   fcmplt.o
       124          0          0          0          0         72   fdiv.o
       130          0          0          0          0        144   fepilogue.o
        50          0          0          0          0         60   ffixi.o
        14          0          0          0          0         68   ffltui.o
       122          0          0          0          0         72   fmul.o

    ----------------------------------------------------------------------
      4644        148          0          4          0       2556   Library Totals
        18          0          0          0          0          0   (incl. Padding)

    ----------------------------------------------------------------------

      Code (inc. data)   RO Data    RW Data    ZI Data      Debug   Library Name

      2684        116          0          4          0       1000   mc_p.l
      1942         32          0          0          0       1556   mf_p.l

    ----------------------------------------------------------------------
      4644        148          0          4          0       2556   Library Totals

    ----------------------------------------------------------------------

==============================================================================


      Code (inc. data)   RO Data    RW Data    ZI Data      Debug   

     11620        792        416          8       2152     111295   Grand Totals
     11620        792        416          8       2152     111295   ELF Image Totals
     11620        792        416          8          0          0   ROM Totals

==============================================================================

    Total RO  Size (Code + RO Data)                12036 (  11.75kB)
    Total RW  Size (RW Data + ZI Data)              2160 (   2.11kB)
    Total ROM Size (Code + RO Data + RW Data)      12044 (  11.76kB)

==============================================================================

