Component: Arm Compiler for Embedded 6.22 Tool: armlink [5ee90200]

==============================================================================

Section Cross References

    empty.o(.text.main) refers to ti_msp_dl_config.o(.text.SYSCFG_DL_init) for SYSCFG_DL_init
    empty.o(.text.main) refers to usart.o(.text.USART_Init) for USART_Init
    empty.o(.text.main) refers to bsp_camera_usart.o(.text.Camera_Vision_Init) for Camera_Vision_Init
    empty.o(.text.main) refers to vision_servo_test.o(.text.Vision_Servo_Test_Init) for Vision_Servo_Test_Init
    empty.o(.text.main) refers to oled_timer_test.o(.text.Oled_Timer_Test_Init) for Oled_Timer_Test_Init
    empty.o(.text.main) refers to printfa.o(i.__0printf) for printf
    empty.o(.text.main) refers to bsp_camera_usart.o(.text.Camera_Vision_Process) for Camera_Vision_Process
    empty.o(.text.main) refers to vision_servo_test.o(.text.Vision_Servo_Test_Update) for Vision_Servo_Test_Update
    empty.o(.text.main) refers to oled_timer_test.o(.text.Oled_Timer_Test_Update) for Oled_Timer_Test_Update
    empty.o(.text.main) refers to empty.o(.rodata.str1.1) for [Anonymous Symbol]
    empty.o(.ARM.exidx.text.main) refers to empty.o(.text.main) for [Anonymous Symbol]
    startup_mspm0g350x_uvision.o(RESET) refers to startup_mspm0g350x_uvision.o(STACK) for __initial_sp
    startup_mspm0g350x_uvision.o(RESET) refers to startup_mspm0g350x_uvision.o(.text) for Reset_Handler
    startup_mspm0g350x_uvision.o(RESET) refers to bsp_camera_usart.o(.text.UART3_IRQHandler) for UART3_IRQHandler
    startup_mspm0g350x_uvision.o(RESET) refers to bsp_motor_usart.o(.text.UART1_IRQHandler) for UART1_IRQHandler
    startup_mspm0g350x_uvision.o(RESET) refers to usart.o(.text.UART0_IRQHandler) for UART0_IRQHandler
    startup_mspm0g350x_uvision.o(RESET) refers to bsp_camera_usart.o(.text.TIMG12_IRQHandler) for TIMG12_IRQHandler
    startup_mspm0g350x_uvision.o(.text) refers to entry.o(.ARM.Collect$$$$00000000) for __main
    ti_msp_dl_config.o(.text.SYSCFG_DL_init) refers to ti_msp_dl_config.o(.text.SYSCFG_DL_initPower) for SYSCFG_DL_initPower
    ti_msp_dl_config.o(.text.SYSCFG_DL_init) refers to ti_msp_dl_config.o(.text.SYSCFG_DL_GPIO_init) for SYSCFG_DL_GPIO_init
    ti_msp_dl_config.o(.text.SYSCFG_DL_init) refers to ti_msp_dl_config.o(.text.SYSCFG_DL_SYSCTL_init) for SYSCFG_DL_SYSCTL_init
    ti_msp_dl_config.o(.text.SYSCFG_DL_init) refers to ti_msp_dl_config.o(.text.SYSCFG_DL_SERVO_PWM_init) for SYSCFG_DL_SERVO_PWM_init
    ti_msp_dl_config.o(.text.SYSCFG_DL_init) refers to ti_msp_dl_config.o(.text.SYSCFG_DL_I2C_0_init) for SYSCFG_DL_I2C_0_init
    ti_msp_dl_config.o(.text.SYSCFG_DL_init) refers to ti_msp_dl_config.o(.text.SYSCFG_DL_UART_0_init) for SYSCFG_DL_UART_0_init
    ti_msp_dl_config.o(.text.SYSCFG_DL_init) refers to ti_msp_dl_config.o(.text.SYSCFG_DL_UART_1_init) for SYSCFG_DL_UART_1_init
    ti_msp_dl_config.o(.text.SYSCFG_DL_init) refers to ti_msp_dl_config.o(.text.SYSCFG_DL_UART_3_init) for SYSCFG_DL_UART_3_init
    ti_msp_dl_config.o(.text.SYSCFG_DL_init) refers to ti_msp_dl_config.o(.text.SYSCFG_DL_SYSTICK_init) for SYSCFG_DL_SYSTICK_init
    ti_msp_dl_config.o(.text.SYSCFG_DL_init) refers to ti_msp_dl_config.o(.bss.gSERVO_PWMBackup) for gSERVO_PWMBackup
    ti_msp_dl_config.o(.text.SYSCFG_DL_init) refers to ti_msp_dl_config.o(.bss.gUART_3Backup) for gUART_3Backup
    ti_msp_dl_config.o(.ARM.exidx.text.SYSCFG_DL_init) refers to ti_msp_dl_config.o(.text.SYSCFG_DL_init) for [Anonymous Symbol]
    ti_msp_dl_config.o(.text.SYSCFG_DL_initPower) refers to ti_msp_dl_config.o(.text.DL_GPIO_reset) for DL_GPIO_reset
    ti_msp_dl_config.o(.text.SYSCFG_DL_initPower) refers to ti_msp_dl_config.o(.text.DL_Timer_reset) for DL_Timer_reset
    ti_msp_dl_config.o(.text.SYSCFG_DL_initPower) refers to ti_msp_dl_config.o(.text.DL_I2C_reset) for DL_I2C_reset
    ti_msp_dl_config.o(.text.SYSCFG_DL_initPower) refers to ti_msp_dl_config.o(.text.DL_UART_reset) for DL_UART_reset
    ti_msp_dl_config.o(.text.SYSCFG_DL_initPower) refers to ti_msp_dl_config.o(.text.DL_GPIO_enablePower) for DL_GPIO_enablePower
    ti_msp_dl_config.o(.text.SYSCFG_DL_initPower) refers to ti_msp_dl_config.o(.text.DL_Timer_enablePower) for DL_Timer_enablePower
    ti_msp_dl_config.o(.text.SYSCFG_DL_initPower) refers to ti_msp_dl_config.o(.text.DL_I2C_enablePower) for DL_I2C_enablePower
    ti_msp_dl_config.o(.text.SYSCFG_DL_initPower) refers to ti_msp_dl_config.o(.text.DL_UART_enablePower) for DL_UART_enablePower
    ti_msp_dl_config.o(.text.SYSCFG_DL_initPower) refers to dl_common.o(.text.DL_Common_delayCycles) for DL_Common_delayCycles
    ti_msp_dl_config.o(.ARM.exidx.text.SYSCFG_DL_initPower) refers to ti_msp_dl_config.o(.text.SYSCFG_DL_initPower) for [Anonymous Symbol]
    ti_msp_dl_config.o(.text.SYSCFG_DL_GPIO_init) refers to ti_msp_dl_config.o(.text.DL_GPIO_initPeripheralOutputFunction) for DL_GPIO_initPeripheralOutputFunction
[...]
    DL_Common_updateReg                      0x00000ccd   Thumb Code    40  dl_timer.o(.text.DL_Common_updateReg)
    [Anonymous Symbol]                       0x00000ccc   Section        0  dl_timer.o(.text.DL_Common_updateReg)
    DL_Common_updateReg                      0x00000cf5   Thumb Code    40  dl_uart.o(.text.DL_Common_updateReg)
    [Anonymous Symbol]                       0x00000cf4   Section        0  dl_uart.o(.text.DL_Common_updateReg)
    DL_Common_updateReg                      0x00000d1d   Thumb Code    40  oled.o(.text.DL_Common_updateReg)
    [Anonymous Symbol]                       0x00000d1c   Section        0  oled.o(.text.DL_Common_updateReg)
    DL_GPIO_clearPins                        0x00000d45   Thumb Code    20  ti_msp_dl_config.o(.text.DL_GPIO_clearPins)
    [Anonymous Symbol]                       0x00000d44   Section        0  ti_msp_dl_config.o(.text.DL_GPIO_clearPins)
    DL_GPIO_enableHiZ                        0x00000d59   Thumb Code    24  ti_msp_dl_config.o(.text.DL_GPIO_enableHiZ)
    [Anonymous Symbol]                       0x00000d58   Section        0  ti_msp_dl_config.o(.text.DL_GPIO_enableHiZ)
    DL_GPIO_enableOutput                     0x00000d71   Thumb Code    20  ti_msp_dl_config.o(.text.DL_GPIO_enableOutput)
    [Anonymous Symbol]                       0x00000d70   Section        0  ti_msp_dl_config.o(.text.DL_GPIO_enableOutput)
    __arm_cp.21_0                            0x00000d84   Number         4  ti_msp_dl_config.o(.text.DL_GPIO_enableOutput)
    DL_GPIO_enablePower                      0x00000d89   Thumb Code    20  ti_msp_dl_config.o(.text.DL_GPIO_enablePower)
    [Anonymous Symbol]                       0x00000d88   Section        0  ti_msp_dl_config.o(.text.DL_GPIO_enablePower)
    DL_GPIO_initDigitalInputFeatures         0x00000d9d   Thumb Code    44  ti_msp_dl_config.o(.text.DL_GPIO_initDigitalInputFeatures)
    [Anonymous Symbol]                       0x00000d9c   Section        0  ti_msp_dl_config.o(.text.DL_GPIO_initDigitalInputFeatures)
    __arm_cp.25_0                            0x00000dc8   Number         4  ti_msp_dl_config.o(.text.DL_GPIO_initDigitalInputFeatures)
    DL_GPIO_initDigitalOutput                0x00000dcd   Thumb Code    20  ti_msp_dl_config.o(.text.DL_GPIO_initDigitalOutput)
    [Anonymous Symbol]                       0x00000dcc   Section        0  ti_msp_dl_config.o(.text.DL_GPIO_initDigitalOutput)
    DL_GPIO_initPeripheralInputFunction      0x00000de1   Thumb Code    24  ti_msp_dl_config.o(.text.DL_GPIO_initPeripheralInputFunction)
    [Anonymous Symbol]                       0x00000de0   Section        0  ti_msp_dl_config.o(.text.DL_GPIO_initPeripheralInputFunction)
    DL_GPIO_initPeripheralInputFunctionFeatures 0x00000df9   Thumb Code    52  ti_msp_dl_config.o(.text.DL_GPIO_initPeripheralInputFunctionFeatures)
    [Anonymous Symbol]                       0x00000df8   Section        0  ti_msp_dl_config.o(.text.DL_GPIO_initPeripheralInputFunctionFeatures)
    __arm_cp.22_0                            0x00000e2c   Number         4  ti_msp_dl_config.o(.text.DL_GPIO_initPeripheralInputFunctionFeatures)
    DL_GPIO_initPeripheralOutputFunction     0x00000e31   Thumb Code    24  ti_msp_dl_config.o(.text.DL_GPIO_initPeripheralOutputFunction)
    [Anonymous Symbol]                       0x00000e30   Section        0  ti_msp_dl_config.o(.text.DL_GPIO_initPeripheralOutputFunction)
    __arm_cp.20_0                            0x00000e48   Number         4  ti_msp_dl_config.o(.text.DL_GPIO_initPeripheralOutputFunction)
    DL_GPIO_readPins                         0x00000e4d   Thumb Code    22  key.o(.text.DL_GPIO_readPins)
    [Anonymous Symbol]                       0x00000e4c   Section        0  key.o(.text.DL_GPIO_readPins)
    DL_GPIO_reset                            0x00000e65   Thumb Code    16  ti_msp_dl_config.o(.text.DL_GPIO_reset)
    [Anonymous Symbol]                       0x00000e64   Section        0  ti_msp_dl_config.o(.text.DL_GPIO_reset)
    DL_I2C_enableAnalogGlitchFilter          0x00000e75   Thumb Code    24  ti_msp_dl_config.o(.text.DL_I2C_enableAnalogGlitchFilter)
    [Anonymous Symbol]                       0x00000e74   Section        0  ti_msp_dl_config.o(.text.DL_I2C_enableAnalogGlitchFilter)
    DL_I2C_enableController                  0x00000e8d   Thumb Code    20  ti_msp_dl_config.o(.text.DL_I2C_enableController)
    [Anonymous Symbol]                       0x00000e8c   Section        0  ti_msp_dl_config.o(.text.DL_I2C_enableController)
    DL_I2C_enableControllerClockStretching   0x00000ea1   Thumb Code    20  ti_msp_dl_config.o(.text.DL_I2C_enableControllerClockStretching)
    [Anonymous Symbol]                       0x00000ea0   Section        0  ti_msp_dl_config.o(.text.DL_I2C_enableControllerClockStretching)
    __arm_cp.41_0                            0x00000eb4   Number         4  ti_msp_dl_config.o(.text.DL_I2C_enableControllerClockStretching)
    DL_I2C_enablePower                       0x00000eb9   Thumb Code    20  ti_msp_dl_config.o(.text.DL_I2C_enablePower)
    [Anonymous Symbol]                       0x00000eb8   Section        0  ti_msp_dl_config.o(.text.DL_I2C_enablePower)
    __arm_cp.18_0                            0x00000ecc   Number         4  ti_msp_dl_config.o(.text.DL_I2C_enablePower)
    [Anonymous Symbol]                       0x00000ed0   Section        0  dl_i2c.o(.text.DL_I2C_fillControllerTXFIFO)
    [Anonymous Symbol]                       0x00000f24   Section        0  dl_i2c.o(.text.DL_I2C_flushControllerTXFIFO)
    DL_I2C_getControllerStatus               0x00000f4d   Thumb Code    16  oled.o(.text.DL_I2C_getControllerStatus)
    [Anonymous Symbol]                       0x00000f4c   Section        0  oled.o(.text.DL_I2C_getControllerStatus)
    __arm_cp.1_0                             0x00000f5c   Number         4  oled.o(.text.DL_I2C_getControllerStatus)
    DL_I2C_isControllerTXFIFOEmpty           0x00000f61   Thumb Code    28  dl_i2c.o(.text.DL_I2C_isControllerTXFIFOEmpty)
    [Anonymous Symbol]                       0x00000f60   Section        0  dl_i2c.o(.text.DL_I2C_isControllerTXFIFOEmpty)
    __arm_cp.8_1                             0x00000f7c   Number         4  dl_i2c.o(.text.DL_I2C_isControllerTXFIFOEmpty)
    DL_I2C_isControllerTXFIFOFull            0x00000f81   Thumb Code    24  dl_i2c.o(.text.DL_I2C_isControllerTXFIFOFull)
    [Anonymous Symbol]                       0x00000f80   Section        0  dl_i2c.o(.text.DL_I2C_isControllerTXFIFOFull)
    __arm_cp.4_0                             0x00000f98   Number         4  dl_i2c.o(.text.DL_I2C_isControllerTXFIFOFull)
    DL_I2C_reset                             0x00000f9d   Thumb Code    16  ti_msp_dl_config.o(.text.DL_I2C_reset)
    [Anonymous Symbol]                       0x00000f9c   Section        0  ti_msp_dl_config.o(.text.DL_I2C_reset)
    __arm_cp.14_0                            0x00000fac   Number         4  ti_msp_dl_config.o(.text.DL_I2C_reset)
    __arm_cp.14_1                            0x00000fb0   Number         4  ti_msp_dl_config.o(.text.DL_I2C_reset)
    DL_I2C_resetControllerTransfer           0x00000fb5   Thumb Code    16  ti_msp_dl_config.o(.text.DL_I2C_resetControllerTransfer)
    [Anonymous Symbol]                       0x00000fb4   Section        0  ti_msp_dl_config.o(.text.DL_I2C_resetControllerTransfer)
    DL_I2C_setAnalogGlitchFilterPulseWidth   0x00000fc5   Thumb Code    38  ti_msp_dl_config.o(.text.DL_I2C_setAnalogGlitchFilterPulseWidth)
    [Anonymous Symbol]                       0x00000fc4   Section        0  ti_msp_dl_config.o(.text.DL_I2C_setAnalogGlitchFilterPulseWidth)
    [Anonymous Symbol]                       0x00000fec   Section        0  dl_i2c.o(.text.DL_I2C_setClockConfig)
    __arm_cp.0_0                             0x0000101c   Number         4  dl_i2c.o(.text.DL_I2C_setClockConfig)
    DL_I2C_setControllerRXFIFOThreshold      0x00001021   Thumb Code    36  ti_msp_dl_config.o(.text.DL_I2C_setControllerRXFIFOThreshold)
    [Anonymous Symbol]                       0x00001020   Section        0  ti_msp_dl_config.o(.text.DL_I2C_setControllerRXFIFOThreshold)
    DL_I2C_setControllerTXFIFOThreshold      0x00001045   Thumb Code    36  ti_msp_dl_config.o(.text.DL_I2C_setControllerTXFIFOThreshold)
    [Anonymous Symbol]                       0x00001044   Section        0  ti_msp_dl_config.o(.text.DL_I2C_setControllerTXFIFOThreshold)
    DL_I2C_setTimerPeriod                    0x00001069   Thumb Code    20  ti_msp_dl_config.o(.text.DL_I2C_setTimerPeriod)
    [Anonymous Symbol]                       0x00001068   Section        0  ti_msp_dl_config.o(.text.DL_I2C_setTimerPeriod)
    __arm_cp.38_0                            0x0000107c   Number         4  ti_msp_dl_config.o(.text.DL_I2C_setTimerPeriod)
    DL_I2C_startControllerTransfer           0x00001081   Thumb Code    64  oled.o(.text.DL_I2C_startControllerTransfer)
    [Anonymous Symbol]                       0x00001080   Section        0  oled.o(.text.DL_I2C_startControllerTransfer)
    __arm_cp.2_0                             0x000010c0   Number         4  oled.o(.text.DL_I2C_startControllerTransfer)
    __arm_cp.2_1                             0x000010c4   Number         4  oled.o(.text.DL_I2C_startControllerTransfer)
    __arm_cp.2_2                             0x000010c8   Number         4  oled.o(.text.DL_I2C_startControllerTransfer)
    __arm_cp.2_3                             0x000010cc   Number         4  oled.o(.text.DL_I2C_startControllerTransfer)
    DL_I2C_startFlushControllerTXFIFO        0x000010d1   Thumb Code    20  dl_i2c.o(.text.DL_I2C_startFlushControllerTXFIFO)
    [Anonymous Symbol]                       0x000010d0   Section        0  dl_i2c.o(.text.DL_I2C_startFlushControllerTXFIFO)
    DL_I2C_stopFlushControllerTXFIFO         0x000010e5   Thumb Code    20  dl_i2c.o(.text.DL_I2C_stopFlushControllerTXFIFO)
    [Anonymous Symbol]                       0x000010e4   Section        0  dl_i2c.o(.text.DL_I2C_stopFlushControllerTXFIFO)
    __arm_cp.9_0                             0x000010f8   Number         4  dl_i2c.o(.text.DL_I2C_stopFlushControllerTXFIFO)
    DL_I2C_transmitControllerData            0x000010fd   Thumb Code    22  dl_i2c.o(.text.DL_I2C_transmitControllerData)
    [Anonymous Symbol]                       0x000010fc   Section        0  dl_i2c.o(.text.DL_I2C_transmitControllerData)
    DL_SYSCTL_disableHFXT                    0x00001115   Thumb Code    12  ti_msp_dl_config.o(.text.DL_SYSCTL_disableHFXT)
    [Anonymous Symbol]                       0x00001114   Section        0  ti_msp_dl_config.o(.text.DL_SYSCTL_disableHFXT)
    DL_SYSCTL_disableSYSPLL                  0x00001121   Thumb Code    16  ti_msp_dl_config.o(.text.DL_SYSCTL_disableSYSPLL)
    [Anonymous Symbol]                       0x00001120   Section        0  ti_msp_dl_config.o(.text.DL_SYSCTL_disableSYSPLL)
    __arm_cp.31_0                            0x00001130   Number         4  ti_msp_dl_config.o(.text.DL_SYSCTL_disableSYSPLL)
    DL_SYSCTL_enableMFCLK                    0x00001135   Thumb Code    16  ti_msp_dl_config.o(.text.DL_SYSCTL_enableMFCLK)
    [Anonymous Symbol]                       0x00001134   Section        0  ti_msp_dl_config.o(.text.DL_SYSCTL_enableMFCLK)
    __arm_cp.32_0                            0x00001144   Number         4  ti_msp_dl_config.o(.text.DL_SYSCTL_enableMFCLK)
    DL_SYSCTL_setBORThreshold                0x00001149   Thumb Code    20  ti_msp_dl_config.o(.text.DL_SYSCTL_setBORThreshold)
    [Anonymous Symbol]                       0x00001148   Section        0  ti_msp_dl_config.o(.text.DL_SYSCTL_setBORThreshold)
    __arm_cp.28_0                            0x0000115c   Number         4  ti_msp_dl_config.o(.text.DL_SYSCTL_setBORThreshold)
    DL_SYSCTL_setSYSOSCFreq                  0x00001161   Thumb Code    24  ti_msp_dl_config.o(.text.DL_SYSCTL_setSYSOSCFreq)
    [Anonymous Symbol]                       0x00001160   Section        0  ti_msp_dl_config.o(.text.DL_SYSCTL_setSYSOSCFreq)
    __arm_cp.29_0                            0x00001178   Number         4  ti_msp_dl_config.o(.text.DL_SYSCTL_setSYSOSCFreq)
    DL_SYSTICK_enable                        0x0000117d   Thumb Code    12  ti_msp_dl_config.o(.text.DL_SYSTICK_enable)
    [Anonymous Symbol]                       0x0000117c   Section        0  ti_msp_dl_config.o(.text.DL_SYSTICK_enable)
    DL_SYSTICK_init                          0x00001189   Thumb Code    28  ti_msp_dl_config.o(.text.DL_SYSTICK_init)
    [Anonymous Symbol]                       0x00001188   Section        0  ti_msp_dl_config.o(.text.DL_SYSTICK_init)
    __arm_cp.47_0                            0x000011a4   Number         4  ti_msp_dl_config.o(.text.DL_SYSTICK_init)
    __arm_cp.47_1                            0x000011a8   Number         4  ti_msp_dl_config.o(.text.DL_SYSTICK_init)
    __arm_cp.47_2                            0x000011ac   Number         4  ti_msp_dl_config.o(.text.DL_SYSTICK_init)
    DL_Timer_enableClock                     0x000011b1   Thumb Code    16  ti_msp_dl_config.o(.text.DL_Timer_enableClock)
    [Anonymous Symbol]                       0x000011b0   Section        0  ti_msp_dl_config.o(.text.DL_Timer_enableClock)
    __arm_cp.33_0                            0x000011c0   Number         4  ti_msp_dl_config.o(.text.DL_Timer_enableClock)
    DL_Timer_enableInterrupt                 0x000011c5   Thumb Code    24  bsp_camera_usart.o(.text.DL_Timer_enableInterrupt)
    [Anonymous Symbol]                       0x000011c4   Section        0  bsp_camera_usart.o(.text.DL_Timer_enableInterrupt)
    __arm_cp.17_0                            0x000011dc   Number         4  bsp_camera_usart.o(.text.DL_Timer_enableInterrupt)
    DL_Timer_enablePower                     0x000011e1   Thumb Code    20  ti_msp_dl_config.o(.text.DL_Timer_enablePower)
    [Anonymous Symbol]                       0x000011e0   Section        0  ti_msp_dl_config.o(.text.DL_Timer_enablePower)
    DL_Timer_enablePower                     0x000011f5   Thumb Code    20  bsp_camera_usart.o(.text.DL_Timer_enablePower)
    [Anonymous Symbol]                       0x000011f4   Section        0  bsp_camera_usart.o(.text.DL_Timer_enablePower)
    __arm_cp.16_0                            0x00001208   Number         4  bsp_camera_usart.o(.text.DL_Timer_enablePower)
    DL_Timer_getPendingInterrupt             0x0000120d   Thumb Code    18  bsp_camera_usart.o(.text.DL_Timer_getPendingInterrupt)
    [Anonymous Symbol]                       0x0000120c   Section        0  bsp_camera_usart.o(.text.DL_Timer_getPendingInterrupt)
    [Anonymous Symbol]                       0x00001220   Section        0  dl_timer.o(.text.DL_Timer_initFourCCPWMMode)
    [Anonymous Symbol]                       0x00001308   Section        0  dl_timer.o(.text.DL_Timer_initTimerMode)
    DL_Timer_initTwoCCPWMMode                0x00001405   Thumb Code   260  dl_timer.o(.text.DL_Timer_initTwoCCPWMMode)
    [Anonymous Symbol]                       0x00001404   Section        0  dl_timer.o(.text.DL_Timer_initTwoCCPWMMode)
    __arm_cp.45_0                            0x00001508   Number         4  dl_timer.o(.text.DL_Timer_initTwoCCPWMMode)
    __arm_cp.45_2                            0x0000150c   Number         4  dl_timer.o(.text.DL_Timer_initTwoCCPWMMode)
    DL_Timer_reset                           0x00001511   Thumb Code    16  ti_msp_dl_config.o(.text.DL_Timer_reset)
    [Anonymous Symbol]                       0x00001510   Section        0  ti_msp_dl_config.o(.text.DL_Timer_reset)
    DL_Timer_reset                           0x00001521   Thumb Code    16  bsp_camera_usart.o(.text.DL_Timer_reset)
    [Anonymous Symbol]                       0x00001520   Section        0  bsp_camera_usart.o(.text.DL_Timer_reset)
    DL_Timer_setCCPDirection                 0x00001531   Thumb Code    20  ti_msp_dl_config.o(.text.DL_Timer_setCCPDirection)
    [Anonymous Symbol]                       0x00001530   Section        0  ti_msp_dl_config.o(.text.DL_Timer_setCCPDirection)
    [Anonymous Symbol]                       0x00001544   Section        0  dl_timer.o(.text.DL_Timer_setCaptCompUpdateMethod)
    [Anonymous Symbol]                       0x00001574   Section        0  dl_timer.o(.text.DL_Timer_setCaptureCompareAction)
    __arm_cp.33_0                            0x000015a0   Number         4  dl_timer.o(.text.DL_Timer_setCaptureCompareAction)
    __arm_cp.33_1                            0x000015a4   Number         4  dl_timer.o(.text.DL_Timer_setCaptureCompareAction)
    [Anonymous Symbol]                       0x000015a8   Section        0  dl_timer.o(.text.DL_Timer_setCaptureCompareCtl)
    __arm_cp.6_0                             0x000015dc   Number         4  dl_timer.o(.text.DL_Timer_setCaptureCompareCtl)
    __arm_cp.6_1                             0x000015e0   Number         4  dl_timer.o(.text.DL_Timer_setCaptureCompareCtl)
    [Anonymous Symbol]                       0x000015e4   Section        0  dl_timer.o(.text.DL_Timer_setCaptureCompareInput)
    [Anonymous Symbol]                       0x00001618   Section        0  dl_timer.o(.text.DL_Timer_setCaptureCompareOutCtl)
    __arm_cp.31_0                            0x00001654   Number         4  dl_timer.o(.text.DL_Timer_setCaptureCompareOutCtl)
    [Anonymous Symbol]                       0x00001658   Section        0  dl_timer.o(.text.DL_Timer_setCaptureCompareValue)
    __arm_cp.5_0                             0x00001680   Number         4  dl_timer.o(.text.DL_Timer_setCaptureCompareValue)
    [Anonymous Symbol]                       0x00001684   Section        0  dl_timer.o(.text.DL_Timer_setClockConfig)
    __arm_cp.0_1                             0x000016b0   Number         4  dl_timer.o(.text.DL_Timer_setClockConfig)
    DL_Timer_setCounterValueAfterEnable      0x000016b5   Thumb Code    28  dl_timer.o(.text.DL_Timer_setCounterValueAfterEnable)
    [Anonymous Symbol]                       0x000016b4   Section        0  dl_timer.o(.text.DL_Timer_setCounterValueAfterEnable)
    DL_Timer_setLoadValue                    0x000016d1   Thumb Code    20  dl_timer.o(.text.DL_Timer_setLoadValue)
    [Anonymous Symbol]                       0x000016d0   Section        0  dl_timer.o(.text.DL_Timer_setLoadValue)
    __arm_cp.3_0                             0x000016e4   Number         4  dl_timer.o(.text.DL_Timer_setLoadValue)
    DL_Timer_startCounter                    0x000016e9   Thumb Code    20  servo.o(.text.DL_Timer_startCounter)
    [Anonymous Symbol]                       0x000016e8   Section        0  servo.o(.text.DL_Timer_startCounter)
    DL_Timer_startCounter                    0x000016fd   Thumb Code    20  bsp_camera_usart.o(.text.DL_Timer_startCounter)
    [Anonymous Symbol]                       0x000016fc   Section        0  bsp_camera_usart.o(.text.DL_Timer_startCounter)
    __arm_cp.20_0                            0x00001710   Number         4  bsp_camera_usart.o(.text.DL_Timer_startCounter)
    DL_UART_disable                          0x00001715   Thumb Code    22  dl_uart.o(.text.DL_UART_disable)
    [Anonymous Symbol]                       0x00001714   Section        0  dl_uart.o(.text.DL_UART_disable)
    DL_UART_enable                           0x0000172b   Thumb Code    22  ti_msp_dl_config.o(.text.DL_UART_enable)
    [Anonymous Symbol]                       0x0000172a   Section        0  ti_msp_dl_config.o(.text.DL_UART_enable)
    DL_UART_enableInterrupt                  0x00001741   Thumb Code    24  ti_msp_dl_config.o(.text.DL_UART_enableInterrupt)
    [Anonymous Symbol]                       0x00001740   Section        0  ti_msp_dl_config.o(.text.DL_UART_enableInterrupt)
    __arm_cp.45_0                            0x00001758   Number         4  ti_msp_dl_config.o(.text.DL_UART_enableInterrupt)
    DL_UART_enablePower                      0x0000175d   Thumb Code    20  ti_msp_dl_config.o(.text.DL_UART_enablePower)
    [Anonymous Symbol]                       0x0000175c   Section        0  ti_msp_dl_config.o(.text.DL_UART_enablePower)
    __arm_cp.19_0                            0x00001770   Number         4  ti_msp_dl_config.o(.text.DL_UART_enablePower)
    DL_UART_getPendingInterrupt              0x00001775   Thumb Code    18  usart.o(.text.DL_UART_getPendingInterrupt)
    [Anonymous Symbol]                       0x00001774   Section        0  usart.o(.text.DL_UART_getPendingInterrupt)
    DL_UART_getPendingInterrupt              0x00001787   Thumb Code    18  bsp_camera_usart.o(.text.DL_UART_getPendingInterrupt)
    [Anonymous Symbol]                       0x00001786   Section        0  bsp_camera_usart.o(.text.DL_UART_getPendingInterrupt)
    DL_UART_getPendingInterrupt              0x00001799   Thumb Code    18  bsp_motor_usart.o(.text.DL_UART_getPendingInterrupt)
    [Anonymous Symbol]                       0x00001798   Section        0  bsp_motor_usart.o(.text.DL_UART_getPendingInterrupt)
    [Anonymous Symbol]                       0x000017ac   Section        0  dl_uart.o(.text.DL_UART_init)
    __arm_cp.0_0                             0x000017f0   Number         4  dl_uart.o(.text.DL_UART_init)
    DL_UART_isBusy                           0x000017f5   Thumb Code    20  usart.o(.text.DL_UART_isBusy)
    [Anonymous Symbol]                       0x000017f4   Section        0  usart.o(.text.DL_UART_isBusy)
    __arm_cp.4_0                             0x00001808   Number         4  usart.o(.text.DL_UART_isBusy)
    DL_UART_receiveData                      0x0000180d   Thumb Code    16  usart.o(.text.DL_UART_receiveData)
    [Anonymous Symbol]                       0x0000180c   Section        0  usart.o(.text.DL_UART_receiveData)
    DL_UART_receiveData                      0x0000181d   Thumb Code    16  bsp_camera_usart.o(.text.DL_UART_receiveData)
    [Anonymous Symbol]                       0x0000181c   Section        0  bsp_camera_usart.o(.text.DL_UART_receiveData)
    DL_UART_receiveData                      0x0000182d   Thumb Code    16  bsp_motor_usart.o(.text.DL_UART_receiveData)
    [Anonymous Symbol]                       0x0000182c   Section        0  bsp_motor_usart.o(.text.DL_UART_receiveData)
    __arm_cp.6_0                             0x0000183c   Number         4  bsp_motor_usart.o(.text.DL_UART_receiveData)
    DL_UART_reset                            0x00001841   Thumb Code    16  ti_msp_dl_config.o(.text.DL_UART_reset)
    [Anonymous Symbol]                       0x00001840   Section        0  ti_msp_dl_config.o(.text.DL_UART_reset)
    __arm_cp.15_0                            0x00001850   Number         4  ti_msp_dl_config.o(.text.DL_UART_reset)
    __arm_cp.15_1                            0x00001854   Number         4  ti_msp_dl_config.o(.text.DL_UART_reset)
    DL_UART_setBaudRateDivisor               0x00001859   Thumb Code    60  ti_msp_dl_config.o(.text.DL_UART_setBaudRateDivisor)
    [Anonymous Symbol]                       0x00001858   Section        0  ti_msp_dl_config.o(.text.DL_UART_setBaudRateDivisor)
    __arm_cp.44_0                            0x00001894   Number         4  ti_msp_dl_config.o(.text.DL_UART_setBaudRateDivisor)
    __arm_cp.44_1                            0x00001898   Number         4  ti_msp_dl_config.o(.text.DL_UART_setBaudRateDivisor)
    __arm_cp.44_2                            0x0000189c   Number         4  ti_msp_dl_config.o(.text.DL_UART_setBaudRateDivisor)
    __arm_cp.44_3                            0x000018a0   Number         4  ti_msp_dl_config.o(.text.DL_UART_setBaudRateDivisor)
    [Anonymous Symbol]                       0x000018a4   Section        0  dl_uart.o(.text.DL_UART_setClockConfig)
    __arm_cp.3_0                             0x000018c4   Number         4  dl_uart.o(.text.DL_UART_setClockConfig)
    DL_UART_setOversampling                  0x000018c9   Thumb Code    30  ti_msp_dl_config.o(.text.DL_UART_setOversampling)
    [Anonymous Symbol]                       0x000018c8   Section        0  ti_msp_dl_config.o(.text.DL_UART_setOversampling)
    DL_UART_transmitData                     0x000018e7   Thumb Code    22  usart.o(.text.DL_UART_transmitData)
    [Anonymous Symbol]                       0x000018e6   Section        0  usart.o(.text.DL_UART_transmitData)
    [Anonymous Symbol]                       0x000018fc   Section        0  app_motor_usart.o(.text.Deal_Control_Rxtemp)
    __arm_cp.10_0                            0x00001994   Number         4  app_motor_usart.o(.text.Deal_Control_Rxtemp)
    __arm_cp.10_1                            0x00001998   Number         4  app_motor_usart.o(.text.Deal_Control_Rxtemp)
    __arm_cp.10_2                            0x0000199c   Number         4  app_motor_usart.o(.text.Deal_Control_Rxtemp)
    __arm_cp.10_3                            0x000019a0   Number         4  app_motor_usart.o(.text.Deal_Control_Rxtemp)
    __arm_cp.10_4                            0x000019a4   Number         4  app_motor_usart.o(.text.Deal_Control_Rxtemp)
    [Anonymous Symbol]                       0x000019a8   Section        0  oled.o(.text.I2C_WriteByte)
    __arm_cp.0_0                             0x00001a14   Number         4  oled.o(.text.I2C_WriteByte)
    [Anonymous Symbol]                       0x00001a18   Section        0  key.o(.text.Key_GetEvent)
    __arm_cp.0_0                             0x00001a78   Number         4  key.o(.text.Key_GetEvent)
    Key_IsPressed                            0x00001a7d   Thumb Code    28  key.o(.text.Key_IsPressed)
    [Anonymous Symbol]                       0x00001a7c   Section        0  key.o(.text.Key_IsPressed)
    Key_ReadPressed                          0x00001a99   Thumb Code   116  key.o(.text.Key_ReadPressed)
    [Anonymous Symbol]                       0x00001a98   Section        0  key.o(.text.Key_ReadPressed)
    __arm_cp.1_0                             0x00001b0c   Number         4  key.o(.text.Key_ReadPressed)
    __arm_cp.1_1                             0x00001b10   Number         4  key.o(.text.Key_ReadPressed)
    [Anonymous Symbol]                       0x00001b14   Section        0  oled.o(.text.OLED_Fill)
    [Anonymous Symbol]                       0x00001b7c   Section        0  oled.o(.text.OLED_Init)
    [Anonymous Symbol]                       0x00001c38   Section        0  oled.o(.text.OLED_SetPos)
    Oled_Timer_ExpandByte                    0x00001c6f   Thumb Code   116  oled_timer_test.o(.text.Oled_Timer_ExpandByte)
    [Anonymous Symbol]                       0x00001c6e   Section        0  oled_timer_test.o(.text.Oled_Timer_ExpandByte)
    Oled_Timer_Show                          0x00001ce5   Thumb Code   304  oled_timer_test.o(.text.Oled_Timer_Show)
    [Anonymous Symbol]                       0x00001ce4   Section        0  oled_timer_test.o(.text.Oled_Timer_Show)
    __arm_cp.1_0                             0x00001e14   Number         4  oled_timer_test.o(.text.Oled_Timer_Show)
    __arm_cp.1_1                             0x00001e18   Number         4  oled_timer_test.o(.text.Oled_Timer_Show)
    [Anonymous Symbol]                       0x00001e1c   Section        0  oled_timer_test.o(.text.Oled_Timer_Test_Init)
    [Anonymous Symbol]                       0x00001e3c   Section        0  oled_timer_test.o(.text.Oled_Timer_Test_Update)
    __arm_cp.2_0                             0x00001eac   Number         4  oled_timer_test.o(.text.Oled_Timer_Test_Update)
    __arm_cp.2_1                             0x00001eb0   Number         4  oled_timer_test.o(.text.Oled_Timer_Test_Update)
    __arm_cp.2_2                             0x00001eb4   Number         4  oled_timer_test.o(.text.Oled_Timer_Test_Update)
    __arm_cp.2_3                             0x00001eb8   Number         4  oled_timer_test.o(.text.Oled_Timer_Test_Update)
    [Anonymous Symbol]                       0x00001ebc   Section        0  ti_msp_dl_config.o(.text.SYSCFG_DL_GPIO_init)
    [Anonymous Symbol]                       0x00001fd8   Section        0  ti_msp_dl_config.o(.text.SYSCFG_DL_I2C_0_init)
    __arm_cp.5_0                             0x00002028   Number         4  ti_msp_dl_config.o(.text.SYSCFG_DL_I2C_0_init)
    [Anonymous Symbol]                       0x0000202c   Section        0  ti_msp_dl_config.o(.text.SYSCFG_DL_SERVO_PWM_init)
    __arm_cp.4_0                             0x0000207c   Number         4  ti_msp_dl_config.o(.text.SYSCFG_DL_SERVO_PWM_init)
    __arm_cp.4_2                             0x00002080   Number         4  ti_msp_dl_config.o(.text.SYSCFG_DL_SERVO_PWM_init)
    __arm_cp.4_3                             0x00002084   Number         4  ti_msp_dl_config.o(.text.SYSCFG_DL_SERVO_PWM_init)
    [Anonymous Symbol]                       0x00002088   Section        0  ti_msp_dl_config.o(.text.SYSCFG_DL_SYSCTL_init)
    [Anonymous Symbol]                       0x000020aa   Section        0  ti_msp_dl_config.o(.text.SYSCFG_DL_SYSTICK_init)
    [Anonymous Symbol]                       0x000020b8   Section        0  ti_msp_dl_config.o(.text.SYSCFG_DL_UART_0_init)
    __arm_cp.6_0                             0x000020f4   Number         4  ti_msp_dl_config.o(.text.SYSCFG_DL_UART_0_init)
    __arm_cp.6_2                             0x000020f8   Number         4  ti_msp_dl_config.o(.text.SYSCFG_DL_UART_0_init)
    [Anonymous Symbol]                       0x000020fc   Section        0  ti_msp_dl_config.o(.text.SYSCFG_DL_UART_1_init)
    __arm_cp.7_0                             0x00002138   Number         4  ti_msp_dl_config.o(.text.SYSCFG_DL_UART_1_init)
    __arm_cp.7_2                             0x0000213c   Number         4  ti_msp_dl_config.o(.text.SYSCFG_DL_UART_1_init)
    [Anonymous Symbol]                       0x00002140   Section        0  ti_msp_dl_config.o(.text.SYSCFG_DL_UART_3_init)
    __arm_cp.8_0                             0x0000217c   Number         4  ti_msp_dl_config.o(.text.SYSCFG_DL_UART_3_init)
    __arm_cp.8_2                             0x00002180   Number         4  ti_msp_dl_config.o(.text.SYSCFG_DL_UART_3_init)
    [Anonymous Symbol]                       0x00002184   Section        0  ti_msp_dl_config.o(.text.SYSCFG_DL_init)
    __arm_cp.0_0                             0x000021bc   Number         4  ti_msp_dl_config.o(.text.SYSCFG_DL_init)
    __arm_cp.0_1                             0x000021c0   Number         4  ti_msp_dl_config.o(.text.SYSCFG_DL_init)
    [Anonymous Symbol]                       0x000021c4   Section        0  ti_msp_dl_config.o(.text.SYSCFG_DL_initPower)
    __arm_cp.1_0                             0x00002234   Number         4  ti_msp_dl_config.o(.text.SYSCFG_DL_initPower)
    __arm_cp.1_1                             0x00002238   Number         4  ti_msp_dl_config.o(.text.SYSCFG_DL_initPower)
    __arm_cp.1_3                             0x0000223c   Number         4  ti_msp_dl_config.o(.text.SYSCFG_DL_initPower)
    [Anonymous Symbol]                       0x00002240   Section        0  servo.o(.text.Servo_Init)
    [Anonymous Symbol]                       0x00002250   Section        0  servo.o(.text.Servo_SetAngle)
    __arm_cp.1_0                             0x00002298   Number         4  servo.o(.text.Servo_SetAngle)
    __arm_cp.1_1                             0x0000229c   Number         4  servo.o(.text.Servo_SetAngle)
    [Anonymous Symbol]                       0x000022a0   Section        0  bsp_camera_usart.o(.text.TIMG12_IRQHandler)
    __arm_cp.13_0                            0x000022bc   Number         4  bsp_camera_usart.o(.text.TIMG12_IRQHandler)
    __arm_cp.13_1                            0x000022c0   Number         4  bsp_camera_usart.o(.text.TIMG12_IRQHandler)
    [Anonymous Symbol]                       0x000022c4   Section        0  usart.o(.text.UART0_IRQHandler)
    __arm_cp.7_0                             0x00002314   Number         4  usart.o(.text.UART0_IRQHandler)
    __arm_cp.7_1                             0x00002318   Number         4  usart.o(.text.UART0_IRQHandler)
    __arm_cp.7_2                             0x0000231c   Number         4  usart.o(.text.UART0_IRQHandler)
    __arm_cp.7_3                             0x00002320   Number         4  usart.o(.text.UART0_IRQHandler)
    [Anonymous Symbol]                       0x00002324   Section        0  bsp_motor_usart.o(.text.UART1_IRQHandler)
    __arm_cp.4_0                             0x00002354   Number         4  bsp_motor_usart.o(.text.UART1_IRQHandler)
    [Anonymous Symbol]                       0x00002358   Section        0  bsp_camera_usart.o(.text.UART3_IRQHandler)
    __arm_cp.10_0                            0x000023b0   Number         4  bsp_camera_usart.o(.text.UART3_IRQHandler)
    __arm_cp.10_1                            0x000023b4   Number         4  bsp_camera_usart.o(.text.UART3_IRQHandler)
    __arm_cp.10_2                            0x000023b8   Number         4  bsp_camera_usart.o(.text.UART3_IRQHandler)
    __arm_cp.10_3                            0x000023bc   Number         4  bsp_camera_usart.o(.text.UART3_IRQHandler)
    __arm_cp.10_4                            0x000023c0   Number         4  bsp_camera_usart.o(.text.UART3_IRQHandler)
    [Anonymous Symbol]                       0x000023c4   Section        0  usart.o(.text.USART_Init)
    [Anonymous Symbol]                       0x000023fa   Section        0  vision_servo_test.o(.text.Vision_Servo_Test_Init)
    [Anonymous Symbol]                       0x00002408   Section        0  vision_servo_test.o(.text.Vision_Servo_Test_Update)
    __arm_cp.1_0                             0x000024d8   Number         4  vision_servo_test.o(.text.Vision_Servo_Test_Update)
    __arm_cp.1_1                             0x000024dc   Number         4  vision_servo_test.o(.text.Vision_Servo_Test_Update)
    __arm_cp.1_2                             0x000024e0   Number         4  vision_servo_test.o(.text.Vision_Servo_Test_Update)
    __arm_cp.1_3                             0x000024e4   Number         4  vision_servo_test.o(.text.Vision_Servo_Test_Update)
    __arm_cp.1_4                             0x000024e8   Number         4  vision_servo_test.o(.text.Vision_Servo_Test_Update)
    __arm_cp.1_5                             0x000024ec   Number         4  vision_servo_test.o(.text.Vision_Servo_Test_Update)
    [Anonymous Symbol]                       0x000024f0   Section        0  oled.o(.text.WriteCmd)
    [Anonymous Symbol]                       0x00002506   Section        0  oled.o(.text.WriteData)
    __NVIC_ClearPendingIRQ                   0x0000251d   Thumb Code    40  usart.o(.text.__NVIC_ClearPendingIRQ)
    [Anonymous Symbol]                       0x0000251c   Section        0  usart.o(.text.__NVIC_ClearPendingIRQ)
    __NVIC_ClearPendingIRQ                   0x00002545   Thumb Code    40  bsp_camera_usart.o(.text.__NVIC_ClearPendingIRQ)
    [Anonymous Symbol]                       0x00002544   Section        0  bsp_camera_usart.o(.text.__NVIC_ClearPendingIRQ)
    __arm_cp.18_0                            0x0000256c   Number         4  bsp_camera_usart.o(.text.__NVIC_ClearPendingIRQ)
    __NVIC_EnableIRQ                         0x00002571   Thumb Code    40  usart.o(.text.__NVIC_EnableIRQ)
    [Anonymous Symbol]                       0x00002570   Section        0  usart.o(.text.__NVIC_EnableIRQ)
    __NVIC_EnableIRQ                         0x00002599   Thumb Code    40  bsp_camera_usart.o(.text.__NVIC_EnableIRQ)
    [Anonymous Symbol]                       0x00002598   Section        0  bsp_camera_usart.o(.text.__NVIC_EnableIRQ)
    __arm_cp.19_0                            0x000025c0   Number         4  bsp_camera_usart.o(.text.__NVIC_EnableIRQ)
    [Anonymous Symbol]                       0x000025c4   Section        0  delay.o(.text.delay_ms)
    [Anonymous Symbol]                       0x000025dc   Section        0  delay.o(.text.delay_us)
    __arm_cp.0_0                             0x00002648   Number         4  delay.o(.text.delay_us)
    __arm_cp.0_1                             0x0000264c   Number         4  delay.o(.text.delay_us)
    [Anonymous Symbol]                       0x00002650   Section        0  usart.o(.text.fputc)
    __arm_cp.6_0                             0x00002678   Number         4  usart.o(.text.fputc)
    [Anonymous Symbol]                       0x0000267c   Section        0  empty.o(.text.main)
    __arm_cp.0_0                             0x000026b0   Number         4  empty.o(.text.main)
    i.__0printf                              0x000026b4   Section        0  printfa.o(i.__0printf)
    i.__ARM_clz                              0x000026d4   Section        0  depilogue.o(i.__ARM_clz)
    i.__scatterload_copy                     0x00002708   Section       14  handlers.o(i.__scatterload_copy)
    i.__scatterload_null                     0x00002718   Section        2  handlers.o(i.__scatterload_null)
    i.__scatterload_zeroinit                 0x00002720   Section       14  handlers.o(i.__scatterload_zeroinit)
    _fp_digits                               0x00002731   Thumb Code   344  printfa.o(i._fp_digits)
    i._fp_digits                             0x00002730   Section        0  printfa.o(i._fp_digits)
    _printf_core                             0x000028a5   Thumb Code  1754  printfa.o(i._printf_core)
    i._printf_core                           0x000028a4   Section        0  printfa.o(i._printf_core)
    _printf_post_padding                     0x00002f91   Thumb Code    32  printfa.o(i._printf_post_padding)
    i._printf_post_padding                   0x00002f90   Section        0  printfa.o(i._printf_post_padding)
    _printf_pre_padding                      0x00002fb1   Thumb Code    44  printfa.o(i._printf_pre_padding)
    i._printf_pre_padding                    0x00002fb0   Section        0  printfa.o(i._printf_pre_padding)
    gI2C_0ClockConfig                        0x000035cc   Data           2  ti_msp_dl_config.o(.rodata.gI2C_0ClockConfig)
    [Anonymous Symbol]                       0x000035cc   Section        0  ti_msp_dl_config.o(.rodata.gI2C_0ClockConfig)
    gSERVO_PWMClockConfig                    0x000035ce   Data           3  ti_msp_dl_config.o(.rodata.gSERVO_PWMClockConfig)
    [Anonymous Symbol]                       0x000035ce   Section        0  ti_msp_dl_config.o(.rodata.gSERVO_PWMClockConfig)
    gSERVO_PWMConfig                         0x000035d4   Data           8  ti_msp_dl_config.o(.rodata.gSERVO_PWMConfig)
    [Anonymous Symbol]                       0x000035d4   Section        0  ti_msp_dl_config.o(.rodata.gSERVO_PWMConfig)
    gUART_0ClockConfig                       0x000035dc   Data           2  ti_msp_dl_config.o(.rodata.gUART_0ClockConfig)
    [Anonymous Symbol]                       0x000035dc   Section        0  ti_msp_dl_config.o(.rodata.gUART_0ClockConfig)
    gUART_0Config                            0x000035de   Data          10  ti_msp_dl_config.o(.rodata.gUART_0Config)
    [Anonymous Symbol]                       0x000035de   Section        0  ti_msp_dl_config.o(.rodata.gUART_0Config)
    gUART_1ClockConfig                       0x000035e8   Data           2  ti_msp_dl_config.o(.rodata.gUART_1ClockConfig)
    [Anonymous Symbol]                       0x000035e8   Section        0  ti_msp_dl_config.o(.rodata.gUART_1ClockConfig)
    gUART_1Config                            0x000035ea   Data          10  ti_msp_dl_config.o(.rodata.gUART_1Config)
    [Anonymous Symbol]                       0x000035ea   Section        0  ti_msp_dl_config.o(.rodata.gUART_1Config)
    gUART_3ClockConfig                       0x000035f4   Data           2  ti_msp_dl_config.o(.rodata.gUART_3ClockConfig)
    [Anonymous Symbol]                       0x000035f4   Section        0  ti_msp_dl_config.o(.rodata.gUART_3ClockConfig)
    gUART_3Config                            0x000035f6   Data          10  ti_msp_dl_config.o(.rodata.gUART_3Config)
    [Anonymous Symbol]                       0x000035f6   Section        0  ti_msp_dl_config.o(.rodata.gUART_3Config)
    g_camera_time_clock_config               0x00003600   Data           3  bsp_camera_usart.o(.rodata.g_camera_time_clock_config)
    [Anonymous Symbol]                       0x00003600   Section        0  bsp_camera_usart.o(.rodata.g_camera_time_clock_config)
    g_camera_time_timer_config               0x00003604   Data          20  bsp_camera_usart.o(.rodata.g_camera_time_timer_config)
    [Anonymous Symbol]                       0x00003604   Section        0  bsp_camera_usart.o(.rodata.g_camera_time_timer_config)
    [Anonymous Symbol]                       0x00003618   Section        0  empty.o(.rodata.str1.1)
    [Anonymous Symbol]                       0x00003627   Section        0  bsp_camera_usart.o(.rodata.str1.1)
    [Anonymous Symbol]                       0x000036d0   Section        0  vision_servo_test.o(.rodata.str1.1)
    .data                                    0x20200000   Section        4  stdout.o(.data)
    g_oled_timer_displayed_seconds           0x20200004   Data           4  oled_timer_test.o(.data.g_oled_timer_displayed_seconds)
    [Anonymous Symbol]                       0x20200004   Section        0  oled_timer_test.o(.data.g_oled_timer_displayed_seconds)
    g_vision_servo_last_angle                0x20200008   Data           2  vision_servo_test.o(.data.g_vision_servo_last_angle)
    [Anonymous Symbol]                       0x20200008   Section        0  vision_servo_test.o(.data.g_vision_servo_last_angle)
    Deal_Control_Rxtemp.start_flag           0x20200010   Data           1  app_motor_usart.o(.bss.Deal_Control_Rxtemp.start_flag)
    [Anonymous Symbol]                       0x20200010   Section        0  app_motor_usart.o(.bss.Deal_Control_Rxtemp.start_flag)
    Deal_Control_Rxtemp.step                 0x20200012   Data           2  app_motor_usart.o(.bss.Deal_Control_Rxtemp.step)
    [Anonymous Symbol]                       0x20200012   Section        0  app_motor_usart.o(.bss.Deal_Control_Rxtemp.step)
    Key_GetEvent.last_key                    0x20200014   Data           1  key.o(.bss.Key_GetEvent.last_key)
    [Anonymous Symbol]                       0x20200014   Section        0  key.o(.bss.Key_GetEvent.last_key)
    g_camera_frame                           0x20200104   Data           8  bsp_camera_usart.o(.bss.g_camera_frame)
    [Anonymous Symbol]                       0x20200104   Section        0  bsp_camera_usart.o(.bss.g_camera_frame)
    g_camera_frame_index                     0x2020010c   Data           1  bsp_camera_usart.o(.bss.g_camera_frame_index)
    [Anonymous Symbol]                       0x2020010c   Section        0  bsp_camera_usart.o(.bss.g_camera_frame_index)
    g_camera_has_seq                         0x2020010d   Data           1  bsp_camera_usart.o(.bss.g_camera_has_seq)
    [Anonymous Symbol]                       0x2020010d   Section        0  bsp_camera_usart.o(.bss.g_camera_has_seq)
    g_camera_parse_state                     0x2020010e   Data           1  bsp_camera_usart.o(.bss.g_camera_parse_state)
    [Anonymous Symbol]                       0x2020010e   Section        0  bsp_camera_usart.o(.bss.g_camera_parse_state)
    g_camera_time_ms                         0x20200110   Data           4  bsp_camera_usart.o(.bss.g_camera_time_ms)
    [Anonymous Symbol]                       0x20200110   Section        0  bsp_camera_usart.o(.bss.g_camera_time_ms)
    g_camera_uart_rx_buffer                  0x20200114   Data         128  bsp_camera_usart.o(.bss.g_camera_uart_rx_buffer)
    [Anonymous Symbol]                       0x20200114   Section        0  bsp_camera_usart.o(.bss.g_camera_uart_rx_buffer)
    g_camera_uart_rx_head                    0x20200194   Data           2  bsp_camera_usart.o(.bss.g_camera_uart_rx_head)
    [Anonymous Symbol]                       0x20200194   Section        0  bsp_camera_usart.o(.bss.g_camera_uart_rx_head)
    g_camera_uart_rx_overflow_count          0x20200198   Data           4  bsp_camera_usart.o(.bss.g_camera_uart_rx_overflow_count)
    [Anonymous Symbol]                       0x20200198   Section        0  bsp_camera_usart.o(.bss.g_camera_uart_rx_overflow_count)
    g_camera_uart_rx_tail                    0x2020019c   Data           2  bsp_camera_usart.o(.bss.g_camera_uart_rx_tail)
    [Anonymous Symbol]                       0x2020019c   Section        0  bsp_camera_usart.o(.bss.g_camera_uart_rx_tail)
    g_oled_timer_running                     0x2020019e   Data           1  oled_timer_test.o(.bss.g_oled_timer_running)
    [Anonymous Symbol]                       0x2020019e   Section        0  oled_timer_test.o(.bss.g_oled_timer_running)
    g_oled_timer_start_ms                    0x202001a0   Data           4  oled_timer_test.o(.bss.g_oled_timer_start_ms)
    [Anonymous Symbol]                       0x202001a0   Section        0  oled_timer_test.o(.bss.g_oled_timer_start_ms)
    g_vision_servo_last_update_ms            0x202003a8   Data           4  vision_servo_test.o(.bss.g_vision_servo_last_update_ms)
    [Anonymous Symbol]                       0x202003a8   Section        0  vision_servo_test.o(.bss.g_vision_servo_last_update_ms)
    STACK                                    0x20200460   Section     1024  startup_mspm0g350x_uvision.o(STACK)

    Global Symbols

    Symbol Name                              Value     Ov Type        Size  Object(Section)

    BuildAttributes$$THM_ISAv3M$S$PE$A:L22$X:L11$S22$IEEE1$IW$~IW$USESV6$~STKCKD$USESV7$~SHL$OTIME$ROPI$IEEEJ$EBA8$MICROLIB$REQ8$PRES8$EABIv2 0x00000000   Number         0  anon$$obj.o ABSOLUTE
    __Vectors                                0x00000000   Data           4  startup_mspm0g350x_uvision.o(RESET)
    __cpp_initialize__aeabi_                  - Undefined Weak Reference
    __cxa_finalize                            - Undefined Weak Reference
    __decompress                              - Undefined Weak Reference
    _clock_init                               - Undefined Weak Reference
    _microlib_exit                            - Undefined Weak Reference
    __Vectors_End                            0x000000c0   Data           0  startup_mspm0g350x_uvision.o(RESET)
    __Vectors_Size                           0x000000c0   Number         0  startup_mspm0g350x_uvision.o ABSOLUTE
    __main                                   0x000000c1   Thumb Code     0  entry.o(.ARM.Collect$$$$00000000)
    _main_stk                                0x000000c1   Thumb Code     0  entry2.o(.ARM.Collect$$$$00000001)
    _main_scatterload                        0x000000c5   Thumb Code     0  entry5.o(.ARM.Collect$$$$00000004)
    __main_after_scatterload                 0x000000c9   Thumb Code     0  entry5.o(.ARM.Collect$$$$00000004)
    _main_clock                              0x000000c9   Thumb Code     0  entry7b.o(.ARM.Collect$$$$00000008)
    _main_cpp_init                           0x000000c9   Thumb Code     0  entry8b.o(.ARM.Collect$$$$0000000A)
    _main_init                               0x000000c9   Thumb Code     0  entry9a.o(.ARM.Collect$$$$0000000B)
    __rt_final_cpp                           0x000000d1   Thumb Code     0  entry10a.o(.ARM.Collect$$$$0000000D)
    __rt_final_exit                          0x000000d1   Thumb Code     0  entry11a.o(.ARM.Collect$$$$0000000F)
    Reset_Handler                            0x000000d5   Thumb Code     4  startup_mspm0g350x_uvision.o(.text)
    NMI_Handler                              0x000000d9   Thumb Code     2  startup_mspm0g350x_uvision.o(.text)
    HardFault_Handler                        0x000000db   Thumb Code     2  startup_mspm0g350x_uvision.o(.text)
    SVC_Handler                              0x000000dd   Thumb Code     2  startup_mspm0g350x_uvision.o(.text)
    PendSV_Handler                           0x000000df   Thumb Code     2  startup_mspm0g350x_uvision.o(.text)
    SysTick_Handler                          0x000000e1   Thumb Code     2  startup_mspm0g350x_uvision.o(.text)
    ADC0_IRQHandler                          0x000000e3   Thumb Code     0  startup_mspm0g350x_uvision.o(.text)
    ADC1_IRQHandler                          0x000000e3   Thumb Code     0  startup_mspm0g350x_uvision.o(.text)
    AES_IRQHandler                           0x000000e3   Thumb Code     0  startup_mspm0g350x_uvision.o(.text)
    CANFD0_IRQHandler                        0x000000e3   Thumb Code     0  startup_mspm0g350x_uvision.o(.text)
    DAC0_IRQHandler                          0x000000e3   Thumb Code     0  startup_mspm0g350x_uvision.o(.text)
    DMA_IRQHandler                           0x000000e3   Thumb Code     0  startup_mspm0g350x_uvision.o(.text)
    Default_Handler                          0x000000e3   Thumb Code     2  startup_mspm0g350x_uvision.o(.text)
    GROUP0_IRQHandler                        0x000000e3   Thumb Code     0  startup_mspm0g350x_uvision.o(.text)
    GROUP1_IRQHandler                        0x000000e3   Thumb Code     0  startup_mspm0g350x_uvision.o(.text)
    I2C0_IRQHandler                          0x000000e3   Thumb Code     0  startup_mspm0g350x_uvision.o(.text)
    I2C1_IRQHandler                          0x000000e3   Thumb Code     0  startup_mspm0g350x_uvision.o(.text)
    RTC_IRQHandler                           0x000000e3   Thumb Code     0  startup_mspm0g350x_uvision.o(.text)
    SPI0_IRQHandler                          0x000000e3   Thumb Code     0  startup_mspm0g350x_uvision.o(.text)
    SPI1_IRQHandler                          0x000000e3   Thumb Code     0  startup_mspm0g350x_uvision.o(.text)
    TIMA0_IRQHandler                         0x000000e3   Thumb Code     0  startup_mspm0g350x_uvision.o(.text)
    TIMA1_IRQHandler                         0x000000e3   Thumb Code     0  startup_mspm0g350x_uvision.o(.text)
    TIMG0_IRQHandler                         0x000000e3   Thumb Code     0  startup_mspm0g350x_uvision.o(.text)
    TIMG6_IRQHandler                         0x000000e3   Thumb Code     0  startup_mspm0g350x_uvision.o(.text)
    TIMG7_IRQHandler                         0x000000e3   Thumb Code     0  startup_mspm0g350x_uvision.o(.text)
    TIMG8_IRQHandler                         0x000000e3   Thumb Code     0  startup_mspm0g350x_uvision.o(.text)
    UART2_IRQHandler                         0x000000e3   Thumb Code     0  startup_mspm0g350x_uvision.o(.text)
    __aeabi_memcpy                           0x000000e9   Thumb Code    36  memcpya.o(.text)
    __aeabi_memcpy4                          0x000000e9   Thumb Code     0  memcpya.o(.text)
    __aeabi_memcpy8                          0x000000e9   Thumb Code     0  memcpya.o(.text)
    __aeabi_memset                           0x0000010d   Thumb Code    14  memseta.o(.text)
    __aeabi_memset4                          0x0000010d   Thumb Code     0  memseta.o(.text)
    __aeabi_memset8                          0x0000010d   Thumb Code     0  memseta.o(.text)
    __aeabi_memclr                           0x0000011b   Thumb Code     4  memseta.o(.text)
    __aeabi_memclr4                          0x0000011b   Thumb Code     0  memseta.o(.text)
    __aeabi_memclr8                          0x0000011b   Thumb Code     0  memseta.o(.text)
    _memset$wrapper                          0x0000011f   Thumb Code    18  memseta.o(.text)
    __aeabi_fmul                             0x00000131   Thumb Code   122  fmul.o(.text)
    __aeabi_i2f                              0x000001ab   Thumb Code    22  fflti.o(.text)
    __aeabi_f2iz                             0x000001c1   Thumb Code    50  ffixi.o(.text)
    __aeabi_uidiv                            0x000001f3   Thumb Code     0  uidiv_div0.o(.text)
    __aeabi_uidivmod                         0x000001f3   Thumb Code    62  uidiv_div0.o(.text)
    __aeabi_uldivmod                         0x00000231   Thumb Code    96  uldiv.o(.text)
    __I$use$fp                               0x00000291   Thumb Code     0  iusefp.o(.text)
    _float_round                             0x00000291   Thumb Code    16  fepilogue.o(.text)
    _float_epilogue                          0x000002a1   Thumb Code   114  fepilogue.o(.text)
    __aeabi_dadd                             0x00000315   Thumb Code   328  dadd.o(.text)
    __aeabi_dsub                             0x0000045d   Thumb Code    12  dadd.o(.text)
    __aeabi_drsub                            0x00000469   Thumb Code    12  dadd.o(.text)
    __aeabi_dmul                             0x00000479   Thumb Code   202  dmul.o(.text)
    __aeabi_ddiv                             0x00000549   Thumb Code   234  ddiv.o(.text)
    __aeabi_d2ulz                            0x00000639   Thumb Code    54  dfixul.o(.text)
    __aeabi_cdrcmple                         0x00000679   Thumb Code    38  cdrcmple.o(.text)
    __scatterload                            0x000006a1   Thumb Code    38  init.o(.text)
    __scatterload_rt2                        0x000006a1   Thumb Code     0  init.o(.text)
    __aeabi_llsl                             0x000006d1   Thumb Code    32  llshl.o(.text)
    _ll_shift_l                              0x000006d1   Thumb Code     0  llshl.o(.text)
    __aeabi_llsr                             0x000006f1   Thumb Code    34  llushr.o(.text)
    _ll_ushift_r                             0x000006f1   Thumb Code     0  llushr.o(.text)
    __aeabi_lasr                             0x00000713   Thumb Code    38  llsshr.o(.text)
    _ll_sshift_r                             0x00000713   Thumb Code     0  llsshr.o(.text)
    _double_round                            0x00000739   Thumb Code    26  depilogue.o(.text)
    _double_epilogue                         0x00000753   Thumb Code   164  depilogue.o(.text)
    Camera_Vision_GetTimeMs                  0x00000b49   Thumb Code     8  bsp_camera_usart.o(.text.Camera_Vision_GetTimeMs)
    Camera_Vision_Init                       0x00000b51   Thumb Code   120  bsp_camera_usart.o(.text.Camera_Vision_Init)
    Camera_Vision_IsUsable                   0x00000bcd   Thumb Code    60  bsp_camera_usart.o(.text.Camera_Vision_IsUsable)
    Camera_Vision_Process                    0x00000c0d   Thumb Code    72  bsp_camera_usart.o(.text.Camera_Vision_Process)
    DL_Common_delayCycles                    0x00000c69   Thumb Code    20  dl_common.o(.text.DL_Common_delayCycles)
    DL_I2C_fillControllerTXFIFO              0x00000ed1   Thumb Code    84  dl_i2c.o(.text.DL_I2C_fillControllerTXFIFO)
    DL_I2C_flushControllerTXFIFO             0x00000f25   Thumb Code    38  dl_i2c.o(.text.DL_I2C_flushControllerTXFIFO)
    DL_I2C_setClockConfig                    0x00000fed   Thumb Code    48  dl_i2c.o(.text.DL_I2C_setClockConfig)
    DL_Timer_initFourCCPWMMode               0x00001221   Thumb Code   232  dl_timer.o(.text.DL_Timer_initFourCCPWMMode)
    DL_Timer_initTimerMode                   0x00001309   Thumb Code   252  dl_timer.o(.text.DL_Timer_initTimerMode)
    DL_Timer_setCaptCompUpdateMethod         0x00001545   Thumb Code    48  dl_timer.o(.text.DL_Timer_setCaptCompUpdateMethod)
    DL_Timer_setCaptureCompareAction         0x00001575   Thumb Code    44  dl_timer.o(.text.DL_Timer_setCaptureCompareAction)
    DL_Timer_setCaptureCompareCtl            0x000015a9   Thumb Code    52  dl_timer.o(.text.DL_Timer_setCaptureCompareCtl)
    DL_Timer_setCaptureCompareInput          0x000015e5   Thumb Code    52  dl_timer.o(.text.DL_Timer_setCaptureCompareInput)
    DL_Timer_setCaptureCompareOutCtl         0x00001619   Thumb Code    60  dl_timer.o(.text.DL_Timer_setCaptureCompareOutCtl)
    DL_Timer_setCaptureCompareValue          0x00001659   Thumb Code    40  dl_timer.o(.text.DL_Timer_setCaptureCompareValue)
    DL_Timer_setClockConfig                  0x00001685   Thumb Code    44  dl_timer.o(.text.DL_Timer_setClockConfig)
    DL_UART_init                             0x000017ad   Thumb Code    68  dl_uart.o(.text.DL_UART_init)
    DL_UART_setClockConfig                   0x000018a5   Thumb Code    32  dl_uart.o(.text.DL_UART_setClockConfig)
    Deal_Control_Rxtemp                      0x000018fd   Thumb Code   152  app_motor_usart.o(.text.Deal_Control_Rxtemp)
    I2C_WriteByte                            0x000019a9   Thumb Code   108  oled.o(.text.I2C_WriteByte)
    Key_GetEvent                             0x00001a19   Thumb Code    96  key.o(.text.Key_GetEvent)
    OLED_Fill                                0x00001b15   Thumb Code   104  oled.o(.text.OLED_Fill)
    OLED_Init                                0x00001b7d   Thumb Code   188  oled.o(.text.OLED_Init)
    OLED_SetPos                              0x00001c39   Thumb Code    54  oled.o(.text.OLED_SetPos)
    Oled_Timer_Test_Init                     0x00001e1d   Thumb Code    32  oled_timer_test.o(.text.Oled_Timer_Test_Init)
    Oled_Timer_Test_Update                   0x00001e3d   Thumb Code   112  oled_timer_test.o(.text.Oled_Timer_Test_Update)
    SYSCFG_DL_GPIO_init                      0x00001ebd   Thumb Code   284  ti_msp_dl_config.o(.text.SYSCFG_DL_GPIO_init)
    SYSCFG_DL_I2C_0_init                     0x00001fd9   Thumb Code    80  ti_msp_dl_config.o(.text.SYSCFG_DL_I2C_0_init)
    SYSCFG_DL_SERVO_PWM_init                 0x0000202d   Thumb Code    80  ti_msp_dl_config.o(.text.SYSCFG_DL_SERVO_PWM_init)
    SYSCFG_DL_SYSCTL_init                    0x00002089   Thumb Code    34  ti_msp_dl_config.o(.text.SYSCFG_DL_SYSCTL_init)
    SYSCFG_DL_SYSTICK_init                   0x000020ab   Thumb Code    14  ti_msp_dl_config.o(.text.SYSCFG_DL_SYSTICK_init)
    SYSCFG_DL_UART_0_init                    0x000020b9   Thumb Code    60  ti_msp_dl_config.o(.text.SYSCFG_DL_UART_0_init)
    SYSCFG_DL_UART_1_init                    0x000020fd   Thumb Code    60  ti_msp_dl_config.o(.text.SYSCFG_DL_UART_1_init)
    SYSCFG_DL_UART_3_init                    0x00002141   Thumb Code    60  ti_msp_dl_config.o(.text.SYSCFG_DL_UART_3_init)
    SYSCFG_DL_init                           0x00002185   Thumb Code    56  ti_msp_dl_config.o(.text.SYSCFG_DL_init)
    SYSCFG_DL_initPower                      0x000021c5   Thumb Code   112  ti_msp_dl_config.o(.text.SYSCFG_DL_initPower)
    Servo_Init                               0x00002241   Thumb Code    16  servo.o(.text.Servo_Init)
    Servo_SetAngle                           0x00002251   Thumb Code    72  servo.o(.text.Servo_SetAngle)
    TIMG12_IRQHandler                        0x000022a1   Thumb Code    28  bsp_camera_usart.o(.text.TIMG12_IRQHandler)
    UART0_IRQHandler                         0x000022c5   Thumb Code    80  usart.o(.text.UART0_IRQHandler)
    UART1_IRQHandler                         0x00002325   Thumb Code    48  bsp_motor_usart.o(.text.UART1_IRQHandler)
    UART3_IRQHandler                         0x00002359   Thumb Code    88  bsp_camera_usart.o(.text.UART3_IRQHandler)
    USART_Init                               0x000023c5   Thumb Code    54  usart.o(.text.USART_Init)
    Vision_Servo_Test_Init                   0x000023fb   Thumb Code    14  vision_servo_test.o(.text.Vision_Servo_Test_Init)
    Vision_Servo_Test_Update                 0x00002409   Thumb Code   208  vision_servo_test.o(.text.Vision_Servo_Test_Update)
    WriteCmd                                 0x000024f1   Thumb Code    22  oled.o(.text.WriteCmd)
    WriteData                                0x00002507   Thumb Code    22  oled.o(.text.WriteData)
    delay_ms                                 0x000025c5   Thumb Code    22  delay.o(.text.delay_ms)
    delay_us                                 0x000025dd   Thumb Code   108  delay.o(.text.delay_us)
    fputc                                    0x00002651   Thumb Code    40  usart.o(.text.fputc)
    main                                     0x0000267d   Thumb Code    52  empty.o(.text.main)
    __0printf                                0x000026b5   Thumb Code    24  printfa.o(i.__0printf)
    __1printf                                0x000026b5   Thumb Code     0  printfa.o(i.__0printf)
    __2printf                                0x000026b5   Thumb Code     0  printfa.o(i.__0printf)
    __c89printf                              0x000026b5   Thumb Code     0  printfa.o(i.__0printf)
    printf                                   0x000026b5   Thumb Code     0  printfa.o(i.__0printf)
    __ARM_clz                                0x000026d5   Thumb Code    46  depilogue.o(i.__ARM_clz)
    __scatterload_copy                       0x00002709   Thumb Code    14  handlers.o(i.__scatterload_copy)
    __scatterload_null                       0x00002719   Thumb Code     2  handlers.o(i.__scatterload_null)
    __scatterload_zeroinit                   0x00002721   Thumb Code    14  handlers.o(i.__scatterload_zeroinit)
    F8X16                                    0x00002fdc   Data        1520  oled.o(.rodata.F8X16)
    Region$$Table$$Base                      0x00003714   Number         0  anon$$obj.o(Region$$Table)
    Region$$Table$$Limit                     0x00003734   Number         0  anon$$obj.o(Region$$Table)
    __stdout                                 0x20200000   Data           4  stdout.o(.data)
    gSERVO_PWMBackup                         0x20200018   Data         188  ti_msp_dl_config.o(.bss.gSERVO_PWMBackup)
    gUART_3Backup                            0x202000d4   Data          48  ti_msp_dl_config.o(.bss.gUART_3Backup)
    g_recv_buff                              0x202001a4   Data         256  app_motor_usart.o(.bss.g_recv_buff)
    g_recv_buff_deal                         0x202002a4   Data         256  app_motor_usart.o(.bss.g_recv_buff_deal)
    g_recv_flag                              0x202003a4   Data           1  app_motor_usart.o(.bss.g_recv_flag)
    recv0_buff                               0x202003ac   Data         128  usart.o(.bss.recv0_buff)
    recv0_flag                               0x2020042c   Data           1  usart.o(.bss.recv0_flag)
    recv0_length                             0x2020042e   Data           2  usart.o(.bss.recv0_length)
    vision                                   0x20200430   Data          48  bsp_camera_usart.o(.bss.vision)
    __initial_sp                             0x20200860   Data           0  startup_mspm0g350x_uvision.o(STACK)



==============================================================================

Memory Map of the image

  Image Entry point : 0x000000c1

  Load Region LR_IROM1 (Base: 0x00000000, Size: 0x00003748, Max: 0x00020000, ABSOLUTE)

    Execution Region ER_IROM1 (Exec base: 0x00000000, Load base: 0x00000000, Size: 0x00003734, Max: 0x00020000, ABSOLUTE)

    Exec Addr    Load Addr    Size         Type   Attr      Idx    E Section Name        Object

    0x00000000   0x00000000   0x000000c0   Data   RO           13    RESET               startup_mspm0g350x_uvision.o
    0x000000c0   0x000000c0   0x00000000   Code   RO         1572  * .ARM.Collect$$$$00000000  mc_p.l(entry.o)
    0x000000c0   0x000000c0   0x00000004   Code   RO         1641    .ARM.Collect$$$$00000001  mc_p.l(entry2.o)
    0x000000c4   0x000000c4   0x00000004   Code   RO         1644    .ARM.Collect$$$$00000004  mc_p.l(entry5.o)
    0x000000c8   0x000000c8   0x00000000   Code   RO         1646    .ARM.Collect$$$$00000008  mc_p.l(entry7b.o)
    0x000000c8   0x000000c8   0x00000000   Code   RO         1648    .ARM.Collect$$$$0000000A  mc_p.l(entry8b.o)
    0x000000c8   0x000000c8   0x00000008   Code   RO         1649    .ARM.Collect$$$$0000000B  mc_p.l(entry9a.o)
    0x000000d0   0x000000d0   0x00000000   Code   RO         1651    .ARM.Collect$$$$0000000D  mc_p.l(entry10a.o)
    0x000000d0   0x000000d0   0x00000000   Code   RO         1653    .ARM.Collect$$$$0000000F  mc_p.l(entry11a.o)
    0x000000d0   0x000000d0   0x00000004   Code   RO         1642    .ARM.Collect$$$$00002712  mc_p.l(entry2.o)
    0x000000d4   0x000000d4   0x00000014   Code   RO           14    .text               startup_mspm0g350x_uvision.o
    0x000000e8   0x000000e8   0x00000024   Code   RO         1579    .text               mc_p.l(memcpya.o)
    0x0000010c   0x0000010c   0x00000024   Code   RO         1581    .text               mc_p.l(memseta.o)
    0x00000130   0x00000130   0x0000007a   Code   RO         1629    .text               mf_p.l(fmul.o)
    0x000001aa   0x000001aa   0x00000016   Code   RO         1633    .text               mf_p.l(fflti.o)
    0x000001c0   0x000001c0   0x00000032   Code   RO         1635    .text               mf_p.l(ffixi.o)
    0x000001f2   0x000001f2   0x0000003e   Code   RO         1658    .text               mc_p.l(uidiv_div0.o)
    0x00000230   0x00000230   0x00000060   Code   RO         1664    .text               mc_p.l(uldiv.o)
    0x00000290   0x00000290   0x00000000   Code   RO         1677    .text               mc_p.l(iusefp.o)
    0x00000290   0x00000290   0x00000082   Code   RO         1678    .text               mf_p.l(fepilogue.o)
    0x00000312   0x00000312   0x00000002   PAD
    0x00000314   0x00000314   0x00000164   Code   RO         1680    .text               mf_p.l(dadd.o)
    0x00000478   0x00000478   0x000000d0   Code   RO         1682    .text               mf_p.l(dmul.o)
    0x00000548   0x00000548   0x000000f0   Code   RO         1684    .text               mf_p.l(ddiv.o)
    0x00000638   0x00000638   0x00000040   Code   RO         1686    .text               mf_p.l(dfixul.o)
    0x00000678   0x00000678   0x00000028   Code   RO         1688    .text               mf_p.l(cdrcmple.o)
    0x000006a0   0x000006a0   0x00000030   Code   RO         1690    .text               mc_p.l(init.o)
    0x000006d0   0x000006d0   0x00000020   Code   RO         1692    .text               mc_p.l(llshl.o)
    0x000006f0   0x000006f0   0x00000022   Code   RO         1694    .text               mc_p.l(llushr.o)
    0x00000712   0x00000712   0x00000026   Code   RO         1696    .text               mc_p.l(llsshr.o)
    0x00000738   0x00000738   0x000000be   Code   RO         1736    .text               mf_p.l(depilogue.o)
    0x000007f6   0x000007f6   0x00000046   Code   RO         1368    .text.Camera_Checksum  bsp_camera_usart.o
    0x0000083c   0x0000083c   0x00000110   Code   RO         1366    .text.Camera_HandleFrame  bsp_camera_usart.o
    0x0000094c   0x0000094c   0x00000048   Code   RO         1370    .text.Camera_IsNewSequence  bsp_camera_usart.o
    0x00000994   0x00000994   0x000000a8   Code   RO         1336    .text.Camera_ParseByte  bsp_camera_usart.o
    0x00000a3c   0x00000a3c   0x00000018   Code   RO         1326    .text.Camera_ResetParser  bsp_camera_usart.o
    0x00000a54   0x00000a54   0x00000054   Code   RO         1330    .text.Camera_Time_Init  bsp_camera_usart.o
    0x00000aa8   0x00000aa8   0x00000026   Code   RO         1334    .text.Camera_Uart_NextIndex  bsp_camera_usart.o
    0x00000ace   0x00000ace   0x00000002   PAD
    0x00000ad0   0x00000ad0   0x00000078   Code   RO         1372    .text.Camera_UpdateSequence  bsp_camera_usart.o
    0x00000b48   0x00000b48   0x00000008   Code   RO         1338    .text.Camera_Vision_GetTimeMs  bsp_camera_usart.o
    0x00000b50   0x00000b50   0x0000007c   Code   RO         1328    .text.Camera_Vision_Init  bsp_camera_usart.o
    0x00000bcc   0x00000bcc   0x00000040   Code   RO         1340    .text.Camera_Vision_IsUsable  bsp_camera_usart.o
    0x00000c0c   0x00000c0c   0x0000005c   Code   RO         1332    .text.Camera_Vision_Process  bsp_camera_usart.o
    0x00000c68   0x00000c68   0x00000014   Code   RO          192    .text.DL_Common_delayCycles  dl_common.o
    0x00000c7c   0x00000c7c   0x00000028   Code   RO          119    .text.DL_Common_updateReg  ti_msp_dl_config.o
    0x00000ca4   0x00000ca4   0x00000028   Code   RO          493    .text.DL_Common_updateReg  dl_i2c.o
    0x00000ccc   0x00000ccc   0x00000028   Code   RO         1081    .text.DL_Common_updateReg  dl_timer.o
    0x00000cf4   0x00000cf4   0x00000028   Code   RO         1187    .text.DL_Common_updateReg  dl_uart.o
    0x00000d1c   0x00000d1c   0x00000028   Code   RO         1432    .text.DL_Common_updateReg  oled.o
    0x00000d44   0x00000d44   0x00000014   Code   RO           75    .text.DL_GPIO_clearPins  ti_msp_dl_config.o
    0x00000d58   0x00000d58   0x00000018   Code   RO           67    .text.DL_GPIO_enableHiZ  ti_msp_dl_config.o
    0x00000d70   0x00000d70   0x00000018   Code   RO           63    .text.DL_GPIO_enableOutput  ti_msp_dl_config.o
    0x00000d88   0x00000d88   0x00000014   Code   RO           53    .text.DL_GPIO_enablePower  ti_msp_dl_config.o
    0x00000d9c   0x00000d9c   0x00000030   Code   RO           71    .text.DL_GPIO_initDigitalInputFeatures  ti_msp_dl_config.o
    0x00000dcc   0x00000dcc   0x00000014   Code   RO           73    .text.DL_GPIO_initDigitalOutput  ti_msp_dl_config.o
    0x00000de0   0x00000de0   0x00000018   Code   RO           69    .text.DL_GPIO_initPeripheralInputFunction  ti_msp_dl_config.o
    0x00000df8   0x00000df8   0x00000038   Code   RO           65    .text.DL_GPIO_initPeripheralInputFunctionFeatures  ti_msp_dl_config.o
    0x00000e30   0x00000e30   0x0000001c   Code   RO           61    .text.DL_GPIO_initPeripheralOutputFunction  ti_msp_dl_config.o
    0x00000e4c   0x00000e4c   0x00000016   Code   RO         1271    .text.DL_GPIO_readPins  key.o
    0x00000e62   0x00000e62   0x00000002   PAD
    0x00000e64   0x00000e64   0x00000010   Code   RO           45    .text.DL_GPIO_reset  ti_msp_dl_config.o
    0x00000e74   0x00000e74   0x00000018   Code   RO           93    .text.DL_I2C_enableAnalogGlitchFilter  ti_msp_dl_config.o
    0x00000e8c   0x00000e8c   0x00000014   Code   RO          105    .text.DL_I2C_enableController  ti_msp_dl_config.o
    0x00000ea0   0x00000ea0   0x00000018   Code   RO          103    .text.DL_I2C_enableControllerClockStretching  ti_msp_dl_config.o
    0x00000eb8   0x00000eb8   0x00000018   Code   RO           57    .text.DL_I2C_enablePower  ti_msp_dl_config.o
    0x00000ed0   0x00000ed0   0x00000054   Code   RO          497    .text.DL_I2C_fillControllerTXFIFO  dl_i2c.o
    0x00000f24   0x00000f24   0x00000026   Code   RO          503    .text.DL_I2C_flushControllerTXFIFO  dl_i2c.o
    0x00000f4a   0x00000f4a   0x00000002   PAD
    0x00000f4c   0x00000f4c   0x00000014   Code   RO         1410    .text.DL_I2C_getControllerStatus  oled.o
    0x00000f60   0x00000f60   0x00000020   Code   RO          507    .text.DL_I2C_isControllerTXFIFOEmpty  dl_i2c.o
    0x00000f80   0x00000f80   0x0000001c   Code   RO          499    .text.DL_I2C_isControllerTXFIFOFull  dl_i2c.o
    0x00000f9c   0x00000f9c   0x00000018   Code   RO           49    .text.DL_I2C_reset  ti_msp_dl_config.o
    0x00000fb4   0x00000fb4   0x00000010   Code   RO           95    .text.DL_I2C_resetControllerTransfer  ti_msp_dl_config.o
    0x00000fc4   0x00000fc4   0x00000026   Code   RO           91    .text.DL_I2C_setAnalogGlitchFilterPulseWidth  ti_msp_dl_config.o
    0x00000fea   0x00000fea   0x00000002   PAD
    0x00000fec   0x00000fec   0x00000034   Code   RO          491    .text.DL_I2C_setClockConfig  dl_i2c.o
    0x00001020   0x00001020   0x00000024   Code   RO          101    .text.DL_I2C_setControllerRXFIFOThreshold  ti_msp_dl_config.o
    0x00001044   0x00001044   0x00000024   Code   RO           99    .text.DL_I2C_setControllerTXFIFOThreshold  ti_msp_dl_config.o
    0x00001068   0x00001068   0x00000018   Code   RO           97    .text.DL_I2C_setTimerPeriod  ti_msp_dl_config.o
    0x00001080   0x00001080   0x00000050   Code   RO         1412    .text.DL_I2C_startControllerTransfer  oled.o
    0x000010d0   0x000010d0   0x00000014   Code   RO          505    .text.DL_I2C_startFlushControllerTXFIFO  dl_i2c.o
    0x000010e4   0x000010e4   0x00000018   Code   RO          509    .text.DL_I2C_stopFlushControllerTXFIFO  dl_i2c.o
    0x000010fc   0x000010fc   0x00000016   Code   RO          501    .text.DL_I2C_transmitControllerData  dl_i2c.o
    0x00001112   0x00001112   0x00000002   PAD
    0x00001114   0x00001114   0x0000000c   Code   RO           81    .text.DL_SYSCTL_disableHFXT  ti_msp_dl_config.o
    0x00001120   0x00001120   0x00000014   Code   RO           83    .text.DL_SYSCTL_disableSYSPLL  ti_msp_dl_config.o
    0x00001134   0x00001134   0x00000014   Code   RO           85    .text.DL_SYSCTL_enableMFCLK  ti_msp_dl_config.o
    0x00001148   0x00001148   0x00000018   Code   RO           77    .text.DL_SYSCTL_setBORThreshold  ti_msp_dl_config.o
    0x00001160   0x00001160   0x0000001c   Code   RO           79    .text.DL_SYSCTL_setSYSOSCFreq  ti_msp_dl_config.o
    0x0000117c   0x0000117c   0x0000000c   Code   RO          117    .text.DL_SYSTICK_enable  ti_msp_dl_config.o
    0x00001188   0x00001188   0x00000028   Code   RO          115    .text.DL_SYSTICK_init  ti_msp_dl_config.o
    0x000011b0   0x000011b0   0x00000014   Code   RO           87    .text.DL_Timer_enableClock  ti_msp_dl_config.o
    0x000011c4   0x000011c4   0x0000001c   Code   RO         1358    .text.DL_Timer_enableInterrupt  bsp_camera_usart.o
    0x000011e0   0x000011e0   0x00000014   Code   RO           55    .text.DL_Timer_enablePower  ti_msp_dl_config.o
    0x000011f4   0x000011f4   0x00000018   Code   RO         1356    .text.DL_Timer_enablePower  bsp_camera_usart.o
    0x0000120c   0x0000120c   0x00000012   Code   RO         1352    .text.DL_Timer_getPendingInterrupt  bsp_camera_usart.o
    0x0000121e   0x0000121e   0x00000002   PAD
    0x00001220   0x00001220   0x000000e8   Code   RO         1147    .text.DL_Timer_initFourCCPWMMode  dl_timer.o
    0x00001308   0x00001308   0x000000fc   Code   RO         1063    .text.DL_Timer_initTimerMode  dl_timer.o
    0x00001404   0x00001404   0x0000010c   Code   RO         1149    .text.DL_Timer_initTwoCCPWMMode  dl_timer.o
    0x00001510   0x00001510   0x00000010   Code   RO           47    .text.DL_Timer_reset  ti_msp_dl_config.o
    0x00001520   0x00001520   0x00000010   Code   RO         1354    .text.DL_Timer_reset  bsp_camera_usart.o
    0x00001530   0x00001530   0x00000014   Code   RO           89    .text.DL_Timer_setCCPDirection  ti_msp_dl_config.o
    0x00001544   0x00001544   0x00000030   Code   RO         1117    .text.DL_Timer_setCaptCompUpdateMethod  dl_timer.o
    0x00001574   0x00001574   0x00000034   Code   RO         1125    .text.DL_Timer_setCaptureCompareAction  dl_timer.o
    0x000015a8   0x000015a8   0x0000003c   Code   RO         1071    .text.DL_Timer_setCaptureCompareCtl  dl_timer.o
    0x000015e4   0x000015e4   0x00000034   Code   RO         1077    .text.DL_Timer_setCaptureCompareInput  dl_timer.o
    0x00001618   0x00001618   0x00000040   Code   RO         1121    .text.DL_Timer_setCaptureCompareOutCtl  dl_timer.o
    0x00001658   0x00001658   0x0000002c   Code   RO         1069    .text.DL_Timer_setCaptureCompareValue  dl_timer.o
    0x00001684   0x00001684   0x00000030   Code   RO         1059    .text.DL_Timer_setClockConfig  dl_timer.o
    0x000016b4   0x000016b4   0x0000001c   Code   RO         1067    .text.DL_Timer_setCounterValueAfterEnable  dl_timer.o
    0x000016d0   0x000016d0   0x00000018   Code   RO         1065    .text.DL_Timer_setLoadValue  dl_timer.o
    0x000016e8   0x000016e8   0x00000014   Code   RO         1285    .text.DL_Timer_startCounter  servo.o
    0x000016fc   0x000016fc   0x00000018   Code   RO         1364    .text.DL_Timer_startCounter  bsp_camera_usart.o
    0x00001714   0x00001714   0x00000016   Code   RO         1185    .text.DL_UART_disable  dl_uart.o
    0x0000172a   0x0000172a   0x00000016   Code   RO          113    .text.DL_UART_enable  ti_msp_dl_config.o
    0x00001740   0x00001740   0x0000001c   Code   RO          111    .text.DL_UART_enableInterrupt  ti_msp_dl_config.o
    0x0000175c   0x0000175c   0x00000018   Code   RO           59    .text.DL_UART_enablePower  ti_msp_dl_config.o
    0x00001774   0x00001774   0x00000012   Code   RO         1310    .text.DL_UART_getPendingInterrupt  usart.o
    0x00001786   0x00001786   0x00000012   Code   RO         1346    .text.DL_UART_getPendingInterrupt  bsp_camera_usart.o
    0x00001798   0x00001798   0x00000012   Code   RO         1515    .text.DL_UART_getPendingInterrupt  bsp_motor_usart.o
    0x000017aa   0x000017aa   0x00000002   PAD
    0x000017ac   0x000017ac   0x00000048   Code   RO         1183    .text.DL_UART_init  dl_uart.o
    0x000017f4   0x000017f4   0x00000018   Code   RO         1302    .text.DL_UART_isBusy  usart.o
    0x0000180c   0x0000180c   0x00000010   Code   RO         1312    .text.DL_UART_receiveData  usart.o
    0x0000181c   0x0000181c   0x00000010   Code   RO         1348    .text.DL_UART_receiveData  bsp_camera_usart.o
    0x0000182c   0x0000182c   0x00000014   Code   RO         1517    .text.DL_UART_receiveData  bsp_motor_usart.o
    0x00001840   0x00001840   0x00000018   Code   RO           51    .text.DL_UART_reset  ti_msp_dl_config.o
    0x00001858   0x00001858   0x0000004c   Code   RO          109    .text.DL_UART_setBaudRateDivisor  ti_msp_dl_config.o
    0x000018a4   0x000018a4   0x00000024   Code   RO         1189    .text.DL_UART_setClockConfig  dl_uart.o
    0x000018c8   0x000018c8   0x0000001e   Code   RO          107    .text.DL_UART_setOversampling  ti_msp_dl_config.o
    0x000018e6   0x000018e6   0x00000016   Code   RO         1304    .text.DL_UART_transmitData  usart.o
    0x000018fc   0x000018fc   0x000000ac   Code   RO         1483    .text.Deal_Control_Rxtemp  app_motor_usart.o
    0x000019a8   0x000019a8   0x00000070   Code   RO         1408    .text.I2C_WriteByte  oled.o
    0x00001a18   0x00001a18   0x00000064   Code   RO         1265    .text.Key_GetEvent  key.o
    0x00001a7c   0x00001a7c   0x0000001c   Code   RO         1269    .text.Key_IsPressed  key.o
    0x00001a98   0x00001a98   0x0000007c   Code   RO         1267    .text.Key_ReadPressed  key.o
    0x00001b14   0x00001b14   0x00000068   Code   RO         1422    .text.OLED_Fill     oled.o
    0x00001b7c   0x00001b7c   0x000000bc   Code   RO         1418    .text.OLED_Init     oled.o
    0x00001c38   0x00001c38   0x00000036   Code   RO         1420    .text.OLED_SetPos   oled.o
    0x00001c6e   0x00001c6e   0x00000074   Code   RO         1451    .text.Oled_Timer_ExpandByte  oled_timer_test.o
    0x00001ce2   0x00001ce2   0x00000002   PAD
    0x00001ce4   0x00001ce4   0x00000138   Code   RO         1447    .text.Oled_Timer_Show  oled_timer_test.o
    0x00001e1c   0x00001e1c   0x00000020   Code   RO         1445    .text.Oled_Timer_Test_Init  oled_timer_test.o
    0x00001e3c   0x00001e3c   0x00000080   Code   RO         1449    .text.Oled_Timer_Test_Update  oled_timer_test.o
    0x00001ebc   0x00001ebc   0x0000011c   Code   RO           25    .text.SYSCFG_DL_GPIO_init  ti_msp_dl_config.o
    0x00001fd8   0x00001fd8   0x00000054   Code   RO           31    .text.SYSCFG_DL_I2C_0_init  ti_msp_dl_config.o
    0x0000202c   0x0000202c   0x0000005c   Code   RO           29    .text.SYSCFG_DL_SERVO_PWM_init  ti_msp_dl_config.o
    0x00002088   0x00002088   0x00000022   Code   RO           27    .text.SYSCFG_DL_SYSCTL_init  ti_msp_dl_config.o
    0x000020aa   0x000020aa   0x0000000e   Code   RO           39    .text.SYSCFG_DL_SYSTICK_init  ti_msp_dl_config.o
    0x000020b8   0x000020b8   0x00000044   Code   RO           33    .text.SYSCFG_DL_UART_0_init  ti_msp_dl_config.o
    0x000020fc   0x000020fc   0x00000044   Code   RO           35    .text.SYSCFG_DL_UART_1_init  ti_msp_dl_config.o
    0x00002140   0x00002140   0x00000044   Code   RO           37    .text.SYSCFG_DL_UART_3_init  ti_msp_dl_config.o
    0x00002184   0x00002184   0x00000040   Code   RO           21    .text.SYSCFG_DL_init  ti_msp_dl_config.o
    0x000021c4   0x000021c4   0x0000007c   Code   RO           23    .text.SYSCFG_DL_initPower  ti_msp_dl_config.o
    0x00002240   0x00002240   0x00000010   Code   RO         1281    .text.Servo_Init    servo.o
    0x00002250   0x00002250   0x00000050   Code   RO         1283    .text.Servo_SetAngle  servo.o
    0x000022a0   0x000022a0   0x00000024   Code   RO         1350    .text.TIMG12_IRQHandler  bsp_camera_usart.o
    0x000022c4   0x000022c4   0x00000060   Code   RO         1308    .text.UART0_IRQHandler  usart.o
    0x00002324   0x00002324   0x00000034   Code   RO         1513    .text.UART1_IRQHandler  bsp_motor_usart.o
    0x00002358   0x00002358   0x0000006c   Code   RO         1344    .text.UART3_IRQHandler  bsp_camera_usart.o
    0x000023c4   0x000023c4   0x00000036   Code   RO         1294    .text.USART_Init    usart.o
    0x000023fa   0x000023fa   0x0000000e   Code   RO         1394    .text.Vision_Servo_Test_Init  vision_servo_test.o
    0x00002408   0x00002408   0x000000e8   Code   RO         1396    .text.Vision_Servo_Test_Update  vision_servo_test.o
    0x000024f0   0x000024f0   0x00000016   Code   RO         1414    .text.WriteCmd      oled.o
    0x00002506   0x00002506   0x00000016   Code   RO         1416    .text.WriteData     oled.o
    0x0000251c   0x0000251c   0x00000028   Code   RO         1296    .text.__NVIC_ClearPendingIRQ  usart.o
    0x00002544   0x00002544   0x0000002c   Code   RO         1360    .text.__NVIC_ClearPendingIRQ  bsp_camera_usart.o
    0x00002570   0x00002570   0x00000028   Code   RO         1298    .text.__NVIC_EnableIRQ  usart.o
    0x00002598   0x00002598   0x0000002c   Code   RO         1362    .text.__NVIC_EnableIRQ  bsp_camera_usart.o
    0x000025c4   0x000025c4   0x00000016   Code   RO         1255    .text.delay_ms      delay.o
    0x000025da   0x000025da   0x00000002   PAD
    0x000025dc   0x000025dc   0x00000074   Code   RO         1253    .text.delay_us      delay.o
    0x00002650   0x00002650   0x0000002c   Code   RO         1306    .text.fputc         usart.o
    0x0000267c   0x0000267c   0x00000038   Code   RO            2    .text.main          empty.o
    0x000026b4   0x000026b4   0x00000020   Code   RO         1598    i.__0printf         mc_p.l(printfa.o)
    0x000026d4   0x000026d4   0x0000002e   Code   RO         1738    i.__ARM_clz         mf_p.l(depilogue.o)
    0x00002702   0x00002702   0x00000006   PAD
    0x00002708   0x00002708   0x0000000e   Code   RO         1751    i.__scatterload_copy  mc_p.l(handlers.o)
    0x00002716   0x00002716   0x00000002   PAD
    0x00002718   0x00002718   0x00000002   Code   RO         1752    i.__scatterload_null  mc_p.l(handlers.o)
    0x0000271a   0x0000271a   0x00000006   PAD
    0x00002720   0x00002720   0x0000000e   Code   RO         1753    i.__scatterload_zeroinit  mc_p.l(handlers.o)
    0x0000272e   0x0000272e   0x00000002   PAD
    0x00002730   0x00002730   0x00000174   Code   RO         1605    i._fp_digits        mc_p.l(printfa.o)
    0x000028a4   0x000028a4   0x000006ec   Code   RO         1606    i._printf_core      mc_p.l(printfa.o)
    0x00002f90   0x00002f90   0x00000020   Code   RO         1607    i._printf_post_padding  mc_p.l(printfa.o)
    0x00002fb0   0x00002fb0   0x0000002c   Code   RO         1608    i._printf_pre_padding  mc_p.l(printfa.o)
    0x00002fdc   0x00002fdc   0x000005f0   Data   RO         1436    .rodata.F8X16       oled.o
    0x000035cc   0x000035cc   0x00000002   Data   RO          125    .rodata.gI2C_0ClockConfig  ti_msp_dl_config.o
    0x000035ce   0x000035ce   0x00000003   Data   RO          123    .rodata.gSERVO_PWMClockConfig  ti_msp_dl_config.o
    0x000035d1   0x000035d1   0x00000003   PAD
    0x000035d4   0x000035d4   0x00000008   Data   RO          124    .rodata.gSERVO_PWMConfig  ti_msp_dl_config.o
    0x000035dc   0x000035dc   0x00000002   Data   RO          126    .rodata.gUART_0ClockConfig  ti_msp_dl_config.o
    0x000035de   0x000035de   0x0000000a   Data   RO          127    .rodata.gUART_0Config  ti_msp_dl_config.o
    0x000035e8   0x000035e8   0x00000002   Data   RO          128    .rodata.gUART_1ClockConfig  ti_msp_dl_config.o
    0x000035ea   0x000035ea   0x0000000a   Data   RO          129    .rodata.gUART_1Config  ti_msp_dl_config.o
    0x000035f4   0x000035f4   0x00000002   Data   RO          130    .rodata.gUART_3ClockConfig  ti_msp_dl_config.o
    0x000035f6   0x000035f6   0x0000000a   Data   RO          131    .rodata.gUART_3Config  ti_msp_dl_config.o
    0x00003600   0x00003600   0x00000003   Data   RO         1383    .rodata.g_camera_time_clock_config  bsp_camera_usart.o
    0x00003603   0x00003603   0x00000001   PAD
    0x00003604   0x00003604   0x00000014   Data   RO         1384    .rodata.g_camera_time_timer_config  bsp_camera_usart.o
    0x00003618   0x00003618   0x0000000f   Data   RO            4    .rodata.str1.1      empty.o
    0x00003627   0x00003627   0x000000a9   Data   RO         1386    .rodata.str1.1      bsp_camera_usart.o
    0x000036d0   0x000036d0   0x00000043   Data   RO         1400    .rodata.str1.1      vision_servo_test.o
    0x00003713   0x00003713   0x00000001   PAD
    0x00003714   0x00003714   0x00000020   Data   RO         1750    Region$$Table       anon$$obj.o


    Execution Region RW_IRAM2 (Exec base: 0x20200000, Load base: 0x00003738, Size: 0x00000860, Max: 0x00008000, ABSOLUTE)

    Exec Addr    Load Addr    Size         Type   Attr      Idx    E Section Name        Object

    0x20200000   0x00003738   0x00000004   Data   RW         1655    .data               mc_p.l(stdout.o)
    0x20200004   0x0000373c   0x00000004   Data   RW         1453    .data.g_oled_timer_displayed_seconds  oled_timer_test.o
    0x20200008   0x00003740   0x00000002   Data   RW         1399    .data.g_vision_servo_last_angle  vision_servo_test.o
    0x2020000a   0x00003742   0x00000006   PAD
    0x20200010        -       0x00000001   Zero   RW         1490    .bss.Deal_Control_Rxtemp.start_flag  app_motor_usart.o
    0x20200011   0x00003742   0x00000001   PAD
    0x20200012        -       0x00000002   Zero   RW         1489    .bss.Deal_Control_Rxtemp.step  app_motor_usart.o
    0x20200014        -       0x00000001   Zero   RW         1273    .bss.Key_GetEvent.last_key  key.o
    0x20200015   0x00003742   0x00000003   PAD
    0x20200018        -       0x000000bc   Zero   RW          121    .bss.gSERVO_PWMBackup  ti_msp_dl_config.o
    0x202000d4        -       0x00000030   Zero   RW          122    .bss.gUART_3Backup  ti_msp_dl_config.o
    0x20200104        -       0x00000008   Zero   RW         1385    .bss.g_camera_frame  bsp_camera_usart.o
    0x2020010c        -       0x00000001   Zero   RW         1381    .bss.g_camera_frame_index  bsp_camera_usart.o
    0x2020010d        -       0x00000001   Zero   RW         1382    .bss.g_camera_has_seq  bsp_camera_usart.o
    0x2020010e        -       0x00000001   Zero   RW         1380    .bss.g_camera_parse_state  bsp_camera_usart.o
    0x2020010f   0x00003742   0x00000001   PAD
    0x20200110        -       0x00000004   Zero   RW         1378    .bss.g_camera_time_ms  bsp_camera_usart.o
    0x20200114        -       0x00000080   Zero   RW         1379    .bss.g_camera_uart_rx_buffer  bsp_camera_usart.o
    0x20200194        -       0x00000002   Zero   RW         1375    .bss.g_camera_uart_rx_head  bsp_camera_usart.o
    0x20200196   0x00003742   0x00000002   PAD
    0x20200198        -       0x00000004   Zero   RW         1377    .bss.g_camera_uart_rx_overflow_count  bsp_camera_usart.o
    0x2020019c        -       0x00000002   Zero   RW         1376    .bss.g_camera_uart_rx_tail  bsp_camera_usart.o
    0x2020019e        -       0x00000001   Zero   RW         1454    .bss.g_oled_timer_running  oled_timer_test.o
    0x2020019f   0x00003742   0x00000001   PAD
    0x202001a0        -       0x00000004   Zero   RW         1455    .bss.g_oled_timer_start_ms  oled_timer_test.o
    0x202001a4        -       0x00000100   Zero   RW         1491    .bss.g_recv_buff    app_motor_usart.o
    0x202002a4        -       0x00000100   Zero   RW         1493    .bss.g_recv_buff_deal  app_motor_usart.o
    0x202003a4        -       0x00000001   Zero   RW         1492    .bss.g_recv_flag    app_motor_usart.o
    0x202003a5   0x00003742   0x00000003   PAD
    0x202003a8        -       0x00000004   Zero   RW         1398    .bss.g_vision_servo_last_update_ms  vision_servo_test.o
    0x202003ac        -       0x00000080   Zero   RW         1314    .bss.recv0_buff     usart.o
    0x2020042c        -       0x00000001   Zero   RW         1316    .bss.recv0_flag     usart.o
    0x2020042d   0x00003742   0x00000001   PAD
    0x2020042e        -       0x00000002   Zero   RW         1315    .bss.recv0_length   usart.o
    0x20200430        -       0x00000030   Zero   RW         1374    .bss.vision         bsp_camera_usart.o
    0x20200460        -       0x00000400   Zero   RW           11    STACK               startup_mspm0g350x_uvision.o



  Load Region LR_BCR (Base: 0x41c00000, Size: 0x00000000, Max: 0x00000100, ABSOLUTE)

    Execution Region BCR_CONFIG (Exec base: 0x41c00000, Load base: 0x41c00000, Size: 0x00000000, Max: 0x00000080, ABSOLUTE)

    **** No section assigned to this execution region ****



  Load Region LR_BSL (Base: 0x41c00100, Size: 0x00000000, Max: 0x00000100, ABSOLUTE)

    Execution Region BSL_CONFIG (Exec base: 0x41c00100, Load base: 0x41c00100, Size: 0x00000000, Max: 0x00000080, ABSOLUTE)

    **** No section assigned to this execution region ****


==============================================================================

Image component sizes


      Code (inc. data)   RO Data    RW Data    ZI Data      Debug   Object Name

       172         20          0          0        516       4644   app_motor_usart.o
      1512        124        192          0        199      13969   bsp_camera_usart.o
        90          8          0          0          0       4148   bsp_motor_usart.o
       138          8          0          0          0       1184   delay.o
        20          0          0          0          0        589   dl_common.o
       340         16          0          0          0       7980   dl_i2c.o
      1212        180          0          0          0      23693   dl_timer.o
       170          8          0          0          0      10642   dl_uart.o
        56          4         15          0          0        494   empty.o
       274         12          0          0          1       4188   key.o
       642         24       1520          0          0       5614   oled.o
       588         24          0          4          5       2167   oled_timer_test.o
       116          8          0          0          0       3668   servo.o
        20          4        192          0       1024        624   startup_mspm0g350x_uvision.o
      1922        160         49          0        236      31428   ti_msp_dl_config.o
       354         24          0          0        131       6144   usart.o
       246         24         67          2          4       1417   vision_servo_test.o

    ----------------------------------------------------------------------
      7890        648       2072          8       2132     122593   Object Totals
         0          0         32          0          0          0   (incl. Generated)
        18          0          5          2         16          0   (incl. Padding)

    ----------------------------------------------------------------------

      Code (inc. data)   RO Data    RW Data    ZI Data      Debug   Library Member Name

         0          0          0          0          0          0   entry.o
         0          0          0          0          0          0   entry10a.o
         0          0          0          0          0          0   entry11a.o
         8          4          0          0          0          0   entry2.o
         4          0          0          0          0          0   entry5.o
         0          0          0          0          0          0   entry7b.o
         0          0          0          0          0          0   entry8b.o
         8          4          0          0          0          0   entry9a.o
        30          0          0          0          0          0   handlers.o
        48         10          0          0          0         68   init.o
         0          0          0          0          0          0   iusefp.o
        32          0          0          0          0         68   llshl.o
        38          0          0          0          0         68   llsshr.o
        34          0          0          0          0         68   llushr.o
        36          0          0          0          0         60   memcpya.o
        36          0          0          0          0        100   memseta.o
      2252         98          0          0          0        412   printfa.o
         0          0          0          4          0          0   stdout.o
        62          0          0          0          0         72   uidiv_div0.o
        96          0          0          0          0         84   uldiv.o
        40          2          0          0          0         68   cdrcmple.o
       356          4          0          0          0        140   dadd.o
       240          6          0          0          0         84   ddiv.o
       236          0          0          0          0        216   depilogue.o
        64         10          0          0          0         68   dfixul.o
       208          6          0          0          0         88   dmul.o
       130          0          0          0          0        144   fepilogue.o
        50          0          0          0          0         60   ffixi.o
        22          0          0          0          0         68   fflti.o
       122          0          0          0          0         72   fmul.o

    ----------------------------------------------------------------------
      4170        144          0          4          0       2008   Library Totals
        18          0          0          0          0          0   (incl. Padding)

    ----------------------------------------------------------------------

      Code (inc. data)   RO Data    RW Data    ZI Data      Debug   Library Name

      2684        116          0          4          0       1000   mc_p.l
      1468         28          0          0          0       1008   mf_p.l

    ----------------------------------------------------------------------
      4170        144          0          4          0       2008   Library Totals

    ----------------------------------------------------------------------

==============================================================================


      Code (inc. data)   RO Data    RW Data    ZI Data      Debug   

     12060        792       2072         12       2132     123477   Grand Totals
     12060        792       2072         12       2132     123477   ELF Image Totals
     12060        792       2072         12          0          0   ROM Totals

==============================================================================

    Total RO  Size (Code + RO Data)                14132 (  13.80kB)
    Total RW  Size (RW Data + ZI Data)              2144 (   2.09kB)
    Total ROM Size (Code + RO Data + RW Data)      14144 (  13.81kB)

==============================================================================

